<html>
<body>
<pre>
<h1>µVision Build Log</h1>
<h2>Tool Versions:</h2>
IDE-Version: ¦ÌVision V5.39.0.0
Copyright (C) 2023 ARM Ltd and ARM Germany GmbH. All rights reserved.
License Information: a a, a, LIC=7YKYW-QU11T-KUH4L-0TSH1-CSL48-P9YFY
 
Tool Versions:
Toolchain:       MDK-ARM Professional  Version: 5.39.0.0
Toolchain Path:  C:\Keil_v5\ARM\ARMCC\Bin
C Compiler:      Armcc.exe V5.06 update 7 (build 960)
Assembler:       Armasm.exe V5.06 update 7 (build 960)
Linker/Locator:  ArmLink.exe V5.06 update 7 (build 960)
Library Manager: ArmAr.exe V5.06 update 7 (build 960)
Hex Converter:   FromElf.exe V5.06 update 7 (build 960)
CPU DLL:         SARMCM3.DLL V5.39.0.0
Dialog DLL:      DCM.DLL V1.17.5.0
Target DLL:      STLink\ST-LINKIII-KEIL_SWO.dll V3.2.0.0
Dialog DLL:      TCM.DLL V1.56.4.0
 
<h2>Project:</h2>
E:\CGNR\20190224TASK\2025\011_RDP_PV_SIMULATION\003CODE\GridInv3P\MDK_ARM\inv3p.uvprojx
Project File Date:  07/03/2025

<h2>Output:</h2>
*** Using Compiler 'V5.06 update 7 (build 960)', folder: 'C:\Keil_v5\ARM\ARMCC\Bin'
Rebuild target 'inv3p'
assembling startup_stm32f334x8.s...
compiling stm32f30x_iwdg.c...
compiling stm32f30x_crc.c...
compiling stm32f30x_dac.c...
compiling stm32f30x_flash.c...
compiling stm32f30x_comp.c...
compiling stm32f30x_dbgmcu.c...
compiling stm32f30x_exti.c...
compiling stm32f30x_misc.c...
compiling stm32f30x_gpio.c...
compiling stm32f30x_pwr.c...
compiling stm32f30x_adc.c...
compiling stm32f30x_dma.c...
compiling stm32f30x_opamp.c...
compiling stm32f30x_i2c.c...
compiling stm32f30x_can.c...
compiling stm32f30x_hrtim.c...
compiling stm32f30x_spi.c...
compiling stm32f30x_rcc.c...
compiling stm32f30x_rtc.c...
compiling stm32f30x_syscfg.c...
compiling stm32f30x_wwdg.c...
compiling stm32f30x_tim.c...
compiling sys_timer.c...
compiling system_stm32f30x.c...
compiling stm32f30x_usart.c...
compiling adc.c...
compiling comp.c...
compiling dac.c...
..\User_code\Driver\dac.c(41): warning:  #173-D: floating-point value does not fit in required integral type
      DAC_SetChannel2Data(DAC1, DAC_Align_12b_R, CBC_INV3P_OF_DAC);
..\User_code\Driver\dac.c: 1 warning, 0 errors
compiling gpio.c...
compiling hrtimer.c...
compiling iwdg.c...
compiling nvic.c...
compiling timer.c...
compiling uart.c...
compiling irq.c...
compiling main.c...
compiling idle.c...
compiling oled.c...
compiling protect.c...
compiling sample.c...
compiling math.c...
compiling inv3p.c...
linking...
Program Size: Code=17964 RO-data=9760 RW-data=216 ZI-data=1792  
FromELF: creating hex file...
"..\Output\inv3p.axf" - 0 Error(s), 1 Warning(s).

<h2>Software Packages used:</h2>

Package Vendor: Keil
                https://www.keil.com/pack/Keil.STM32F3xx_DFP.3.0.0.pack
                Keil::STM32F3xx_DFP@3.0.0
                STMicroelectronics STM32F3 Series Device Support

<h2>Collection of Component include folders:</h2>

<h2>Collection of Component Files used:</h2>
Build Time Elapsed:  00:00:03
</pre>
</body>
</html>
