Component: ARM Compiler 5.05 update 1 (build 106) Tool: armlink [4d0efa]

==============================================================================

Section Cross References

    startup_stm32f334x8.o(RESET) refers to startup_stm32f334x8.o(STACK) for __initial_sp
    startup_stm32f334x8.o(RESET) refers to startup_stm32f334x8.o(.text) for Reset_Handler
    startup_stm32f334x8.o(RESET) refers to irq.o(ccmram) for DMA1_Channel1_IRQHandler
    startup_stm32f334x8.o(.text) refers to system_stm32f30x.o(i.SystemInit) for SystemInit
    startup_stm32f334x8.o(.text) refers to entry.o(.ARM.Collect$$$$00000000) for __main
    stm32f30x_adc.o(i.ADC_DeInit) refers to stm32f30x_rcc.o(i.RCC_AHBPeriphResetCmd) for RCC_AHBPeriphResetCmd
    stm32f30x_can.o(i.CAN_DeInit) refers to stm32f30x_rcc.o(i.RCC_APB1PeriphResetCmd) for RCC_APB1PeriphResetCmd
    stm32f30x_dac.o(i.DAC_DeInit) refers to stm32f30x_rcc.o(i.RCC_APB1PeriphResetCmd) for RCC_APB1PeriphResetCmd
    stm32f30x_flash.o(i.FLASH_EraseAllPages) refers to stm32f30x_flash.o(i.FLASH_WaitForLastOperation) for FLASH_WaitForLastOperation
    stm32f30x_flash.o(i.FLASH_ErasePage) refers to stm32f30x_flash.o(i.FLASH_WaitForLastOperation) for FLASH_WaitForLastOperation
    stm32f30x_flash.o(i.FLASH_OB_BOOTConfig) refers to stm32f30x_flash.o(i.FLASH_WaitForLastOperation) for FLASH_WaitForLastOperation
    stm32f30x_flash.o(i.FLASH_OB_EnableWRP) refers to stm32f30x_flash.o(i.FLASH_WaitForLastOperation) for FLASH_WaitForLastOperation
    stm32f30x_flash.o(i.FLASH_OB_Erase) refers to stm32f30x_flash.o(i.FLASH_WaitForLastOperation) for FLASH_WaitForLastOperation
    stm32f30x_flash.o(i.FLASH_OB_RDPConfig) refers to stm32f30x_flash.o(i.FLASH_WaitForLastOperation) for FLASH_WaitForLastOperation
    stm32f30x_flash.o(i.FLASH_OB_SRAMParityConfig) refers to stm32f30x_flash.o(i.FLASH_WaitForLastOperation) for FLASH_WaitForLastOperation
    stm32f30x_flash.o(i.FLASH_OB_UserConfig) refers to stm32f30x_flash.o(i.FLASH_WaitForLastOperation) for FLASH_WaitForLastOperation
    stm32f30x_flash.o(i.FLASH_OB_VDDAConfig) refers to stm32f30x_flash.o(i.FLASH_WaitForLastOperation) for FLASH_WaitForLastOperation
    stm32f30x_flash.o(i.FLASH_OB_WriteUser) refers to stm32f30x_flash.o(i.FLASH_WaitForLastOperation) for FLASH_WaitForLastOperation
    stm32f30x_flash.o(i.FLASH_ProgramHalfWord) refers to stm32f30x_flash.o(i.FLASH_WaitForLastOperation) for FLASH_WaitForLastOperation
    stm32f30x_flash.o(i.FLASH_ProgramOptionByteData) refers to stm32f30x_flash.o(i.FLASH_WaitForLastOperation) for FLASH_WaitForLastOperation
    stm32f30x_flash.o(i.FLASH_ProgramWord) refers to stm32f30x_flash.o(i.FLASH_WaitForLastOperation) for FLASH_WaitForLastOperation
    stm32f30x_gpio.o(i.GPIO_DeInit) refers to stm32f30x_rcc.o(i.RCC_AHBPeriphResetCmd) for RCC_AHBPeriphResetCmd
    stm32f30x_hrtim.o(i.HRTIM_DeInit) refers to stm32f30x_rcc.o(i.RCC_APB2PeriphResetCmd) for RCC_APB2PeriphResetCmd
    stm32f30x_hrtim.o(i.HRTIM_EventConfig) refers to stm32f30x_hrtim.o(i.HRTIM_ExternalEventConfig) for HRTIM_ExternalEventConfig
    stm32f30x_hrtim.o(i.HRTIM_SimpleBaseStart) refers to stm32f30x_hrtim.o(.data) for .data
    stm32f30x_hrtim.o(i.HRTIM_SimpleBaseStop) refers to stm32f30x_hrtim.o(.data) for .data
    stm32f30x_hrtim.o(i.HRTIM_SimpleBase_Init) refers to stm32f30x_hrtim.o(i.HRTIM_TimingUnitBase_Config) for HRTIM_TimingUnitBase_Config
    stm32f30x_hrtim.o(i.HRTIM_SimpleCaptureChannelConfig) refers to stm32f30x_hrtim.o(i.HRTIM_ExternalEventConfig) for HRTIM_ExternalEventConfig
    stm32f30x_hrtim.o(i.HRTIM_SimpleCaptureStart) refers to stm32f30x_hrtim.o(.data) for .data
    stm32f30x_hrtim.o(i.HRTIM_SimpleCaptureStop) refers to stm32f30x_hrtim.o(.data) for .data
    stm32f30x_hrtim.o(i.HRTIM_SimpleCapture_Init) refers to stm32f30x_hrtim.o(i.HRTIM_TimingUnitBase_Config) for HRTIM_TimingUnitBase_Config
    stm32f30x_hrtim.o(i.HRTIM_SimpleOCChannelConfig) refers to stm32f30x_hrtim.o(i.HRTIM_OutputConfig) for HRTIM_OutputConfig
    stm32f30x_hrtim.o(i.HRTIM_SimpleOCStart) refers to stm32f30x_hrtim.o(.data) for .data
    stm32f30x_hrtim.o(i.HRTIM_SimpleOCStop) refers to stm32f30x_hrtim.o(.data) for .data
    stm32f30x_hrtim.o(i.HRTIM_SimpleOC_Init) refers to stm32f30x_hrtim.o(i.HRTIM_TimingUnitBase_Config) for HRTIM_TimingUnitBase_Config
    stm32f30x_hrtim.o(i.HRTIM_SimpleOnePulseChannelConfig) refers to stm32f30x_hrtim.o(i.HRTIM_OutputConfig) for HRTIM_OutputConfig
    stm32f30x_hrtim.o(i.HRTIM_SimpleOnePulseChannelConfig) refers to stm32f30x_hrtim.o(i.HRTIM_ExternalEventConfig) for HRTIM_ExternalEventConfig
    stm32f30x_hrtim.o(i.HRTIM_SimpleOnePulseStart) refers to stm32f30x_hrtim.o(.data) for .data
    stm32f30x_hrtim.o(i.HRTIM_SimpleOnePulseStop) refers to stm32f30x_hrtim.o(.data) for .data
    stm32f30x_hrtim.o(i.HRTIM_SimpleOnePulse_Init) refers to stm32f30x_hrtim.o(i.HRTIM_TimingUnitBase_Config) for HRTIM_TimingUnitBase_Config
[...]
    Removing stm32f30x_rtc.o(i.RTC_OutputConfig), (52 bytes).
    Removing stm32f30x_rtc.o(i.RTC_OutputTypeConfig), (24 bytes).
    Removing stm32f30x_rtc.o(i.RTC_ReadBackupRegister), (20 bytes).
    Removing stm32f30x_rtc.o(i.RTC_RefClockCmd), (72 bytes).
    Removing stm32f30x_rtc.o(i.RTC_SetAlarm), (168 bytes).
    Removing stm32f30x_rtc.o(i.RTC_SetDate), (156 bytes).
    Removing stm32f30x_rtc.o(i.RTC_SetTime), (172 bytes).
    Removing stm32f30x_rtc.o(i.RTC_SetWakeUpCounter), (28 bytes).
    Removing stm32f30x_rtc.o(i.RTC_SmoothCalibConfig), (88 bytes).
    Removing stm32f30x_rtc.o(i.RTC_StructInit), (14 bytes).
    Removing stm32f30x_rtc.o(i.RTC_SynchroShiftConfig), (108 bytes).
    Removing stm32f30x_rtc.o(i.RTC_TamperCmd), (24 bytes).
    Removing stm32f30x_rtc.o(i.RTC_TamperFilterConfig), (24 bytes).
    Removing stm32f30x_rtc.o(i.RTC_TamperPinsPrechargeDuration), (24 bytes).
    Removing stm32f30x_rtc.o(i.RTC_TamperPullUpCmd), (24 bytes).
    Removing stm32f30x_rtc.o(i.RTC_TamperSamplingFreqConfig), (24 bytes).
    Removing stm32f30x_rtc.o(i.RTC_TamperTriggerConfig), (24 bytes).
    Removing stm32f30x_rtc.o(i.RTC_TimeStampCmd), (52 bytes).
    Removing stm32f30x_rtc.o(i.RTC_TimeStampOnTamperDetectionCmd), (24 bytes).
    Removing stm32f30x_rtc.o(i.RTC_TimeStructInit), (12 bytes).
    Removing stm32f30x_rtc.o(i.RTC_WaitForSynchro), (96 bytes).
    Removing stm32f30x_rtc.o(i.RTC_WakeUpClockConfig), (40 bytes).
    Removing stm32f30x_rtc.o(i.RTC_WakeUpCmd), (96 bytes).
    Removing stm32f30x_rtc.o(i.RTC_WriteBackupRegister), (20 bytes).
    Removing stm32f30x_rtc.o(i.RTC_WriteProtectionCmd), (24 bytes).
    Removing stm32f30x_spi.o(.rev16_text), (4 bytes).
    Removing stm32f30x_spi.o(.revsh_text), (4 bytes).
    Removing stm32f30x_spi.o(i.I2S_Cmd), (18 bytes).
    Removing stm32f30x_spi.o(i.I2S_FullDuplexConfig), (64 bytes).
    Removing stm32f30x_spi.o(i.I2S_Init), (176 bytes).
    Removing stm32f30x_spi.o(i.I2S_StructInit), (18 bytes).
    Removing stm32f30x_spi.o(i.SPI_BiDirectionalLineConfig), (20 bytes).
    Removing stm32f30x_spi.o(i.SPI_CRCLengthConfig), (16 bytes).
    Removing stm32f30x_spi.o(i.SPI_CalculateCRC), (18 bytes).
    Removing stm32f30x_spi.o(i.SPI_Cmd), (18 bytes).
    Removing stm32f30x_spi.o(i.SPI_DataSizeConfig), (12 bytes).
    Removing stm32f30x_spi.o(i.SPI_GetCRC), (10 bytes).
    Removing stm32f30x_spi.o(i.SPI_GetCRCPolynomial), (4 bytes).
    Removing stm32f30x_spi.o(i.SPI_GetReceptionFIFOStatus), (8 bytes).
    Removing stm32f30x_spi.o(i.SPI_GetTransmissionFIFOStatus), (8 bytes).
    Removing stm32f30x_spi.o(i.SPI_I2S_ClearFlag), (6 bytes).
    Removing stm32f30x_spi.o(i.SPI_I2S_DMACmd), (16 bytes).
    Removing stm32f30x_spi.o(i.SPI_I2S_DeInit), (92 bytes).
    Removing stm32f30x_spi.o(i.SPI_I2S_GetFlagStatus), (14 bytes).
    Removing stm32f30x_spi.o(i.SPI_I2S_GetITStatus), (46 bytes).
    Removing stm32f30x_spi.o(i.SPI_I2S_ITConfig), (26 bytes).
    Removing stm32f30x_spi.o(i.SPI_I2S_ReceiveData16), (4 bytes).
    Removing stm32f30x_spi.o(i.SPI_I2S_SendData16), (4 bytes).
    Removing stm32f30x_spi.o(i.SPI_Init), (158 bytes).
    Removing stm32f30x_spi.o(i.SPI_LastDMATransferCmd), (16 bytes).
    Removing stm32f30x_spi.o(i.SPI_NSSInternalSoftwareConfig), (22 bytes).
    Removing stm32f30x_spi.o(i.SPI_NSSPulseModeCmd), (18 bytes).
    Removing stm32f30x_spi.o(i.SPI_ReceiveData8), (4 bytes).
    Removing stm32f30x_spi.o(i.SPI_RxFIFOThresholdConfig), (16 bytes).
    Removing stm32f30x_spi.o(i.SPI_SSOutputCmd), (18 bytes).
    Removing stm32f30x_spi.o(i.SPI_SendData8), (4 bytes).
    Removing stm32f30x_spi.o(i.SPI_StructInit), (28 bytes).
    Removing stm32f30x_spi.o(i.SPI_TIModeCmd), (18 bytes).
    Removing stm32f30x_spi.o(i.SPI_TransmitCRC), (10 bytes).
    Removing stm32f30x_syscfg.o(.rev16_text), (4 bytes).
    Removing stm32f30x_syscfg.o(.revsh_text), (4 bytes).
    Removing stm32f30x_syscfg.o(i.SYSCFG_BreakConfig), (16 bytes).
    Removing stm32f30x_syscfg.o(i.SYSCFG_BypassParityCheckDisable), (16 bytes).
    Removing stm32f30x_syscfg.o(i.SYSCFG_ClearFlag), (16 bytes).
    Removing stm32f30x_syscfg.o(i.SYSCFG_DeInit), (40 bytes).
    Removing stm32f30x_syscfg.o(i.SYSCFG_EXTILineConfig), (40 bytes).
    Removing stm32f30x_syscfg.o(i.SYSCFG_EncoderRemapConfig), (24 bytes).
    Removing stm32f30x_syscfg.o(i.SYSCFG_GetFlagStatus), (20 bytes).
    Removing stm32f30x_syscfg.o(i.SYSCFG_I2CFastModePlusConfig), (24 bytes).
    Removing stm32f30x_syscfg.o(i.SYSCFG_ITConfig), (24 bytes).
    Removing stm32f30x_syscfg.o(i.SYSCFG_MemoryRemapConfig), (20 bytes).
    Removing stm32f30x_syscfg.o(i.SYSCFG_SRAMWRPEnable), (16 bytes).
    Removing stm32f30x_syscfg.o(i.SYSCFG_TriggerRemapConfig), (44 bytes).
    Removing stm32f30x_syscfg.o(i.SYSCFG_USBInterruptLineRemapCmd), (12 bytes).
    Removing stm32f30x_tim.o(.rev16_text), (4 bytes).
    Removing stm32f30x_tim.o(.revsh_text), (4 bytes).
    Removing stm32f30x_tim.o(i.TIM_ARRPreloadConfig), (18 bytes).
    Removing stm32f30x_tim.o(i.TIM_BDTRConfig), (34 bytes).
    Removing stm32f30x_tim.o(i.TIM_BDTRStructInit), (18 bytes).
    Removing stm32f30x_tim.o(i.TIM_Break1Cmd), (18 bytes).
    Removing stm32f30x_tim.o(i.TIM_Break1Config), (20 bytes).
    Removing stm32f30x_tim.o(i.TIM_Break2Cmd), (18 bytes).
    Removing stm32f30x_tim.o(i.TIM_Break2Config), (20 bytes).
    Removing stm32f30x_tim.o(i.TIM_CCPreloadControl), (20 bytes).
    Removing stm32f30x_tim.o(i.TIM_CCxCmd), (26 bytes).
    Removing stm32f30x_tim.o(i.TIM_CCxNCmd), (26 bytes).
    Removing stm32f30x_tim.o(i.TIM_ClearFlag), (8 bytes).
    Removing stm32f30x_tim.o(i.TIM_ClearOC1Ref), (12 bytes).
    Removing stm32f30x_tim.o(i.TIM_ClearOC2Ref), (14 bytes).
    Removing stm32f30x_tim.o(i.TIM_ClearOC3Ref), (12 bytes).
    Removing stm32f30x_tim.o(i.TIM_ClearOC4Ref), (14 bytes).
    Removing stm32f30x_tim.o(i.TIM_ClearOC5Ref), (12 bytes).
    Removing stm32f30x_tim.o(i.TIM_ClearOC6Ref), (14 bytes).
    Removing stm32f30x_tim.o(i.TIM_CounterModeConfig), (12 bytes).
    Removing stm32f30x_tim.o(i.TIM_DMACmd), (18 bytes).
    Removing stm32f30x_tim.o(i.TIM_DMAConfig), (8 bytes).
    Removing stm32f30x_tim.o(i.TIM_DeInit), (278 bytes).
    Removing stm32f30x_tim.o(i.TIM_ETRClockMode1Config), (42 bytes).
    Removing stm32f30x_tim.o(i.TIM_ETRClockMode2Config), (40 bytes).
    Removing stm32f30x_tim.o(i.TIM_ETRConfig), (32 bytes).
    Removing stm32f30x_tim.o(i.TIM_EncoderInterfaceConfig), (72 bytes).
    Removing stm32f30x_tim.o(i.TIM_ForcedOC1Config), (16 bytes).
    Removing stm32f30x_tim.o(i.TIM_ForcedOC2Config), (18 bytes).
    Removing stm32f30x_tim.o(i.TIM_ForcedOC3Config), (12 bytes).
    Removing stm32f30x_tim.o(i.TIM_ForcedOC4Config), (14 bytes).
    Removing stm32f30x_tim.o(i.TIM_ForcedOC5Config), (12 bytes).
    Removing stm32f30x_tim.o(i.TIM_ForcedOC6Config), (14 bytes).
    Removing stm32f30x_tim.o(i.TIM_GenerateEvent), (4 bytes).
    Removing stm32f30x_tim.o(i.TIM_GetCapture1), (4 bytes).
    Removing stm32f30x_tim.o(i.TIM_GetCapture2), (4 bytes).
    Removing stm32f30x_tim.o(i.TIM_GetCapture3), (4 bytes).
    Removing stm32f30x_tim.o(i.TIM_GetCapture4), (4 bytes).
    Removing stm32f30x_tim.o(i.TIM_GetCounter), (4 bytes).
    Removing stm32f30x_tim.o(i.TIM_GetFlagStatus), (14 bytes).
    Removing stm32f30x_tim.o(i.TIM_GetITStatus), (22 bytes).
    Removing stm32f30x_tim.o(i.TIM_GetPrescaler), (4 bytes).
    Removing stm32f30x_tim.o(i.TIM_ICInit), (300 bytes).
    Removing stm32f30x_tim.o(i.TIM_ICStructInit), (16 bytes).
    Removing stm32f30x_tim.o(i.TIM_ITRxExternalClockConfig), (22 bytes).
    Removing stm32f30x_tim.o(i.TIM_InternalClockConfig), (12 bytes).
    Removing stm32f30x_tim.o(i.TIM_OC1FastConfig), (12 bytes).
    Removing stm32f30x_tim.o(i.TIM_OC1Init), (136 bytes).
    Removing stm32f30x_tim.o(i.TIM_OC1NPolarityConfig), (12 bytes).
    Removing stm32f30x_tim.o(i.TIM_OC1PolarityConfig), (12 bytes).
    Removing stm32f30x_tim.o(i.TIM_OC1PreloadConfig), (12 bytes).
    Removing stm32f30x_tim.o(i.TIM_OC2FastConfig), (14 bytes).
    Removing stm32f30x_tim.o(i.TIM_OC2Init), (120 bytes).
    Removing stm32f30x_tim.o(i.TIM_OC2NPolarityConfig), (14 bytes).
    Removing stm32f30x_tim.o(i.TIM_OC2PolarityConfig), (14 bytes).
    Removing stm32f30x_tim.o(i.TIM_OC2PreloadConfig), (14 bytes).
    Removing stm32f30x_tim.o(i.TIM_OC3FastConfig), (12 bytes).
    Removing stm32f30x_tim.o(i.TIM_OC3NPolarityConfig), (14 bytes).
    Removing stm32f30x_tim.o(i.TIM_OC3PolarityConfig), (14 bytes).
    Removing stm32f30x_tim.o(i.TIM_OC3PreloadConfig), (12 bytes).
    Removing stm32f30x_tim.o(i.TIM_OC4FastConfig), (14 bytes).
    Removing stm32f30x_tim.o(i.TIM_OC4Init), (90 bytes).
    Removing stm32f30x_tim.o(i.TIM_OC4PolarityConfig), (14 bytes).
    Removing stm32f30x_tim.o(i.TIM_OC4PreloadConfig), (14 bytes).
    Removing stm32f30x_tim.o(i.TIM_OC5Init), (88 bytes).
    Removing stm32f30x_tim.o(i.TIM_OC5PolarityConfig), (14 bytes).
    Removing stm32f30x_tim.o(i.TIM_OC5PreloadConfig), (12 bytes).
    Removing stm32f30x_tim.o(i.TIM_OC6Init), (82 bytes).
    Removing stm32f30x_tim.o(i.TIM_OC6PolarityConfig), (14 bytes).
    Removing stm32f30x_tim.o(i.TIM_OC6PreloadConfig), (14 bytes).
    Removing stm32f30x_tim.o(i.TIM_OCStructInit), (20 bytes).
    Removing stm32f30x_tim.o(i.TIM_PWMIConfig), (320 bytes).
    Removing stm32f30x_tim.o(i.TIM_PrescalerConfig), (6 bytes).
    Removing stm32f30x_tim.o(i.TIM_RemapConfig), (6 bytes).
    Removing stm32f30x_tim.o(i.TIM_SelectCCDMA), (20 bytes).
    Removing stm32f30x_tim.o(i.TIM_SelectCOM), (20 bytes).
    Removing stm32f30x_tim.o(i.TIM_SelectGC5C1), (18 bytes).
    Removing stm32f30x_tim.o(i.TIM_SelectGC5C2), (18 bytes).
    Removing stm32f30x_tim.o(i.TIM_SelectGC5C3), (18 bytes).
    Removing stm32f30x_tim.o(i.TIM_SelectHallSensor), (20 bytes).
    Removing stm32f30x_tim.o(i.TIM_SelectInputTrigger), (14 bytes).
    Removing stm32f30x_tim.o(i.TIM_SelectMasterSlaveMode), (18 bytes).
    Removing stm32f30x_tim.o(i.TIM_SelectOCREFClear), (18 bytes).
    Removing stm32f30x_tim.o(i.TIM_SelectOCxM), (92 bytes).
    Removing stm32f30x_tim.o(i.TIM_SelectOnePulseMode), (16 bytes).
    Removing stm32f30x_tim.o(i.TIM_SelectOutputTrigger), (18 bytes).
    Removing stm32f30x_tim.o(i.TIM_SelectOutputTrigger2), (16 bytes).
    Removing stm32f30x_tim.o(i.TIM_SelectSlaveMode), (20 bytes).
    Removing stm32f30x_tim.o(i.TIM_SetAutoreload), (4 bytes).
    Removing stm32f30x_tim.o(i.TIM_SetClockDivision), (16 bytes).
    Removing stm32f30x_tim.o(i.TIM_SetCompare1), (4 bytes).
    Removing stm32f30x_tim.o(i.TIM_SetCompare2), (4 bytes).
    Removing stm32f30x_tim.o(i.TIM_SetCompare3), (4 bytes).
    Removing stm32f30x_tim.o(i.TIM_SetCompare4), (4 bytes).
    Removing stm32f30x_tim.o(i.TIM_SetCompare5), (4 bytes).
    Removing stm32f30x_tim.o(i.TIM_SetCompare6), (4 bytes).
    Removing stm32f30x_tim.o(i.TIM_SetCounter), (4 bytes).
    Removing stm32f30x_tim.o(i.TIM_SetIC1Prescaler), (16 bytes).
    Removing stm32f30x_tim.o(i.TIM_SetIC2Prescaler), (18 bytes).
    Removing stm32f30x_tim.o(i.TIM_SetIC3Prescaler), (18 bytes).
    Removing stm32f30x_tim.o(i.TIM_SetIC4Prescaler), (26 bytes).
    Removing stm32f30x_tim.o(i.TIM_TIxExternalClockConfig), (136 bytes).
    Removing stm32f30x_tim.o(i.TIM_TimeBaseStructInit), (18 bytes).
    Removing stm32f30x_tim.o(i.TIM_UIFRemap), (18 bytes).
    Removing stm32f30x_tim.o(i.TIM_UpdateDisableConfig), (18 bytes).
    Removing stm32f30x_tim.o(i.TIM_UpdateRequestConfig), (18 bytes).
    Removing stm32f30x_usart.o(.rev16_text), (4 bytes).
    Removing stm32f30x_usart.o(.revsh_text), (4 bytes).
    Removing stm32f30x_usart.o(i.USART_AddressDetectionConfig), (16 bytes).
    Removing stm32f30x_usart.o(i.USART_AutoBaudRateCmd), (18 bytes).
    Removing stm32f30x_usart.o(i.USART_AutoBaudRateConfig), (16 bytes).
    Removing stm32f30x_usart.o(i.USART_ClearFlag), (4 bytes).
    Removing stm32f30x_usart.o(i.USART_ClearITPendingBit), (12 bytes).
    Removing stm32f30x_usart.o(i.USART_ClockInit), (30 bytes).
    Removing stm32f30x_usart.o(i.USART_ClockStructInit), (12 bytes).
    Removing stm32f30x_usart.o(i.USART_DECmd), (18 bytes).
    Removing stm32f30x_usart.o(i.USART_DEPolarityConfig), (16 bytes).
    Removing stm32f30x_usart.o(i.USART_DMAReceptionErrorConfig), (16 bytes).
    Removing stm32f30x_usart.o(i.USART_DataInvCmd), (18 bytes).
    Removing stm32f30x_usart.o(i.USART_DirectionModeCmd), (16 bytes).
    Removing stm32f30x_usart.o(i.USART_GetFlagStatus), (14 bytes).
    Removing stm32f30x_usart.o(i.USART_GetITStatus), (72 bytes).
    Removing stm32f30x_usart.o(i.USART_HalfDuplexCmd), (18 bytes).
    Removing stm32f30x_usart.o(i.USART_ITConfig), (42 bytes).
    Removing stm32f30x_usart.o(i.USART_InvPinCmd), (16 bytes).
    Removing stm32f30x_usart.o(i.USART_IrDACmd), (18 bytes).
    Removing stm32f30x_usart.o(i.USART_IrDAConfig), (16 bytes).
    Removing stm32f30x_usart.o(i.USART_LINBreakDetectLengthConfig), (16 bytes).
    Removing stm32f30x_usart.o(i.USART_LINCmd), (18 bytes).
    Removing stm32f30x_usart.o(i.USART_MSBFirstCmd), (18 bytes).
    Removing stm32f30x_usart.o(i.USART_MuteModeCmd), (18 bytes).
    Removing stm32f30x_usart.o(i.USART_MuteModeWakeUpConfig), (16 bytes).
    Removing stm32f30x_usart.o(i.USART_OneBitMethodCmd), (18 bytes).
    Removing stm32f30x_usart.o(i.USART_OverSampling8Cmd), (18 bytes).
    Removing stm32f30x_usart.o(i.USART_OverrunDetectionConfig), (16 bytes).
    Removing stm32f30x_usart.o(i.USART_ReceiveData), (8 bytes).
    Removing stm32f30x_usart.o(i.USART_ReceiverTimeOutCmd), (18 bytes).
    Removing stm32f30x_usart.o(i.USART_RequestCmd), (16 bytes).
    Removing stm32f30x_usart.o(i.USART_STOPModeCmd), (18 bytes).
    Removing stm32f30x_usart.o(i.USART_SWAPPinCmd), (18 bytes).
    Removing stm32f30x_usart.o(i.USART_SendData), (8 bytes).
    Removing stm32f30x_usart.o(i.USART_SetAddress), (18 bytes).
    Removing stm32f30x_usart.o(i.USART_SetAutoRetryCount), (18 bytes).
    Removing stm32f30x_usart.o(i.USART_SetBlockLength), (18 bytes).
    Removing stm32f30x_usart.o(i.USART_SetDEAssertionTime), (18 bytes).
    Removing stm32f30x_usart.o(i.USART_SetDEDeassertionTime), (18 bytes).
    Removing stm32f30x_usart.o(i.USART_SetGuardTime), (16 bytes).
    Removing stm32f30x_usart.o(i.USART_SetPrescaler), (16 bytes).
    Removing stm32f30x_usart.o(i.USART_SetReceiverTimeOut), (16 bytes).
    Removing stm32f30x_usart.o(i.USART_SmartCardCmd), (18 bytes).
    Removing stm32f30x_usart.o(i.USART_SmartCardNACKCmd), (18 bytes).
    Removing stm32f30x_usart.o(i.USART_StopModeWakeUpSourceConfig), (16 bytes).
    Removing stm32f30x_usart.o(i.USART_StructInit), (22 bytes).
    Removing stm32f30x_wwdg.o(.rev16_text), (4 bytes).
    Removing stm32f30x_wwdg.o(.revsh_text), (4 bytes).
    Removing stm32f30x_wwdg.o(i.WWDG_ClearFlag), (12 bytes).
    Removing stm32f30x_wwdg.o(i.WWDG_DeInit), (24 bytes).
    Removing stm32f30x_wwdg.o(i.WWDG_Enable), (16 bytes).
    Removing stm32f30x_wwdg.o(i.WWDG_EnableIT), (16 bytes).
    Removing stm32f30x_wwdg.o(i.WWDG_GetFlagStatus), (20 bytes).
    Removing stm32f30x_wwdg.o(i.WWDG_SetCounter), (16 bytes).
    Removing stm32f30x_wwdg.o(i.WWDG_SetPrescaler), (20 bytes).
    Removing stm32f30x_wwdg.o(i.WWDG_SetWindowValue), (28 bytes).
    Removing sys_timer.o(.rev16_text), (4 bytes).
    Removing sys_timer.o(.revsh_text), (4 bytes).
    Removing system_stm32f30x.o(.rev16_text), (4 bytes).
    Removing system_stm32f30x.o(.revsh_text), (4 bytes).
    Removing system_stm32f30x.o(i.SystemCoreClockUpdate), (116 bytes).
    Removing system_stm32f30x.o(.data), (20 bytes).
    Removing adc.o(.rev16_text), (4 bytes).
    Removing adc.o(.revsh_text), (4 bytes).
    Removing comp.o(.rev16_text), (4 bytes).
    Removing comp.o(.revsh_text), (4 bytes).
    Removing dac.o(.rev16_text), (4 bytes).
    Removing dac.o(.revsh_text), (4 bytes).
    Removing gpio.o(.rev16_text), (4 bytes).
    Removing gpio.o(.revsh_text), (4 bytes).
    Removing gpio.o(i.GpioInitConfig), (36 bytes).
    Removing hrtimer.o(.rev16_text), (4 bytes).
    Removing hrtimer.o(.revsh_text), (4 bytes).
    Removing iwdg.o(.rev16_text), (4 bytes).
    Removing iwdg.o(.revsh_text), (4 bytes).
    Removing nvic.o(.rev16_text), (4 bytes).
    Removing nvic.o(.revsh_text), (4 bytes).
    Removing timer.o(.rev16_text), (4 bytes).
    Removing timer.o(.revsh_text), (4 bytes).
    Removing timer.o(i.DelayUs), (20 bytes).
    Removing uart.o(.rev16_text), (4 bytes).
    Removing uart.o(.revsh_text), (4 bytes).
    Removing idle.o(.rev16_text), (4 bytes).
    Removing idle.o(.revsh_text), (4 bytes).
    Removing idle.o(i.ParamSoftStart), (96 bytes).
    Removing irq.o(.rev16_text), (4 bytes).
    Removing irq.o(.revsh_text), (4 bytes).
    Removing main.o(.rev16_text), (4 bytes).
    Removing main.o(.revsh_text), (4 bytes).
    Removing oled.o(.rev16_text), (4 bytes).
    Removing oled.o(.revsh_text), (4 bytes).
    Removing oled.o(i.IicStart), (56 bytes).
    Removing oled.o(i.IicStop), (44 bytes).
    Removing oled.o(i.IicWaitAck), (28 bytes).
    Removing oled.o(i.OledClear), (58 bytes).
    Removing oled.o(i.OledDisplayOff), (30 bytes).
    Removing oled.o(i.OledDisplayOn), (30 bytes).
    Removing oled.o(i.OledOn), (58 bytes).
    Removing oled.o(i.OledPow), (40 bytes).
    Removing oled.o(i.OledSetPos), (44 bytes).
    Removing oled.o(i.WriteIicCommand), (152 bytes).
    Removing oled.o(i.WriteIicData), (152 bytes).
    Removing protect.o(.rev16_text), (4 bytes).
    Removing protect.o(.revsh_text), (4 bytes).
    Removing sample.o(.rev16_text), (4 bytes).
    Removing sample.o(.revsh_text), (4 bytes).
    Removing inv3p.o(.rev16_text), (4 bytes).
    Removing inv3p.o(.revsh_text), (4 bytes).
    Removing math.o(.rev16_text), (4 bytes).
    Removing math.o(.revsh_text), (4 bytes).
    Removing math.o(i.AbcToAlphaBeta), (84 bytes).
    Removing math.o(i.AlphaBetaToAbc), (76 bytes).
    Removing math.o(i.AlphaBetaToDq), (70 bytes).
    Removing math.o(i.Cot), (56 bytes).
    Removing math.o(i.DqToAlphaBeta), (70 bytes).
    Removing math.o(i.Tan), (36 bytes).

680 unused section(s) (total 23426 bytes) removed from the image.

==============================================================================

Adding Veneers to the image

    Adding TT veneer (10 bytes, Long) for call to 'ProtectPoll' from irq.o(ccmram).
    Adding TT veneer (10 bytes, Long) for call to 'ReportFilter' from irq.o(ccmram).
    Adding TT veneer (10 bytes, Long) for call to 'Inv3pControlLoop' from irq.o(ccmram).
    Adding TT veneer (10 bytes, Long) for call to 'Inv3pPwmOn' from idle.o(i.Inv3pOnoffProcess).
    Adding TT veneer (10 bytes, Long) for call to 'Inv3pPwmOff' from idle.o(i.Inv3pOnoffProcess).
    Adding TT veneer (10 bytes, Long) for call to 'GPIO_SetBits' from protect.o(ccmram).
    Adding TT veneer (10 bytes, Long) for call to 'TIM_Cmd' from protect.o(ccmram).
    Adding TT veneer (10 bytes, Long) for call to 'GPIO_ResetBits' from protect.o(ccmram).
    Adding TT veneer (10 bytes, Long) for call to 'HRTIM_WaveformOutputStart' from inv3p.o(ccmram).
    Adding TT veneer (10 bytes, Long) for call to 'HRTIM_WaveformOutputStop' from inv3p.o(ccmram).

10 Veneer(s) (total 100 bytes) added to the image.

==============================================================================

Image Symbol Table

    Local Symbols

    Symbol Name                              Value     Ov Type        Size  Object(Section)

    ../clib/microlib/init/entry.s            0x00000000   Number         0  entry10b.o ABSOLUTE
    ../clib/microlib/init/entry.s            0x00000000   Number         0  entry11b.o ABSOLUTE
    ../clib/microlib/init/entry.s            0x00000000   Number         0  entry11a.o ABSOLUTE
    ../clib/microlib/init/entry.s            0x00000000   Number         0  entry10a.o ABSOLUTE
    ../clib/microlib/init/entry.s            0x00000000   Number         0  entry9b.o ABSOLUTE
    ../clib/microlib/init/entry.s            0x00000000   Number         0  entry9a.o ABSOLUTE
    ../clib/microlib/init/entry.s            0x00000000   Number         0  entry8b.o ABSOLUTE
    ../clib/microlib/init/entry.s            0x00000000   Number         0  entry8a.o ABSOLUTE
    ../clib/microlib/init/entry.s            0x00000000   Number         0  entry7b.o ABSOLUTE
    ../clib/microlib/init/entry.s            0x00000000   Number         0  entry7a.o ABSOLUTE
    ../clib/microlib/init/entry.s            0x00000000   Number         0  entry5.o ABSOLUTE
    ../clib/microlib/init/entry.s            0x00000000   Number         0  entry2.o ABSOLUTE
    ../clib/microlib/init/entry.s            0x00000000   Number         0  entry.o ABSOLUTE
    ..\Lib\STM32F30x_StdPeriph_Driver\src\stm32f30x_adc.c 0x00000000   Number         0  stm32f30x_adc.o ABSOLUTE
    ..\Lib\STM32F30x_StdPeriph_Driver\src\stm32f30x_can.c 0x00000000   Number         0  stm32f30x_can.o ABSOLUTE
    ..\Lib\STM32F30x_StdPeriph_Driver\src\stm32f30x_comp.c 0x00000000   Number         0  stm32f30x_comp.o ABSOLUTE
    ..\Lib\STM32F30x_StdPeriph_Driver\src\stm32f30x_crc.c 0x00000000   Number         0  stm32f30x_crc.o ABSOLUTE
    ..\Lib\STM32F30x_StdPeriph_Driver\src\stm32f30x_dac.c 0x00000000   Number         0  stm32f30x_dac.o ABSOLUTE
    ..\Lib\STM32F30x_StdPeriph_Driver\src\stm32f30x_dbgmcu.c 0x00000000   Number         0  stm32f30x_dbgmcu.o ABSOLUTE
    ..\Lib\STM32F30x_StdPeriph_Driver\src\stm32f30x_dma.c 0x00000000   Number         0  stm32f30x_dma.o ABSOLUTE
    ..\Lib\STM32F30x_StdPeriph_Driver\src\stm32f30x_exti.c 0x00000000   Number         0  stm32f30x_exti.o ABSOLUTE
    ..\Lib\STM32F30x_StdPeriph_Driver\src\stm32f30x_flash.c 0x00000000   Number         0  stm32f30x_flash.o ABSOLUTE
    ..\Lib\STM32F30x_StdPeriph_Driver\src\stm32f30x_gpio.c 0x00000000   Number         0  stm32f30x_gpio.o ABSOLUTE
    ..\Lib\STM32F30x_StdPeriph_Driver\src\stm32f30x_hrtim.c 0x00000000   Number         0  stm32f30x_hrtim.o ABSOLUTE
    ..\Lib\STM32F30x_StdPeriph_Driver\src\stm32f30x_i2c.c 0x00000000   Number         0  stm32f30x_i2c.o ABSOLUTE
    ..\Lib\STM32F30x_StdPeriph_Driver\src\stm32f30x_iwdg.c 0x00000000   Number         0  stm32f30x_iwdg.o ABSOLUTE
    ..\Lib\STM32F30x_StdPeriph_Driver\src\stm32f30x_misc.c 0x00000000   Number         0  stm32f30x_misc.o ABSOLUTE
    ..\Lib\STM32F30x_StdPeriph_Driver\src\stm32f30x_opamp.c 0x00000000   Number         0  stm32f30x_opamp.o ABSOLUTE
    ..\Lib\STM32F30x_StdPeriph_Driver\src\stm32f30x_pwr.c 0x00000000   Number         0  stm32f30x_pwr.o ABSOLUTE
    ..\Lib\STM32F30x_StdPeriph_Driver\src\stm32f30x_rcc.c 0x00000000   Number         0  stm32f30x_rcc.o ABSOLUTE
    ..\Lib\STM32F30x_StdPeriph_Driver\src\stm32f30x_rtc.c 0x00000000   Number         0  stm32f30x_rtc.o ABSOLUTE
    ..\Lib\STM32F30x_StdPeriph_Driver\src\stm32f30x_spi.c 0x00000000   Number         0  stm32f30x_spi.o ABSOLUTE
    ..\Lib\STM32F30x_StdPeriph_Driver\src\stm32f30x_syscfg.c 0x00000000   Number         0  stm32f30x_syscfg.o ABSOLUTE
    ..\Lib\STM32F30x_StdPeriph_Driver\src\stm32f30x_tim.c 0x00000000   Number         0  stm32f30x_tim.o ABSOLUTE
    ..\Lib\STM32F30x_StdPeriph_Driver\src\stm32f30x_usart.c 0x00000000   Number         0  stm32f30x_usart.o ABSOLUTE
    ..\Lib\STM32F30x_StdPeriph_Driver\src\stm32f30x_wwdg.c 0x00000000   Number         0  stm32f30x_wwdg.o ABSOLUTE
    ..\Sys_code\sys_timer.c                  0x00000000   Number         0  sys_timer.o ABSOLUTE
    ..\Sys_code\system_stm32f30x.c           0x00000000   Number         0  system_stm32f30x.o ABSOLUTE
    ..\User_code\App\idle.c                  0x00000000   Number         0  idle.o ABSOLUTE
    ..\User_code\App\inv3p.c                 0x00000000   Number         0  inv3p.o ABSOLUTE
    ..\User_code\App\irq.c                   0x00000000   Number         0  irq.o ABSOLUTE
    ..\User_code\App\main.c                  0x00000000   Number         0  main.o ABSOLUTE
    ..\User_code\App\math.c                  0x00000000   Number         0  math.o ABSOLUTE
    ..\User_code\App\oled.c                  0x00000000   Number         0  oled.o ABSOLUTE
    ..\User_code\App\protect.c               0x00000000   Number         0  protect.o ABSOLUTE
    ..\User_code\App\sample.c                0x00000000   Number         0  sample.o ABSOLUTE
    ..\User_code\Driver\adc.c                0x00000000   Number         0  adc.o ABSOLUTE
    ..\User_code\Driver\comp.c               0x00000000   Number         0  comp.o ABSOLUTE
    ..\User_code\Driver\dac.c                0x00000000   Number         0  dac.o ABSOLUTE
    ..\User_code\Driver\gpio.c               0x00000000   Number         0  gpio.o ABSOLUTE
    ..\User_code\Driver\hrtimer.c            0x00000000   Number         0  hrtimer.o ABSOLUTE
    ..\User_code\Driver\iwdg.c               0x00000000   Number         0  iwdg.o ABSOLUTE
    ..\User_code\Driver\nvic.c               0x00000000   Number         0  nvic.o ABSOLUTE
    ..\User_code\Driver\timer.c              0x00000000   Number         0  timer.o ABSOLUTE
    ..\User_code\Driver\uart.c               0x00000000   Number         0  uart.o ABSOLUTE
    ..\\Lib\\STM32F30x_StdPeriph_Driver\\src\\stm32f30x_adc.c 0x00000000   Number         0  stm32f30x_adc.o ABSOLUTE
    ..\\Lib\\STM32F30x_StdPeriph_Driver\\src\\stm32f30x_can.c 0x00000000   Number         0  stm32f30x_can.o ABSOLUTE
    ..\\Lib\\STM32F30x_StdPeriph_Driver\\src\\stm32f30x_comp.c 0x00000000   Number         0  stm32f30x_comp.o ABSOLUTE
    ..\\Lib\\STM32F30x_StdPeriph_Driver\\src\\stm32f30x_crc.c 0x00000000   Number         0  stm32f30x_crc.o ABSOLUTE
    ..\\Lib\\STM32F30x_StdPeriph_Driver\\src\\stm32f30x_dac.c 0x00000000   Number         0  stm32f30x_dac.o ABSOLUTE
    ..\\Lib\\STM32F30x_StdPeriph_Driver\\src\\stm32f30x_dbgmcu.c 0x00000000   Number         0  stm32f30x_dbgmcu.o ABSOLUTE
    ..\\Lib\\STM32F30x_StdPeriph_Driver\\src\\stm32f30x_dma.c 0x00000000   Number         0  stm32f30x_dma.o ABSOLUTE
    ..\\Lib\\STM32F30x_StdPeriph_Driver\\src\\stm32f30x_exti.c 0x00000000   Number         0  stm32f30x_exti.o ABSOLUTE
    ..\\Lib\\STM32F30x_StdPeriph_Driver\\src\\stm32f30x_flash.c 0x00000000   Number         0  stm32f30x_flash.o ABSOLUTE
    ..\\Lib\\STM32F30x_StdPeriph_Driver\\src\\stm32f30x_gpio.c 0x00000000   Number         0  stm32f30x_gpio.o ABSOLUTE
    ..\\Lib\\STM32F30x_StdPeriph_Driver\\src\\stm32f30x_hrtim.c 0x00000000   Number         0  stm32f30x_hrtim.o ABSOLUTE
    ..\\Lib\\STM32F30x_StdPeriph_Driver\\src\\stm32f30x_i2c.c 0x00000000   Number         0  stm32f30x_i2c.o ABSOLUTE
    ..\\Lib\\STM32F30x_StdPeriph_Driver\\src\\stm32f30x_iwdg.c 0x00000000   Number         0  stm32f30x_iwdg.o ABSOLUTE
    ..\\Lib\\STM32F30x_StdPeriph_Driver\\src\\stm32f30x_misc.c 0x00000000   Number         0  stm32f30x_misc.o ABSOLUTE
    ..\\Lib\\STM32F30x_StdPeriph_Driver\\src\\stm32f30x_opamp.c 0x00000000   Number         0  stm32f30x_opamp.o ABSOLUTE
    ..\\Lib\\STM32F30x_StdPeriph_Driver\\src\\stm32f30x_pwr.c 0x00000000   Number         0  stm32f30x_pwr.o ABSOLUTE
    ..\\Lib\\STM32F30x_StdPeriph_Driver\\src\\stm32f30x_rcc.c 0x00000000   Number         0  stm32f30x_rcc.o ABSOLUTE
    ..\\Lib\\STM32F30x_StdPeriph_Driver\\src\\stm32f30x_rtc.c 0x00000000   Number         0  stm32f30x_rtc.o ABSOLUTE
    ..\\Lib\\STM32F30x_StdPeriph_Driver\\src\\stm32f30x_spi.c 0x00000000   Number         0  stm32f30x_spi.o ABSOLUTE
    ..\\Lib\\STM32F30x_StdPeriph_Driver\\src\\stm32f30x_syscfg.c 0x00000000   Number         0  stm32f30x_syscfg.o ABSOLUTE
    ..\\Lib\\STM32F30x_StdPeriph_Driver\\src\\stm32f30x_tim.c 0x00000000   Number         0  stm32f30x_tim.o ABSOLUTE
    ..\\Lib\\STM32F30x_StdPeriph_Driver\\src\\stm32f30x_usart.c 0x00000000   Number         0  stm32f30x_usart.o ABSOLUTE
    ..\\Lib\\STM32F30x_StdPeriph_Driver\\src\\stm32f30x_wwdg.c 0x00000000   Number         0  stm32f30x_wwdg.o ABSOLUTE
    ..\\Sys_code\\sys_timer.c                0x00000000   Number         0  sys_timer.o ABSOLUTE
    ..\\Sys_code\\system_stm32f30x.c         0x00000000   Number         0  system_stm32f30x.o ABSOLUTE
    ..\\User_code\\App\\idle.c               0x00000000   Number         0  idle.o ABSOLUTE
    ..\\User_code\\App\\inv3p.c              0x00000000   Number         0  inv3p.o ABSOLUTE
    ..\\User_code\\App\\irq.c                0x00000000   Number         0  irq.o ABSOLUTE
    ..\\User_code\\App\\main.c               0x00000000   Number         0  main.o ABSOLUTE
    ..\\User_code\\App\\math.c               0x00000000   Number         0  math.o ABSOLUTE
    ..\\User_code\\App\\oled.c               0x00000000   Number         0  oled.o ABSOLUTE
    ..\\User_code\\App\\protect.c            0x00000000   Number         0  protect.o ABSOLUTE
    ..\\User_code\\App\\sample.c             0x00000000   Number         0  sample.o ABSOLUTE
    ..\\User_code\\Driver\\adc.c             0x00000000   Number         0  adc.o ABSOLUTE
    ..\\User_code\\Driver\\comp.c            0x00000000   Number         0  comp.o ABSOLUTE
    ..\\User_code\\Driver\\dac.c             0x00000000   Number         0  dac.o ABSOLUTE
    ..\\User_code\\Driver\\gpio.c            0x00000000   Number         0  gpio.o ABSOLUTE
    ..\\User_code\\Driver\\hrtimer.c         0x00000000   Number         0  hrtimer.o ABSOLUTE
    ..\\User_code\\Driver\\iwdg.c            0x00000000   Number         0  iwdg.o ABSOLUTE
    ..\\User_code\\Driver\\nvic.c            0x00000000   Number         0  nvic.o ABSOLUTE
    ..\\User_code\\Driver\\timer.c           0x00000000   Number         0  timer.o ABSOLUTE
    ..\\User_code\\Driver\\uart.c            0x00000000   Number         0  uart.o ABSOLUTE
    dc.s                                     0x00000000   Number         0  dc.o ABSOLUTE
    handlers.s                               0x00000000   Number         0  handlers.o ABSOLUTE
    init.s                                   0x00000000   Number         0  init.o ABSOLUTE
    startup_stm32f334x8.s                    0x00000000   Number         0  startup_stm32f334x8.o ABSOLUTE
    RESET                                    0x08000000   Section      392  startup_stm32f334x8.o(RESET)
    .ARM.Collect$$$$00000000                 0x08000188   Section        0  entry.o(.ARM.Collect$$$$00000000)
    .ARM.Collect$$$$00000001                 0x08000188   Section        4  entry2.o(.ARM.Collect$$$$00000001)
    .ARM.Collect$$$$00000004                 0x0800018c   Section        4  entry5.o(.ARM.Collect$$$$00000004)
    .ARM.Collect$$$$00000008                 0x08000190   Section        0  entry7b.o(.ARM.Collect$$$$00000008)
    .ARM.Collect$$$$0000000A                 0x08000190   Section        0  entry8b.o(.ARM.Collect$$$$0000000A)
    .ARM.Collect$$$$0000000B                 0x08000190   Section        8  entry9a.o(.ARM.Collect$$$$0000000B)
    .ARM.Collect$$$$0000000D                 0x08000198   Section        0  entry10a.o(.ARM.Collect$$$$0000000D)
    .ARM.Collect$$$$0000000F                 0x08000198   Section        0  entry11a.o(.ARM.Collect$$$$0000000F)
    .ARM.Collect$$$$00002712                 0x08000198   Section        4  entry2.o(.ARM.Collect$$$$00002712)
    __lit__00000000                          0x08000198   Data           4  entry2.o(.ARM.Collect$$$$00002712)
    .text                                    0x0800019c   Section       36  startup_stm32f334x8.o(.text)
    $v0                                      0x0800019c   Number         0  startup_stm32f334x8.o(.text)
    .text                                    0x080001c0   Section       36  init.o(.text)
    ccmram                                   0x08000218   Section        0  irq.o(ccmram)
    i.ADC_Cmd                                0x080002cc   Section        0  stm32f30x_adc.o(i.ADC_Cmd)
    i.ADC_CommonInit                         0x080002e0   Section        0  stm32f30x_adc.o(i.ADC_CommonInit)
    i.ADC_DMACmd                             0x08000334   Section        0  stm32f30x_adc.o(i.ADC_DMACmd)
    i.ADC_DMAConfig                          0x08000346   Section        0  stm32f30x_adc.o(i.ADC_DMAConfig)
    i.ADC_DeInit                             0x08000356   Section        0  stm32f30x_adc.o(i.ADC_DeInit)
    i.ADC_GetCalibrationStatus               0x080003a8   Section        0  stm32f30x_adc.o(i.ADC_GetCalibrationStatus)
    i.ADC_GetFlagStatus                      0x080003b8   Section        0  stm32f30x_adc.o(i.ADC_GetFlagStatus)
    i.ADC_Init                               0x080003c8   Section        0  stm32f30x_adc.o(i.ADC_Init)
    i.ADC_RegularChannelConfig               0x08000418   Section        0  stm32f30x_adc.o(i.ADC_RegularChannelConfig)
    i.ADC_SelectCalibrationMode              0x080004f2   Section        0  stm32f30x_adc.o(i.ADC_SelectCalibrationMode)
    i.ADC_StartCalibration                   0x08000502   Section        0  stm32f30x_adc.o(i.ADC_StartCalibration)
    i.ADC_StartConversion                    0x0800050c   Section        0  stm32f30x_adc.o(i.ADC_StartConversion)
    i.ADC_StructInit                         0x08000516   Section        0  stm32f30x_adc.o(i.ADC_StructInit)
    i.ADC_VoltageRegulatorCmd                0x0800052c   Section        0  stm32f30x_adc.o(i.ADC_VoltageRegulatorCmd)
    i.AdcInit                                0x08000548   Section        0  adc.o(i.AdcInit)
    i.COMP_Cmd                               0x08000828   Section        0  stm32f30x_comp.o(i.COMP_Cmd)
    i.COMP_Init                              0x08000842   Section        0  stm32f30x_comp.o(i.COMP_Init)
    i.CompInit                               0x08000884   Section        0  comp.o(i.CompInit)
    i.DAC_Cmd                                0x080008b2   Section        0  stm32f30x_dac.o(i.DAC_Cmd)
    i.DAC_DeInit                             0x080008c8   Section        0  stm32f30x_dac.o(i.DAC_DeInit)
    i.DAC_Init                               0x08000902   Section        0  stm32f30x_dac.o(i.DAC_Init)
    i.DAC_SetChannel2Data                    0x08000930   Section        0  stm32f30x_dac.o(i.DAC_SetChannel2Data)
    i.DMA_ClearFlag                          0x08000940   Section        0  stm32f30x_dma.o(i.DMA_ClearFlag)
    i.DMA_ClearITPendingBit                  0x08000958   Section        0  stm32f30x_dma.o(i.DMA_ClearITPendingBit)
    i.DMA_Cmd                                0x08000970   Section        0  stm32f30x_dma.o(i.DMA_Cmd)
    i.DMA_DeInit                             0x08000984   Section        0  stm32f30x_dma.o(i.DMA_DeInit)
    i.DMA_GetCurrDataCounter                 0x08000a88   Section        0  stm32f30x_dma.o(i.DMA_GetCurrDataCounter)
    i.DMA_GetFlagStatus                      0x08000a90   Section        0  stm32f30x_dma.o(i.DMA_GetFlagStatus)
    i.DMA_ITConfig                           0x08000ab0   Section        0  stm32f30x_dma.o(i.DMA_ITConfig)
    i.DMA_Init                               0x08000ac0   Section        0  stm32f30x_dma.o(i.DMA_Init)
    i.DMA_SetCurrDataCounter                 0x08000b12   Section        0  stm32f30x_dma.o(i.DMA_SetCurrDataCounter)
    i.DacInit                                0x08000b18   Section        0  dac.o(i.DacInit)
    i.DelayMs                                0x08000b60   Section        0  timer.o(i.DelayMs)
    i.FanStatusFresh                         0x08000b88   Section        0  idle.o(i.FanStatusFresh)
    i.GPIO_Init                              0x08000ba8   Section        0  stm32f30x_gpio.o(i.GPIO_Init)
    i.GPIO_PinAFConfig                       0x08000c22   Section        0  stm32f30x_gpio.o(i.GPIO_PinAFConfig)
    i.GPIO_ReadOutputDataBit                 0x08000c44   Section        0  stm32f30x_gpio.o(i.GPIO_ReadOutputDataBit)
    i.GPIO_ResetBits                         0x08000c52   Section        0  stm32f30x_gpio.o(i.GPIO_ResetBits)
    i.GPIO_SetBits                           0x08000c56   Section        0  stm32f30x_gpio.o(i.GPIO_SetBits)
    i.GpioInit                               0x08000c5c   Section        0  gpio.o(i.GpioInit)
    i.GpioOutputToggle                       0x0800131a   Section        0  gpio.o(i.GpioOutputToggle)
    i.HRTIM_ADCTriggerConfig                 0x0800133e   Section        0  stm32f30x_hrtim.o(i.HRTIM_ADCTriggerConfig)
    i.HRTIM_DLLCalibrationStart              0x0800139c   Section        0  stm32f30x_hrtim.o(i.HRTIM_DLLCalibrationStart)
    i.HRTIM_EventConfig                      0x080013c0   Section        0  stm32f30x_hrtim.o(i.HRTIM_EventConfig)
    i.HRTIM_ExternalEventConfig              0x080013c4   Section        0  stm32f30x_hrtim.o(i.HRTIM_ExternalEventConfig)
    HRTIM_ExternalEventConfig                0x080013c5   Thumb Code   466  stm32f30x_hrtim.o(i.HRTIM_ExternalEventConfig)
    i.HRTIM_GetCommonFlagStatus              0x08001596   Section        0  stm32f30x_hrtim.o(i.HRTIM_GetCommonFlagStatus)
    i.HRTIM_OutputConfig                     0x080015a6   Section        0  stm32f30x_hrtim.o(i.HRTIM_OutputConfig)
    HRTIM_OutputConfig                       0x080015a7   Thumb Code   158  stm32f30x_hrtim.o(i.HRTIM_OutputConfig)
    i.HRTIM_TimingUnitBase_Config            0x08001644   Section        0  stm32f30x_hrtim.o(i.HRTIM_TimingUnitBase_Config)
    HRTIM_TimingUnitBase_Config              0x08001645   Thumb Code    66  stm32f30x_hrtim.o(i.HRTIM_TimingUnitBase_Config)
    i.HRTIM_WaveformCounterStart             0x08001686   Section        0  stm32f30x_hrtim.o(i.HRTIM_WaveformCounterStart)
    i.HRTIM_WaveformOutputConfig             0x0800168e   Section        0  stm32f30x_hrtim.o(i.HRTIM_WaveformOutputConfig)
    i.HRTIM_WaveformOutputStart              0x08001692   Section        0  stm32f30x_hrtim.o(i.HRTIM_WaveformOutputStart)
    i.HRTIM_WaveformOutputStop               0x08001698   Section        0  stm32f30x_hrtim.o(i.HRTIM_WaveformOutputStop)
    i.HRTIM_WaveformTimerConfig              0x0800169e   Section        0  stm32f30x_hrtim.o(i.HRTIM_WaveformTimerConfig)
    i.HRTIM_Waveform_Init                    0x0800170c   Section        0  stm32f30x_hrtim.o(i.HRTIM_Waveform_Init)
    i.HRTimInit                              0x08001830   Section        0  hrtimer.o(i.HRTimInit)
    i.IWDG_Enable                            0x08001a38   Section        0  stm32f30x_iwdg.o(i.IWDG_Enable)
    i.IWDG_ReloadCounter                     0x08001a48   Section        0  stm32f30x_iwdg.o(i.IWDG_ReloadCounter)
    i.IWDG_SetPrescaler                      0x08001a58   Section        0  stm32f30x_iwdg.o(i.IWDG_SetPrescaler)
    i.IWDG_SetReload                         0x08001a64   Section        0  stm32f30x_iwdg.o(i.IWDG_SetReload)
    i.IWDG_WriteAccessCmd                    0x08001a70   Section        0  stm32f30x_iwdg.o(i.IWDG_WriteAccessCmd)
    i.Inv3pLoopClear                         0x08001a7c   Section        0  inv3p.o(i.Inv3pLoopClear)
    i.Inv3pLoopParamInit                     0x08001acc   Section        0  inv3p.o(i.Inv3pLoopParamInit)
    i.Inv3pOnoffProcess                      0x08001b20   Section        0  idle.o(i.Inv3pOnoffProcess)
    i.Inv3pStatusFresh                       0x08001c2c   Section        0  idle.o(i.Inv3pStatusFresh)
    i.IwdgInit                               0x08001ca8   Section        0  iwdg.o(i.IwdgInit)
    i.LedBlink                               0x08001ccc   Section        0  idle.o(i.LedBlink)
    i.NVIC_Init                              0x08001cdc   Section        0  stm32f30x_misc.o(i.NVIC_Init)
    i.NVIC_PriorityGroupConfig               0x08001d50   Section        0  stm32f30x_misc.o(i.NVIC_PriorityGroupConfig)
    i.NvicIrqSet                             0x08001d64   Section        0  nvic.o(i.NvicIrqSet)
    i.OledFresh                              0x08001d94   Section        0  idle.o(i.OledFresh)
    i.OledInit                               0x0800208c   Section        0  oled.o(i.OledInit)
    i.OledShowChar                           0x080021a0   Section        0  oled.o(i.OledShowChar)
    i.OledShowNum                            0x08002274   Section        0  oled.o(i.OledShowNum)
    i.OledShowString                         0x08002318   Section        0  oled.o(i.OledShowString)
    i.OledWrByte                             0x08002358   Section        0  oled.o(i.OledWrByte)
    i.RCC_ADCCLKConfig                       0x08002478   Section        0  stm32f30x_rcc.o(i.RCC_ADCCLKConfig)
    i.RCC_AHBPeriphClockCmd                  0x08002498   Section        0  stm32f30x_rcc.o(i.RCC_AHBPeriphClockCmd)
    i.RCC_AHBPeriphResetCmd                  0x080024b0   Section        0  stm32f30x_rcc.o(i.RCC_AHBPeriphResetCmd)
    i.RCC_APB1PeriphClockCmd                 0x080024c8   Section        0  stm32f30x_rcc.o(i.RCC_APB1PeriphClockCmd)
    i.RCC_APB1PeriphResetCmd                 0x080024e0   Section        0  stm32f30x_rcc.o(i.RCC_APB1PeriphResetCmd)
    i.RCC_APB2PeriphClockCmd                 0x080024f8   Section        0  stm32f30x_rcc.o(i.RCC_APB2PeriphClockCmd)
    i.RCC_APB2PeriphResetCmd                 0x08002510   Section        0  stm32f30x_rcc.o(i.RCC_APB2PeriphResetCmd)
    i.RCC_GetClocksFreq                      0x08002528   Section        0  stm32f30x_rcc.o(i.RCC_GetClocksFreq)
    i.RCC_HRTIM1CLKConfig                    0x08002810   Section        0  stm32f30x_rcc.o(i.RCC_HRTIM1CLKConfig)
    i.ReceiveDataFromPC                      0x08002828   Section        0  idle.o(i.ReceiveDataFromPC)
    i.RefValueClamp                          0x0800289c   Section        0  idle.o(i.RefValueClamp)
    i.SYSCFG_DMAChannelRemapConfig           0x080029bc   Section        0  stm32f30x_syscfg.o(i.SYSCFG_DMAChannelRemapConfig)
    i.SampleParamInit                        0x080029e8   Section        0  sample.o(i.SampleParamInit)
    i.SendDataToPc                           0x08002a68   Section        0  idle.o(i.SendDataToPc)
    i.SysTimInit                             0x08002b34   Section        0  sys_timer.o(i.SysTimInit)
    i.SystemInit                             0x08002b8c   Section        0  system_stm32f30x.o(i.SystemInit)
    i.TIM_ClearITPendingBit                  0x08002c84   Section        0  stm32f30x_tim.o(i.TIM_ClearITPendingBit)
    i.TIM_Cmd                                0x08002c8c   Section        0  stm32f30x_tim.o(i.TIM_Cmd)
    i.TIM_CtrlPWMOutputs                     0x08002c9e   Section        0  stm32f30x_tim.o(i.TIM_CtrlPWMOutputs)
    i.TIM_ITConfig                           0x08002cb0   Section        0  stm32f30x_tim.o(i.TIM_ITConfig)
    i.TIM_OC3Init                            0x08002cc2   Section        0  stm32f30x_tim.o(i.TIM_OC3Init)
    i.TIM_TimeBaseInit                       0x08002d38   Section        0  stm32f30x_tim.o(i.TIM_TimeBaseInit)
    i.TimInit                                0x08002dc8   Section        0  timer.o(i.TimInit)
    i.USART_Cmd                              0x08002e74   Section        0  stm32f30x_usart.o(i.USART_Cmd)
    i.USART_DMACmd                           0x08002e86   Section        0  stm32f30x_usart.o(i.USART_DMACmd)
    i.USART_DeInit                           0x08002e96   Section        0  stm32f30x_usart.o(i.USART_DeInit)
    i.USART_Init                             0x08002f2a   Section        0  stm32f30x_usart.o(i.USART_Init)
    i.UartInit                               0x08002ff4   Section        0  uart.o(i.UartInit)
    i.WriteIicByte                           0x080030cc   Section        0  oled.o(i.WriteIicByte)
    i.__scatterload_copy                     0x08003120   Section       14  handlers.o(i.__scatterload_copy)
    i.__scatterload_null                     0x0800312e   Section        2  handlers.o(i.__scatterload_null)
    i.__scatterload_zeroinit                 0x08003130   Section       14  handlers.o(i.__scatterload_zeroinit)
    i.main                                   0x08003140   Section        0  main.o(i.main)
    .constdata                               0x08003198   Section     8288  oled.o(.constdata)
    .constdata                               0x080051f8   Section     1032  math.o(.constdata)
    g_mathSinTable                           0x080051f8   Data        1032  math.o(.constdata)
    ccmram                                   0x10000034   Section        0  idle.o(ccmram)
    ccmram                                   0x10000170   Section        0  protect.o(ccmram)
    ccmram                                   0x10000490   Section        0  sample.o(ccmram)
    ccmram                                   0x10000618   Section        0  inv3p.o(ccmram)
    ccmram                                   0x10000d8c   Section        0  math.o(ccmram)
    .data                                    0x20000000   Section       48  stm32f30x_rcc.o(.data)
    APBAHBPrescTable                         0x20000000   Data          16  stm32f30x_rcc.o(.data)
    ADCPrescTable                            0x20000010   Data          32  stm32f30x_rcc.o(.data)
    .data                                    0x20000030   Section        4  sys_timer.o(.data)
    .data                                    0x20000034   Section       48  idle.o(.data)
    .data                                    0x20000064   Section        1  irq.o(.data)
    i                                        0x20000064   Data           1  irq.o(.data)
    .data                                    0x20000066   Section       16  protect.o(.data)
    resetCmd                                 0x20000072   Data           2  protect.o(.data)
    resetCmdDly                              0x20000074   Data           2  protect.o(.data)
    .data                                    0x20000076   Section       16  sample.o(.data)
    .data                                    0x20000088   Section        8  inv3p.o(.data)
    divCnt2                                  0x20000088   Data           2  inv3p.o(.data)
    .bss                                     0x20000090   Section       32  adc.o(.bss)
    .bss                                     0x200000b0   Section       20  uart.o(.bss)
    .bss                                     0x200000c4   Section       52  uart.o(.bss)
    .bss                                     0x200000f8   Section      128  sample.o(.bss)
    .bss                                     0x20000178   Section      308  inv3p.o(.bss)
    STACK                                    0x200002b0   Section     1024  startup_stm32f334x8.o(STACK)

    Global Symbols

    Symbol Name                              Value     Ov Type        Size  Object(Section)

    BuildAttributes$$THM_ISAv4$E$P$D$K$B$S$7EM$VFPi3$EXTD16$VFPS$VFMA$PE$A:L22UL41UL21$X:L11$S22US41US21$IEEE1$IW$USESV6$~STKCKD$USESV7$~SHL$OTIME$EBA8$MICROLIB$REQ8$PRES8$EABIv2 0x00000000   Number         0  anon$$obj.o ABSOLUTE
    __ARM_use_no_argv                        0x00000000   Number         0  main.o ABSOLUTE
    __cpp_initialize__aeabi_                  - Undefined Weak Reference
    __cxa_finalize                            - Undefined Weak Reference
    __decompress                              - Undefined Weak Reference
    _clock_init                               - Undefined Weak Reference
    _microlib_exit                            - Undefined Weak Reference
    __Vectors_Size                           0x00000188   Number         0  startup_stm32f334x8.o ABSOLUTE
    __Vectors                                0x08000000   Data           4  startup_stm32f334x8.o(RESET)
    __Vectors_End                            0x08000188   Data           0  startup_stm32f334x8.o(RESET)
    __main                                   0x08000189   Thumb Code     0  entry.o(.ARM.Collect$$$$00000000)
    _main_stk                                0x08000189   Thumb Code     0  entry2.o(.ARM.Collect$$$$00000001)
    _main_scatterload                        0x0800018d   Thumb Code     0  entry5.o(.ARM.Collect$$$$00000004)
    __main_after_scatterload                 0x08000191   Thumb Code     0  entry5.o(.ARM.Collect$$$$00000004)
    _main_clock                              0x08000191   Thumb Code     0  entry7b.o(.ARM.Collect$$$$00000008)
    _main_cpp_init                           0x08000191   Thumb Code     0  entry8b.o(.ARM.Collect$$$$0000000A)
    _main_init                               0x08000191   Thumb Code     0  entry9a.o(.ARM.Collect$$$$0000000B)
    __rt_final_cpp                           0x08000199   Thumb Code     0  entry10a.o(.ARM.Collect$$$$0000000D)
    __rt_final_exit                          0x08000199   Thumb Code     0  entry11a.o(.ARM.Collect$$$$0000000F)
    Reset_Handler                            0x0800019d   Thumb Code     8  startup_stm32f334x8.o(.text)
    NMI_Handler                              0x080001a5   Thumb Code     2  startup_stm32f334x8.o(.text)
    HardFault_Handler                        0x080001a7   Thumb Code     2  startup_stm32f334x8.o(.text)
    MemManage_Handler                        0x080001a9   Thumb Code     2  startup_stm32f334x8.o(.text)
    BusFault_Handler                         0x080001ab   Thumb Code     2  startup_stm32f334x8.o(.text)
    UsageFault_Handler                       0x080001ad   Thumb Code     2  startup_stm32f334x8.o(.text)
    SVC_Handler                              0x080001af   Thumb Code     2  startup_stm32f334x8.o(.text)
    DebugMon_Handler                         0x080001b1   Thumb Code     2  startup_stm32f334x8.o(.text)
    PendSV_Handler                           0x080001b3   Thumb Code     2  startup_stm32f334x8.o(.text)
    SysTick_Handler                          0x080001b5   Thumb Code     2  startup_stm32f334x8.o(.text)
    ADC1_2_IRQHandler                        0x080001b7   Thumb Code     0  startup_stm32f334x8.o(.text)
    CAN1_RX0_IRQHandler                      0x080001b7   Thumb Code     0  startup_stm32f334x8.o(.text)
    CAN1_RX1_IRQHandler                      0x080001b7   Thumb Code     0  startup_stm32f334x8.o(.text)
    CAN1_SCE_IRQHandler                      0x080001b7   Thumb Code     0  startup_stm32f334x8.o(.text)
    CAN1_TX_IRQHandler                       0x080001b7   Thumb Code     0  startup_stm32f334x8.o(.text)
    COMP2_IRQHandler                         0x080001b7   Thumb Code     0  startup_stm32f334x8.o(.text)
    COMP4_6_IRQHandler                       0x080001b7   Thumb Code     0  startup_stm32f334x8.o(.text)
    DMA1_Channel2_IRQHandler                 0x080001b7   Thumb Code     0  startup_stm32f334x8.o(.text)
    DMA1_Channel3_IRQHandler                 0x080001b7   Thumb Code     0  startup_stm32f334x8.o(.text)
    DMA1_Channel4_IRQHandler                 0x080001b7   Thumb Code     0  startup_stm32f334x8.o(.text)
    DMA1_Channel5_IRQHandler                 0x080001b7   Thumb Code     0  startup_stm32f334x8.o(.text)
    DMA1_Channel6_IRQHandler                 0x080001b7   Thumb Code     0  startup_stm32f334x8.o(.text)
    DMA1_Channel7_IRQHandler                 0x080001b7   Thumb Code     0  startup_stm32f334x8.o(.text)
    EXTI0_IRQHandler                         0x080001b7   Thumb Code     0  startup_stm32f334x8.o(.text)
    EXTI15_10_IRQHandler                     0x080001b7   Thumb Code     0  startup_stm32f334x8.o(.text)
    EXTI1_IRQHandler                         0x080001b7   Thumb Code     0  startup_stm32f334x8.o(.text)
    EXTI2_TS_IRQHandler                      0x080001b7   Thumb Code     0  startup_stm32f334x8.o(.text)
    EXTI3_IRQHandler                         0x080001b7   Thumb Code     0  startup_stm32f334x8.o(.text)
    EXTI4_IRQHandler                         0x080001b7   Thumb Code     0  startup_stm32f334x8.o(.text)
    EXTI9_5_IRQHandler                       0x080001b7   Thumb Code     0  startup_stm32f334x8.o(.text)
    FLASH_IRQHandler                         0x080001b7   Thumb Code     0  startup_stm32f334x8.o(.text)
    FPU_IRQHandler                           0x080001b7   Thumb Code     0  startup_stm32f334x8.o(.text)
    HRTIM1_FLT_IRQHandler                    0x080001b7   Thumb Code     0  startup_stm32f334x8.o(.text)
    HRTIM1_Master_IRQHandler                 0x080001b7   Thumb Code     0  startup_stm32f334x8.o(.text)
    HRTIM1_TIMA_IRQHandler                   0x080001b7   Thumb Code     0  startup_stm32f334x8.o(.text)
    HRTIM1_TIMB_IRQHandler                   0x080001b7   Thumb Code     0  startup_stm32f334x8.o(.text)
    HRTIM1_TIMC_IRQHandler                   0x080001b7   Thumb Code     0  startup_stm32f334x8.o(.text)
    HRTIM1_TIMD_IRQHandler                   0x080001b7   Thumb Code     0  startup_stm32f334x8.o(.text)
    HRTIM1_TIME_IRQHandler                   0x080001b7   Thumb Code     0  startup_stm32f334x8.o(.text)
    I2C1_ER_IRQHandler                       0x080001b7   Thumb Code     0  startup_stm32f334x8.o(.text)
    I2C1_EV_IRQHandler                       0x080001b7   Thumb Code     0  startup_stm32f334x8.o(.text)
    PVD_IRQHandler                           0x080001b7   Thumb Code     0  startup_stm32f334x8.o(.text)
    RCC_IRQHandler                           0x080001b7   Thumb Code     0  startup_stm32f334x8.o(.text)
    RTC_Alarm_IRQHandler                     0x080001b7   Thumb Code     0  startup_stm32f334x8.o(.text)
    RTC_WKUP_IRQHandler                      0x080001b7   Thumb Code     0  startup_stm32f334x8.o(.text)
    SPI1_IRQHandler                          0x080001b7   Thumb Code     0  startup_stm32f334x8.o(.text)
    TAMPER_STAMP_IRQHandler                  0x080001b7   Thumb Code     0  startup_stm32f334x8.o(.text)
    TIM1_BRK_TIM15_IRQHandler                0x080001b7   Thumb Code     0  startup_stm32f334x8.o(.text)
    TIM1_CC_IRQHandler                       0x080001b7   Thumb Code     0  startup_stm32f334x8.o(.text)
    TIM1_TRG_COM_TIM17_IRQHandler            0x080001b7   Thumb Code     0  startup_stm32f334x8.o(.text)
    TIM1_UP_TIM16_IRQHandler                 0x080001b7   Thumb Code     0  startup_stm32f334x8.o(.text)
    TIM2_IRQHandler                          0x080001b7   Thumb Code     0  startup_stm32f334x8.o(.text)
    TIM3_IRQHandler                          0x080001b7   Thumb Code     0  startup_stm32f334x8.o(.text)
    TIM7_DAC2_IRQHandler                     0x080001b7   Thumb Code     0  startup_stm32f334x8.o(.text)
    USART1_IRQHandler                        0x080001b7   Thumb Code     0  startup_stm32f334x8.o(.text)
    USART2_IRQHandler                        0x080001b7   Thumb Code     0  startup_stm32f334x8.o(.text)
    USART3_IRQHandler                        0x080001b7   Thumb Code     0  startup_stm32f334x8.o(.text)
    WWDG_IRQHandler                          0x080001b7   Thumb Code     0  startup_stm32f334x8.o(.text)
    __scatterload                            0x080001c1   Thumb Code    28  init.o(.text)
    __scatterload_rt2                        0x080001c1   Thumb Code     0  init.o(.text)
    Long Thumb to Thumb Veneer to ProtectPoll 0x080001e5   Thumb Code    10  anon$$obj.o(Veneer$$Code)
    Long Thumb to Thumb Veneer to ReportFilter 0x080001ef   Thumb Code    10  anon$$obj.o(Veneer$$Code)
    Long Thumb to Thumb Veneer to Inv3pControlLoop 0x080001f9   Thumb Code    10  anon$$obj.o(Veneer$$Code)
    Long Thumb to Thumb Veneer to Inv3pPwmOn 0x08000203   Thumb Code    10  anon$$obj.o(Veneer$$Code)
    Long Thumb to Thumb Veneer to Inv3pPwmOff 0x0800020d   Thumb Code    10  anon$$obj.o(Veneer$$Code)
    TIM6_DAC1_IRQHandler                     0x08000219   Thumb Code   148  irq.o(ccmram)
    DMA1_Channel1_IRQHandler                 0x080002ad   Thumb Code    16  irq.o(ccmram)
    ADC_Cmd                                  0x080002cd   Thumb Code    18  stm32f30x_adc.o(i.ADC_Cmd)
    ADC_CommonInit                           0x080002e1   Thumb Code    70  stm32f30x_adc.o(i.ADC_CommonInit)
    ADC_DMACmd                               0x08000335   Thumb Code    18  stm32f30x_adc.o(i.ADC_DMACmd)
    ADC_DMAConfig                            0x08000347   Thumb Code    16  stm32f30x_adc.o(i.ADC_DMAConfig)
    ADC_DeInit                               0x08000357   Thumb Code    82  stm32f30x_adc.o(i.ADC_DeInit)
    ADC_GetCalibrationStatus                 0x080003a9   Thumb Code    16  stm32f30x_adc.o(i.ADC_GetCalibrationStatus)
    ADC_GetFlagStatus                        0x080003b9   Thumb Code    14  stm32f30x_adc.o(i.ADC_GetFlagStatus)
    ADC_Init                                 0x080003c9   Thumb Code    74  stm32f30x_adc.o(i.ADC_Init)
    ADC_RegularChannelConfig                 0x08000419   Thumb Code   218  stm32f30x_adc.o(i.ADC_RegularChannelConfig)
    ADC_SelectCalibrationMode                0x080004f3   Thumb Code    16  stm32f30x_adc.o(i.ADC_SelectCalibrationMode)
    ADC_StartCalibration                     0x08000503   Thumb Code    10  stm32f30x_adc.o(i.ADC_StartCalibration)
    ADC_StartConversion                      0x0800050d   Thumb Code    10  stm32f30x_adc.o(i.ADC_StartConversion)
    ADC_StructInit                           0x08000517   Thumb Code    22  stm32f30x_adc.o(i.ADC_StructInit)
    ADC_VoltageRegulatorCmd                  0x0800052d   Thumb Code    26  stm32f30x_adc.o(i.ADC_VoltageRegulatorCmd)
    AdcInit                                  0x08000549   Thumb Code   704  adc.o(i.AdcInit)
    COMP_Cmd                                 0x08000829   Thumb Code    26  stm32f30x_comp.o(i.COMP_Cmd)
    COMP_Init                                0x08000843   Thumb Code    66  stm32f30x_comp.o(i.COMP_Init)
    CompInit                                 0x08000885   Thumb Code    46  comp.o(i.CompInit)
    DAC_Cmd                                  0x080008b3   Thumb Code    22  stm32f30x_dac.o(i.DAC_Cmd)
    DAC_DeInit                               0x080008c9   Thumb Code    58  stm32f30x_dac.o(i.DAC_DeInit)
    DAC_Init                                 0x08000903   Thumb Code    46  stm32f30x_dac.o(i.DAC_Init)
    DAC_SetChannel2Data                      0x08000931   Thumb Code    14  stm32f30x_dac.o(i.DAC_SetChannel2Data)
    DMA_ClearFlag                            0x08000941   Thumb Code    16  stm32f30x_dma.o(i.DMA_ClearFlag)
    DMA_ClearITPendingBit                    0x08000959   Thumb Code    16  stm32f30x_dma.o(i.DMA_ClearITPendingBit)
    DMA_Cmd                                  0x08000971   Thumb Code    20  stm32f30x_dma.o(i.DMA_Cmd)
    DMA_DeInit                               0x08000985   Thumb Code   206  stm32f30x_dma.o(i.DMA_DeInit)
    DMA_GetCurrDataCounter                   0x08000a89   Thumb Code     6  stm32f30x_dma.o(i.DMA_GetCurrDataCounter)
    DMA_GetFlagStatus                        0x08000a91   Thumb Code    24  stm32f30x_dma.o(i.DMA_GetFlagStatus)
    DMA_ITConfig                             0x08000ab1   Thumb Code    16  stm32f30x_dma.o(i.DMA_ITConfig)
    DMA_Init                                 0x08000ac1   Thumb Code    82  stm32f30x_dma.o(i.DMA_Init)
    DMA_SetCurrDataCounter                   0x08000b13   Thumb Code     4  stm32f30x_dma.o(i.DMA_SetCurrDataCounter)
    DacInit                                  0x08000b19   Thumb Code    66  dac.o(i.DacInit)
    DelayMs                                  0x08000b61   Thumb Code    36  timer.o(i.DelayMs)
    FanStatusFresh                           0x08000b89   Thumb Code    26  idle.o(i.FanStatusFresh)
    GPIO_Init                                0x08000ba9   Thumb Code   122  stm32f30x_gpio.o(i.GPIO_Init)
    GPIO_PinAFConfig                         0x08000c23   Thumb Code    34  stm32f30x_gpio.o(i.GPIO_PinAFConfig)
    GPIO_ReadOutputDataBit                   0x08000c45   Thumb Code    14  stm32f30x_gpio.o(i.GPIO_ReadOutputDataBit)
    GPIO_ResetBits                           0x08000c53   Thumb Code     4  stm32f30x_gpio.o(i.GPIO_ResetBits)
    GPIO_SetBits                             0x08000c57   Thumb Code     4  stm32f30x_gpio.o(i.GPIO_SetBits)
    GpioInit                                 0x08000c5d   Thumb Code  1726  gpio.o(i.GpioInit)
    GpioOutputToggle                         0x0800131b   Thumb Code    36  gpio.o(i.GpioOutputToggle)
    HRTIM_ADCTriggerConfig                   0x0800133f   Thumb Code    94  stm32f30x_hrtim.o(i.HRTIM_ADCTriggerConfig)
    HRTIM_DLLCalibrationStart                0x0800139d   Thumb Code    36  stm32f30x_hrtim.o(i.HRTIM_DLLCalibrationStart)
    HRTIM_EventConfig                        0x080013c1   Thumb Code     4  stm32f30x_hrtim.o(i.HRTIM_EventConfig)
    HRTIM_GetCommonFlagStatus                0x08001597   Thumb Code    16  stm32f30x_hrtim.o(i.HRTIM_GetCommonFlagStatus)
    HRTIM_WaveformCounterStart               0x08001687   Thumb Code     8  stm32f30x_hrtim.o(i.HRTIM_WaveformCounterStart)
    HRTIM_WaveformOutputConfig               0x0800168f   Thumb Code     4  stm32f30x_hrtim.o(i.HRTIM_WaveformOutputConfig)
    HRTIM_WaveformOutputStart                0x08001693   Thumb Code     6  stm32f30x_hrtim.o(i.HRTIM_WaveformOutputStart)
    HRTIM_WaveformOutputStop                 0x08001699   Thumb Code     6  stm32f30x_hrtim.o(i.HRTIM_WaveformOutputStop)
    HRTIM_WaveformTimerConfig                0x0800169f   Thumb Code   110  stm32f30x_hrtim.o(i.HRTIM_WaveformTimerConfig)
    HRTIM_Waveform_Init                      0x0800170d   Thumb Code   290  stm32f30x_hrtim.o(i.HRTIM_Waveform_Init)
    HRTimInit                                0x08001831   Thumb Code   484  hrtimer.o(i.HRTimInit)
    IWDG_Enable                              0x08001a39   Thumb Code    10  stm32f30x_iwdg.o(i.IWDG_Enable)
    IWDG_ReloadCounter                       0x08001a49   Thumb Code    10  stm32f30x_iwdg.o(i.IWDG_ReloadCounter)
    IWDG_SetPrescaler                        0x08001a59   Thumb Code     6  stm32f30x_iwdg.o(i.IWDG_SetPrescaler)
    IWDG_SetReload                           0x08001a65   Thumb Code     6  stm32f30x_iwdg.o(i.IWDG_SetReload)
    IWDG_WriteAccessCmd                      0x08001a71   Thumb Code     6  stm32f30x_iwdg.o(i.IWDG_WriteAccessCmd)
    Inv3pLoopClear                           0x08001a7d   Thumb Code    72  inv3p.o(i.Inv3pLoopClear)
    Inv3pLoopParamInit                       0x08001acd   Thumb Code    60  inv3p.o(i.Inv3pLoopParamInit)
    Inv3pOnoffProcess                        0x08001b21   Thumb Code   228  idle.o(i.Inv3pOnoffProcess)
    Inv3pStatusFresh                         0x08001c2d   Thumb Code   112  idle.o(i.Inv3pStatusFresh)
    IwdgInit                                 0x08001ca9   Thumb Code    36  iwdg.o(i.IwdgInit)
    LedBlink                                 0x08001ccd   Thumb Code    10  idle.o(i.LedBlink)
    NVIC_Init                                0x08001cdd   Thumb Code   112  stm32f30x_misc.o(i.NVIC_Init)
    NVIC_PriorityGroupConfig                 0x08001d51   Thumb Code    14  stm32f30x_misc.o(i.NVIC_PriorityGroupConfig)
    NvicIrqSet                               0x08001d65   Thumb Code    48  nvic.o(i.NvicIrqSet)
    OledFresh                                0x08001d95   Thumb Code   700  idle.o(i.OledFresh)
    OledInit                                 0x0800208d   Thumb Code   274  oled.o(i.OledInit)
    OledShowChar                             0x080021a1   Thumb Code   202  oled.o(i.OledShowChar)
    OledShowNum                              0x08002275   Thumb Code   160  oled.o(i.OledShowNum)
    OledShowString                           0x08002319   Thumb Code    64  oled.o(i.OledShowString)
    OledWrByte                               0x08002359   Thumb Code   278  oled.o(i.OledWrByte)
    RCC_ADCCLKConfig                         0x08002479   Thumb Code    26  stm32f30x_rcc.o(i.RCC_ADCCLKConfig)
    RCC_AHBPeriphClockCmd                    0x08002499   Thumb Code    18  stm32f30x_rcc.o(i.RCC_AHBPeriphClockCmd)
    RCC_AHBPeriphResetCmd                    0x080024b1   Thumb Code    18  stm32f30x_rcc.o(i.RCC_AHBPeriphResetCmd)
    RCC_APB1PeriphClockCmd                   0x080024c9   Thumb Code    18  stm32f30x_rcc.o(i.RCC_APB1PeriphClockCmd)
    RCC_APB1PeriphResetCmd                   0x080024e1   Thumb Code    18  stm32f30x_rcc.o(i.RCC_APB1PeriphResetCmd)
    RCC_APB2PeriphClockCmd                   0x080024f9   Thumb Code    18  stm32f30x_rcc.o(i.RCC_APB2PeriphClockCmd)
    RCC_APB2PeriphResetCmd                   0x08002511   Thumb Code    18  stm32f30x_rcc.o(i.RCC_APB2PeriphResetCmd)
    RCC_GetClocksFreq                        0x08002529   Thumb Code   724  stm32f30x_rcc.o(i.RCC_GetClocksFreq)
    RCC_HRTIM1CLKConfig                      0x08002811   Thumb Code    18  stm32f30x_rcc.o(i.RCC_HRTIM1CLKConfig)
    ReceiveDataFromPC                        0x08002829   Thumb Code   102  idle.o(i.ReceiveDataFromPC)
    RefValueClamp                            0x0800289d   Thumb Code   236  idle.o(i.RefValueClamp)
    SYSCFG_DMAChannelRemapConfig             0x080029bd   Thumb Code    40  stm32f30x_syscfg.o(i.SYSCFG_DMAChannelRemapConfig)
    SampleParamInit                          0x080029e9   Thumb Code   102  sample.o(i.SampleParamInit)
    SendDataToPc                             0x08002a69   Thumb Code   174  idle.o(i.SendDataToPc)
    SysTimInit                               0x08002b35   Thumb Code    80  sys_timer.o(i.SysTimInit)
    SystemInit                               0x08002b8d   Thumb Code   222  system_stm32f30x.o(i.SystemInit)
    TIM_ClearITPendingBit                    0x08002c85   Thumb Code     8  stm32f30x_tim.o(i.TIM_ClearITPendingBit)
    TIM_Cmd                                  0x08002c8d   Thumb Code    18  stm32f30x_tim.o(i.TIM_Cmd)
    TIM_CtrlPWMOutputs                       0x08002c9f   Thumb Code    18  stm32f30x_tim.o(i.TIM_CtrlPWMOutputs)
    TIM_ITConfig                             0x08002cb1   Thumb Code    18  stm32f30x_tim.o(i.TIM_ITConfig)
    TIM_OC3Init                              0x08002cc3   Thumb Code   116  stm32f30x_tim.o(i.TIM_OC3Init)
    TIM_TimeBaseInit                         0x08002d39   Thumb Code   136  stm32f30x_tim.o(i.TIM_TimeBaseInit)
    TimInit                                  0x08002dc9   Thumb Code   162  timer.o(i.TimInit)
    USART_Cmd                                0x08002e75   Thumb Code    18  stm32f30x_usart.o(i.USART_Cmd)
    USART_DMACmd                             0x08002e87   Thumb Code    16  stm32f30x_usart.o(i.USART_DMACmd)
    USART_DeInit                             0x08002e97   Thumb Code   148  stm32f30x_usart.o(i.USART_DeInit)
    USART_Init                               0x08002f2b   Thumb Code   202  stm32f30x_usart.o(i.USART_Init)
    UartInit                                 0x08002ff5   Thumb Code   188  uart.o(i.UartInit)
    WriteIicByte                             0x080030cd   Thumb Code    76  oled.o(i.WriteIicByte)
    __scatterload_copy                       0x08003121   Thumb Code    14  handlers.o(i.__scatterload_copy)
    __scatterload_null                       0x0800312f   Thumb Code     2  handlers.o(i.__scatterload_null)
    __scatterload_zeroinit                   0x08003131   Thumb Code    14  handlers.o(i.__scatterload_zeroinit)
    main                                     0x08003141   Thumb Code    78  main.o(i.main)
    F6x8                                     0x08003198   Data        2208  oled.o(.constdata)
    F8X16                                    0x08003a38   Data        6080  oled.o(.constdata)
    Region$$Table$$Base                      0x08005600   Number         0  anon$$obj.o(Region$$Table)
    Region$$Table$$Limit                     0x08005630   Number         0  anon$$obj.o(Region$$Table)
    Long Thumb to Thumb Veneer to GPIO_SetBits 0x10000001   Thumb Code    10  anon$$obj.o(Veneer$$Code)
    Long Thumb to Thumb Veneer to TIM_Cmd    0x1000000b   Thumb Code    10  anon$$obj.o(Veneer$$Code)
    Long Thumb to Thumb Veneer to GPIO_ResetBits 0x10000015   Thumb Code    10  anon$$obj.o(Veneer$$Code)
    Long Thumb to Thumb Veneer to HRTIM_WaveformOutputStart 0x1000001f   Thumb Code    10  anon$$obj.o(Veneer$$Code)
    Long Thumb to Thumb Veneer to HRTIM_WaveformOutputStop 0x10000029   Thumb Code    10  anon$$obj.o(Veneer$$Code)
    AbsInt16                                 0x10000035   Thumb Code    10  idle.o(ccmram)
    AbsFloat                                 0x1000003f   Thumb Code    16  idle.o(ccmram)
    LowPassFilter                            0x1000004f   Thumb Code    30  idle.o(ccmram)
    ReportFilter                             0x1000006d   Thumb Code   230  idle.o(ccmram)
    Inv3pProtectClear                        0x10000171   Thumb Code    24  protect.o(ccmram)
    SlowProtectDetect                        0x10000189   Thumb Code    52  protect.o(ccmram)
    FastProtectDetect                        0x100001bd   Thumb Code    30  protect.o(ccmram)
    ProtectPoll                              0x100001db   Thumb Code   600  protect.o(ccmram)
    SampleTransfer                           0x10000491   Thumb Code    28  sample.o(ccmram)
    Inv3pSampleRaw                           0x100004ad   Thumb Code    40  sample.o(ccmram)
    Inv3pSampleCalculate                     0x100004d5   Thumb Code   308  sample.o(ccmram)
    PIController                             0x10000619   Thumb Code    84  inv3p.o(ccmram)
    ThirdHarmonCalca                         0x1000066d   Thumb Code    98  inv3p.o(ccmram)
    InverterThetaGenreation                  0x100006cf   Thumb Code    54  inv3p.o(ccmram)
    Inv3pVoltLoop                            0x10000705   Thumb Code   184  inv3p.o(ccmram)
    Inv3pCurrLoop                            0x100007bd   Thumb Code   370  inv3p.o(ccmram)
    Inv3pPwmOn                               0x1000092f   Thumb Code    56  inv3p.o(ccmram)
    Inv3pPwmOff                              0x10000967   Thumb Code   104  inv3p.o(ccmram)
    OutputOfInv3pPwm                         0x100009cf   Thumb Code   746  inv3p.o(ccmram)
    Inv3pControlLoop                         0x10000cb9   Thumb Code   150  inv3p.o(ccmram)
    Sin                                      0x10000d8d   Thumb Code   146  math.o(ccmram)
    Cos                                      0x10000e1f   Thumb Code    10  math.o(ccmram)
    Sqrt                                     0x10000e29   Thumb Code    48  math.o(ccmram)
    AbcToDq                                  0x10000e59   Thumb Code   138  math.o(ccmram)
    DqToAbc                                  0x10000ee3   Thumb Code   126  math.o(ccmram)
    g_systemTimeBaseMs                       0x20000030   Data           4  sys_timer.o(.data)
    g_vacDReport                             0x20000034   Data           4  idle.o(.data)
    g_vacQReport                             0x20000038   Data           4  idle.o(.data)
    g_iacDReport                             0x2000003c   Data           4  idle.o(.data)
    g_iacQReport                             0x20000040   Data           4  idle.o(.data)
    g_vacRmsReport                           0x20000044   Data           4  idle.o(.data)
    g_iacRmsReport                           0x20000048   Data           4  idle.o(.data)
    g_moduReport                             0x2000004c   Data           4  idle.o(.data)
    g_inv3pModuRef                           0x20000050   Data           4  idle.o(.data)
    g_inv3pFreqRef                           0x20000054   Data           4  idle.o(.data)
    g_inv3pVacRef                            0x20000058   Data           4  idle.o(.data)
    g_inv3pIacRef                            0x2000005c   Data           4  idle.o(.data)
    g_inv3pVacRefRamp                        0x20000060   Data           4  idle.o(.data)
    g_dcOvpCnt                               0x20000066   Data           2  protect.o(.data)
    g_dcOcpCnt                               0x20000068   Data           2  protect.o(.data)
    g_acDOvpCnt                              0x2000006a   Data           2  protect.o(.data)
    g_acQOvpCnt                              0x2000006c   Data           2  protect.o(.data)
    g_acDOcpCnt                              0x2000006e   Data           2  protect.o(.data)
    g_acQOcpCnt                              0x20000070   Data           2  protect.o(.data)
    g_inv3pVacARaw                           0x20000076   Data           2  sample.o(.data)
    g_inv3pVacBRaw                           0x20000078   Data           2  sample.o(.data)
    g_inv3pVacCRaw                           0x2000007a   Data           2  sample.o(.data)
    g_inv3pIacARaw                           0x2000007c   Data           2  sample.o(.data)
    g_inv3pIacBRaw                           0x2000007e   Data           2  sample.o(.data)
    g_inv3pIacCRaw                           0x20000080   Data           2  sample.o(.data)
    g_inv3pVdcRaw                            0x20000082   Data           2  sample.o(.data)
    g_inv3pIdcRaw                            0x20000084   Data           2  sample.o(.data)
    g_vdcRealFilter                          0x2000008c   Data           4  inv3p.o(.data)
    g_adc1Result                             0x20000090   Data          16  adc.o(.bss)
    g_adc2Result                             0x200000a0   Data          16  adc.o(.bss)
    g_cmdFromPC                              0x200000b0   Data          20  uart.o(.bss)
    g_cmdFromPCTemp                          0x200000c4   Data          20  uart.o(.bss)
    g_sendToPC                               0x200000d8   Data          32  uart.o(.bss)
    g_inv3pVacA                              0x200000f8   Data          16  sample.o(.bss)
    g_inv3pVacB                              0x20000108   Data          16  sample.o(.bss)
    g_inv3pVacC                              0x20000118   Data          16  sample.o(.bss)
    g_inv3pIacA                              0x20000128   Data          16  sample.o(.bss)
    g_inv3pIacB                              0x20000138   Data          16  sample.o(.bss)
    g_inv3pIacC                              0x20000148   Data          16  sample.o(.bss)
    g_inv3pVdc                               0x20000158   Data          16  sample.o(.bss)
    g_inv3pIdc                               0x20000168   Data          16  sample.o(.bss)
    g_inv3pLoop                              0x20000178   Data         200  inv3p.o(.bss)
    g_vacReal                                0x20000240   Data          36  inv3p.o(.bss)
    g_iacReal                                0x20000264   Data          36  inv3p.o(.bss)
    g_modulateSign                           0x20000288   Data          36  inv3p.o(.bss)
    __initial_sp                             0x200006b0   Data           0  startup_stm32f334x8.o(STACK)



==============================================================================

Memory Map of the image

  Image Entry point : 0x08000189

  Load Region LR_IROM1 (Base: 0x08000000, Size: 0x00006644, Max: 0x00010000, ABSOLUTE)

    Execution Region ER_IROM1 (Base: 0x08000000, Size: 0x00005630, Max: 0x00010000, ABSOLUTE)

    Base Addr    Size         Type   Attr      Idx    E Section Name        Object

    0x08000000   0x00000188   Data   RO            3    RESET               startup_stm32f334x8.o
    0x08000188   0x00000000   Code   RO         5022  * .ARM.Collect$$$$00000000  mc_w.l(entry.o)
    0x08000188   0x00000004   Code   RO         5025    .ARM.Collect$$$$00000001  mc_w.l(entry2.o)
    0x0800018c   0x00000004   Code   RO         5028    .ARM.Collect$$$$00000004  mc_w.l(entry5.o)
    0x08000190   0x00000000   Code   RO         5030    .ARM.Collect$$$$00000008  mc_w.l(entry7b.o)
    0x08000190   0x00000000   Code   RO         5032    .ARM.Collect$$$$0000000A  mc_w.l(entry8b.o)
    0x08000190   0x00000008   Code   RO         5033    .ARM.Collect$$$$0000000B  mc_w.l(entry9a.o)
    0x08000198   0x00000000   Code   RO         5035    .ARM.Collect$$$$0000000D  mc_w.l(entry10a.o)
    0x08000198   0x00000000   Code   RO         5037    .ARM.Collect$$$$0000000F  mc_w.l(entry11a.o)
    0x08000198   0x00000004   Code   RO         5026    .ARM.Collect$$$$00002712  mc_w.l(entry2.o)
    0x0800019c   0x00000024   Code   RO            4    .text               startup_stm32f334x8.o
    0x080001c0   0x00000024   Code   RO         5039    .text               mc_w.l(init.o)
    0x080001e4   0x0000000a   Ven    RO         5049    Veneer$$Code        anon$$obj.o
    0x080001ee   0x0000000a   Ven    RO         5050    Veneer$$Code        anon$$obj.o
    0x080001f8   0x0000000a   Ven    RO         5051    Veneer$$Code        anon$$obj.o
    0x08000202   0x0000000a   Ven    RO         5052    Veneer$$Code        anon$$obj.o
    0x0800020c   0x0000000a   Ven    RO         5053    Veneer$$Code        anon$$obj.o
    0x08000216   0x00000002   PAD
    0x08000218   0x000000b4   Code   RO         4713    ccmram              irq.o
    0x080002cc   0x00000012   Code   RO           28    i.ADC_Cmd           stm32f30x_adc.o
    0x080002de   0x00000002   PAD
    0x080002e0   0x00000054   Code   RO           29    i.ADC_CommonInit    stm32f30x_adc.o
    0x08000334   0x00000012   Code   RO           31    i.ADC_DMACmd        stm32f30x_adc.o
    0x08000346   0x00000010   Code   RO           32    i.ADC_DMAConfig     stm32f30x_adc.o
    0x08000356   0x00000052   Code   RO           33    i.ADC_DeInit        stm32f30x_adc.o
    0x080003a8   0x00000010   Code   RO           38    i.ADC_GetCalibrationStatus  stm32f30x_adc.o
    0x080003b8   0x0000000e   Code   RO           44    i.ADC_GetFlagStatus  stm32f30x_adc.o
    0x080003c6   0x00000002   PAD
    0x080003c8   0x00000050   Code   RO           50    i.ADC_Init          stm32f30x_adc.o
    0x08000418   0x000000da   Code   RO           55    i.ADC_RegularChannelConfig  stm32f30x_adc.o
    0x080004f2   0x00000010   Code   RO           57    i.ADC_SelectCalibrationMode  stm32f30x_adc.o
    0x08000502   0x0000000a   Code   RO           65    i.ADC_StartCalibration  stm32f30x_adc.o
    0x0800050c   0x0000000a   Code   RO           66    i.ADC_StartConversion  stm32f30x_adc.o
    0x08000516   0x00000016   Code   RO           70    i.ADC_StructInit    stm32f30x_adc.o
    0x0800052c   0x0000001a   Code   RO           73    i.ADC_VoltageRegulatorCmd  stm32f30x_adc.o
    0x08000546   0x00000002   PAD
    0x08000548   0x000002e0   Code   RO         4403    i.AdcInit           adc.o
    0x08000828   0x0000001a   Code   RO          658    i.COMP_Cmd          stm32f30x_comp.o
    0x08000842   0x00000042   Code   RO          661    i.COMP_Init         stm32f30x_comp.o
    0x08000884   0x0000002e   Code   RO         4433    i.CompInit          comp.o
    0x080008b2   0x00000016   Code   RO          820    i.DAC_Cmd           stm32f30x_dac.o
    0x080008c8   0x0000003a   Code   RO          822    i.DAC_DeInit        stm32f30x_dac.o
    0x08000902   0x0000002e   Code   RO          828    i.DAC_Init          stm32f30x_dac.o
    0x08000930   0x0000000e   Code   RO          830    i.DAC_SetChannel2Data  stm32f30x_dac.o
    0x0800093e   0x00000002   PAD
    0x08000940   0x00000018   Code   RO          978    i.DMA_ClearFlag     stm32f30x_dma.o
    0x08000958   0x00000018   Code   RO          979    i.DMA_ClearITPendingBit  stm32f30x_dma.o
    0x08000970   0x00000014   Code   RO          980    i.DMA_Cmd           stm32f30x_dma.o
    0x08000984   0x00000104   Code   RO          981    i.DMA_DeInit        stm32f30x_dma.o
    0x08000a88   0x00000006   Code   RO          982    i.DMA_GetCurrDataCounter  stm32f30x_dma.o
    0x08000a8e   0x00000002   PAD
    0x08000a90   0x00000020   Code   RO          983    i.DMA_GetFlagStatus  stm32f30x_dma.o
    0x08000ab0   0x00000010   Code   RO          985    i.DMA_ITConfig      stm32f30x_dma.o
    0x08000ac0   0x00000052   Code   RO          986    i.DMA_Init          stm32f30x_dma.o
    0x08000b12   0x00000004   Code   RO          987    i.DMA_SetCurrDataCounter  stm32f30x_dma.o
    0x08000b16   0x00000002   PAD
    0x08000b18   0x00000048   Code   RO         4456    i.DacInit           dac.o
    0x08000b60   0x00000028   Code   RO         4574    i.DelayMs           timer.o
    0x08000b88   0x00000020   Code   RO         4634    i.FanStatusFresh    idle.o
    0x08000ba8   0x0000007a   Code   RO         1308    i.GPIO_Init         stm32f30x_gpio.o
    0x08000c22   0x00000022   Code   RO         1309    i.GPIO_PinAFConfig  stm32f30x_gpio.o
    0x08000c44   0x0000000e   Code   RO         1314    i.GPIO_ReadOutputDataBit  stm32f30x_gpio.o
    0x08000c52   0x00000004   Code   RO         1315    i.GPIO_ResetBits    stm32f30x_gpio.o
    0x08000c56   0x00000004   Code   RO         1316    i.GPIO_SetBits      stm32f30x_gpio.o
    0x08000c5a   0x00000002   PAD
    0x08000c5c   0x000006be   Code   RO         4479    i.GpioInit          gpio.o
    0x0800131a   0x00000024   Code   RO         4481    i.GpioOutputToggle  gpio.o
    0x0800133e   0x0000005e   Code   RO         1399    i.HRTIM_ADCTriggerConfig  stm32f30x_hrtim.o
    0x0800139c   0x00000024   Code   RO         1408    i.HRTIM_DLLCalibrationStart  stm32f30x_hrtim.o
    0x080013c0   0x00000004   Code   RO         1412    i.HRTIM_EventConfig  stm32f30x_hrtim.o
    0x080013c4   0x000001d2   Code   RO         1414    i.HRTIM_ExternalEventConfig  stm32f30x_hrtim.o
    0x08001596   0x00000010   Code   RO         1420    i.HRTIM_GetCommonFlagStatus  stm32f30x_hrtim.o
    0x080015a6   0x0000009e   Code   RO         1430    i.HRTIM_OutputConfig  stm32f30x_hrtim.o
    0x08001644   0x00000042   Code   RO         1456    i.HRTIM_TimingUnitBase_Config  stm32f30x_hrtim.o
    0x08001686   0x00000008   Code   RO         1459    i.HRTIM_WaveformCounterStart  stm32f30x_hrtim.o
    0x0800168e   0x00000004   Code   RO         1463    i.HRTIM_WaveformOutputConfig  stm32f30x_hrtim.o
    0x08001692   0x00000006   Code   RO         1464    i.HRTIM_WaveformOutputStart  stm32f30x_hrtim.o
    0x08001698   0x00000006   Code   RO         1465    i.HRTIM_WaveformOutputStop  stm32f30x_hrtim.o
    0x0800169e   0x0000006e   Code   RO         1467    i.HRTIM_WaveformTimerConfig  stm32f30x_hrtim.o
    0x0800170c   0x00000122   Code   RO         1468    i.HRTIM_Waveform_Init  stm32f30x_hrtim.o
    0x0800182e   0x00000002   PAD
    0x08001830   0x00000208   Code   RO         4511    i.HRTimInit         hrtimer.o
    0x08001a38   0x00000010   Code   RO         2098    i.IWDG_Enable       stm32f30x_iwdg.o
    0x08001a48   0x00000010   Code   RO         2100    i.IWDG_ReloadCounter  stm32f30x_iwdg.o
    0x08001a58   0x0000000c   Code   RO         2101    i.IWDG_SetPrescaler  stm32f30x_iwdg.o
    0x08001a64   0x0000000c   Code   RO         2102    i.IWDG_SetReload    stm32f30x_iwdg.o
    0x08001a70   0x0000000c   Code   RO         2104    i.IWDG_WriteAccessCmd  stm32f30x_iwdg.o
    0x08001a7c   0x00000050   Code   RO         4927    i.Inv3pLoopClear    inv3p.o
    0x08001acc   0x00000054   Code   RO         4928    i.Inv3pLoopParamInit  inv3p.o
    0x08001b20   0x0000010c   Code   RO         4635    i.Inv3pOnoffProcess  idle.o
    0x08001c2c   0x0000007c   Code   RO         4636    i.Inv3pStatusFresh  idle.o
    0x08001ca8   0x00000024   Code   RO         4531    i.IwdgInit          iwdg.o
    0x08001ccc   0x00000010   Code   RO         4637    i.LedBlink          idle.o
    0x08001cdc   0x00000074   Code   RO         2154    i.NVIC_Init         stm32f30x_misc.o
    0x08001d50   0x00000014   Code   RO         2155    i.NVIC_PriorityGroupConfig  stm32f30x_misc.o
    0x08001d64   0x00000030   Code   RO         4554    i.NvicIrqSet        nvic.o
    0x08001d94   0x000002f8   Code   RO         4638    i.OledFresh         idle.o
    0x0800208c   0x00000112   Code   RO         4760    i.OledInit          oled.o
    0x0800219e   0x00000002   PAD
    0x080021a0   0x000000d4   Code   RO         4764    i.OledShowChar      oled.o
    0x08002274   0x000000a4   Code   RO         4765    i.OledShowNum       oled.o
    0x08002318   0x00000040   Code   RO         4766    i.OledShowString    oled.o
    0x08002358   0x00000120   Code   RO         4767    i.OledWrByte        oled.o
    0x08002478   0x00000020   Code   RO         2376    i.RCC_ADCCLKConfig  stm32f30x_rcc.o
    0x08002498   0x00000018   Code   RO         2377    i.RCC_AHBPeriphClockCmd  stm32f30x_rcc.o
    0x080024b0   0x00000018   Code   RO         2378    i.RCC_AHBPeriphResetCmd  stm32f30x_rcc.o
    0x080024c8   0x00000018   Code   RO         2379    i.RCC_APB1PeriphClockCmd  stm32f30x_rcc.o
    0x080024e0   0x00000018   Code   RO         2380    i.RCC_APB1PeriphResetCmd  stm32f30x_rcc.o
    0x080024f8   0x00000018   Code   RO         2381    i.RCC_APB2PeriphClockCmd  stm32f30x_rcc.o
    0x08002510   0x00000018   Code   RO         2382    i.RCC_APB2PeriphResetCmd  stm32f30x_rcc.o
    0x08002528   0x000002e8   Code   RO         2389    i.RCC_GetClocksFreq  stm32f30x_rcc.o
    0x08002810   0x00000018   Code   RO         2394    i.RCC_HRTIM1CLKConfig  stm32f30x_rcc.o
    0x08002828   0x00000074   Code   RO         4640    i.ReceiveDataFromPC  idle.o
    0x0800289c   0x00000120   Code   RO         4641    i.RefValueClamp     idle.o
    0x080029bc   0x0000002c   Code   RO         3164    i.SYSCFG_DMAChannelRemapConfig  stm32f30x_syscfg.o
    0x080029e8   0x00000080   Code   RO         4893    i.SampleParamInit   sample.o
    0x08002a68   0x000000cc   Code   RO         4642    i.SendDataToPc      idle.o
    0x08002b34   0x00000058   Code   RO         4298    i.SysTimInit        sys_timer.o
    0x08002b8c   0x000000f8   Code   RO         4372    i.SystemInit        system_stm32f30x.o
    0x08002c84   0x00000008   Code   RO         3270    i.TIM_ClearITPendingBit  stm32f30x_tim.o
    0x08002c8c   0x00000012   Code   RO         3277    i.TIM_Cmd           stm32f30x_tim.o
    0x08002c9e   0x00000012   Code   RO         3279    i.TIM_CtrlPWMOutputs  stm32f30x_tim.o
    0x08002cb0   0x00000012   Code   RO         3304    i.TIM_ITConfig      stm32f30x_tim.o
    0x08002cc2   0x00000074   Code   RO         3318    i.TIM_OC3Init       stm32f30x_tim.o
    0x08002d36   0x00000002   PAD
    0x08002d38   0x00000090   Code   RO         3364    i.TIM_TimeBaseInit  stm32f30x_tim.o
    0x08002dc8   0x000000ac   Code   RO         4576    i.TimInit           timer.o
    0x08002e74   0x00000012   Code   RO         3935    i.USART_Cmd         stm32f30x_usart.o
    0x08002e86   0x00000010   Code   RO         3938    i.USART_DMACmd      stm32f30x_usart.o
    0x08002e96   0x00000094   Code   RO         3941    i.USART_DeInit      stm32f30x_usart.o
    0x08002f2a   0x000000ca   Code   RO         3947    i.USART_Init        stm32f30x_usart.o
    0x08002ff4   0x000000d8   Code   RO         4606    i.UartInit          uart.o
    0x080030cc   0x00000054   Code   RO         4768    i.WriteIicByte      oled.o
    0x08003120   0x0000000e   Code   RO         5043    i.__scatterload_copy  mc_w.l(handlers.o)
    0x0800312e   0x00000002   Code   RO         5044    i.__scatterload_null  mc_w.l(handlers.o)
    0x08003130   0x0000000e   Code   RO         5045    i.__scatterload_zeroinit  mc_w.l(handlers.o)
    0x0800313e   0x00000002   PAD
    0x08003140   0x00000058   Code   RO         4734    i.main              main.o
    0x08003198   0x00002060   Data   RO         4771    .constdata          oled.o
    0x080051f8   0x00000408   Data   RO         4973    .constdata          math.o
    0x08005600   0x00000030   Data   RO         5041    Region$$Table       anon$$obj.o


    Execution Region ER (Base: 0x10000000, Size: 0x00000f84, Max: 0x00001000, ABSOLUTE)

    Base Addr    Size         Type   Attr      Idx    E Section Name        Object

    0x10000000   0x0000000a   Ven    RO         5054    Veneer$$Code        anon$$obj.o
    0x1000000a   0x0000000a   Ven    RO         5055    Veneer$$Code        anon$$obj.o
    0x10000014   0x0000000a   Ven    RO         5056    Veneer$$Code        anon$$obj.o
    0x1000001e   0x0000000a   Ven    RO         5057    Veneer$$Code        anon$$obj.o
    0x10000028   0x0000000a   Ven    RO         5058    Veneer$$Code        anon$$obj.o
    0x10000032   0x00000002   PAD
    0x10000034   0x0000013c   Code   RO         4633    ccmram              idle.o
    0x10000170   0x00000320   Code   RO         4868    ccmram              protect.o
    0x10000490   0x00000188   Code   RO         4892    ccmram              sample.o
    0x10000618   0x00000774   Code   RO         4926    ccmram              inv3p.o
    0x10000d8c   0x000001f8   Code   RO         4966    ccmram              math.o


    Execution Region RW_IRAM1 (Base: 0x20000000, Size: 0x000006b0, Max: 0x00004000, ABSOLUTE)

    Base Addr    Size         Type   Attr      Idx    E Section Name        Object

    0x20000000   0x00000030   Data   RW         2416    .data               stm32f30x_rcc.o
    0x20000030   0x00000004   Data   RW         4299    .data               sys_timer.o
    0x20000034   0x00000030   Data   RW         4643    .data               idle.o
    0x20000064   0x00000001   Data   RW         4714    .data               irq.o
    0x20000065   0x00000001   PAD
    0x20000066   0x00000010   Data   RW         4869    .data               protect.o
    0x20000076   0x00000010   Data   RW         4895    .data               sample.o
    0x20000086   0x00000002   PAD
    0x20000088   0x00000008   Data   RW         4930    .data               inv3p.o
    0x20000090   0x00000020   Zero   RW         4404    .bss                adc.o
    0x200000b0   0x00000014   Zero   RW         4607    .bss                uart.o
    0x200000c4   0x00000034   Zero   RW         4608    .bss                uart.o
    0x200000f8   0x00000080   Zero   RW         4894    .bss                sample.o
    0x20000178   0x00000134   Zero   RW         4929    .bss                inv3p.o
    0x200002ac   0x00000004   PAD
    0x200002b0   0x00000400   Zero   RW            1    STACK               startup_stm32f334x8.o


==============================================================================

Image component sizes


      Code (inc. data)   RO Data    RW Data    ZI Data      Debug   Object Name

       736         32          0          0         32       1626   adc.o
        46          0          0          0          0        555   comp.o
        72          6          0          0          0        562   dac.o
      1762         12          0          0          0       5743   gpio.o
       520         36          0          0          0        984   hrtimer.o
      2124        250          0         48          0       8003   idle.o
      2072        200          0          8        308       5882   inv3p.o
       180         16          0          1          0        780   irq.o
        36          0          0          0          0        503   iwdg.o
        88         10          0          0          0        535   main.o
       504         36       1032          0          0       2065   math.o
        48          0          0          0          0        613   nvic.o
      1086         32       8288          0          0       5592   oled.o
       800         94          0         16          0       3122   protect.o
       520         42          0         16        128       4119   sample.o
        36          8        392          0       1024        832   startup_stm32f334x8.o
       630         20          0          0          0     421374   stm32f30x_adc.o
        92          0          0          0          0       1607   stm32f30x_comp.o
       140          0          0          0          0       3148   stm32f30x_dac.o
       468         78          0          0          0       7051   stm32f30x_dma.o
       178          0          0          0          0       3460   stm32f30x_gpio.o
      1264          6          0          0          0      10808   stm32f30x_hrtim.o
        68         30          0          0          0       2686   stm32f30x_iwdg.o
       136         10          0          0          0       1699   stm32f30x_misc.o
       944         68          0         48          0       8269   stm32f30x_rcc.o
        44          4          0          0          0        639   stm32f30x_syscfg.o
       322          8          0          0          0       5454   stm32f30x_tim.o
       384          0          0          0          0       3499   stm32f30x_usart.o
        88          8          0          4          0       2054   sys_timer.o
       248         26          0          0          0       1169   system_stm32f30x.o
       212         14          0          0          0       1574   timer.o
       216         28          0          0         72       2588   uart.o

    ----------------------------------------------------------------------
     16188       1074       9760        144       1568     518595   Object Totals
       100          0         48          0          0          0   (incl. Generated)
        24          0          0          3          4          0   (incl. Padding)

    ----------------------------------------------------------------------

      Code (inc. data)   RO Data    RW Data    ZI Data      Debug   Library Member Name

         0          0          0          0          0          0   entry.o
         0          0          0          0          0          0   entry10a.o
         0          0          0          0          0          0   entry11a.o
         8          4          0          0          0          0   entry2.o
         4          0          0          0          0          0   entry5.o
         0          0          0          0          0          0   entry7b.o
         0          0          0          0          0          0   entry8b.o
         8          4          0          0          0          0   entry9a.o
        30          0          0          0          0          0   handlers.o
        36          8          0          0          0         68   init.o

    ----------------------------------------------------------------------
        88         16          0          0          0         68   Library Totals
         2          0          0          0          0          0   (incl. Padding)

    ----------------------------------------------------------------------

      Code (inc. data)   RO Data    RW Data    ZI Data      Debug   Library Name

        86         16          0          0          0         68   mc_w.l

    ----------------------------------------------------------------------
        88         16          0          0          0         68   Library Totals

    ----------------------------------------------------------------------

==============================================================================


      Code (inc. data)   RO Data    RW Data    ZI Data      Debug   

     16276       1090       9760        144       1568     508267   Grand Totals
     16276       1090       9760        144       1568     508267   ELF Image Totals
     16276       1090       9760        144          0          0   ROM Totals

==============================================================================

    Total RO  Size (Code + RO Data)                26036 (  25.43kB)
    Total RW  Size (RW Data + ZI Data)              1712 (   1.67kB)
    Total ROM Size (Code + RO Data + RW Data)      26180 (  25.57kB)

==============================================================================

