Component: ARM Compiler 5.05 update 1 (build 106) Tool: armlink [4d0efa]

==============================================================================

Section Cross References

    startup_stm32f334x8.o(RESET) refers to startup_stm32f334x8.o(STACK) for __initial_sp
    startup_stm32f334x8.o(RESET) refers to startup_stm32f334x8.o(.text) for Reset_Handler
    startup_stm32f334x8.o(RESET) refers to irq.o(ccmram) for DMA1_Channel1_IRQHandler
    startup_stm32f334x8.o(.text) refers to system_stm32f30x.o(i.SystemInit) for SystemInit
    startup_stm32f334x8.o(.text) refers to entry.o(.ARM.Collect$$$$00000000) for __main
    stm32f30x_adc.o(i.ADC_DeInit) refers to stm32f30x_rcc.o(i.RCC_AHBPeriphResetCmd) for RCC_AHBPeriphResetCmd
    stm32f30x_can.o(i.CAN_DeInit) refers to stm32f30x_rcc.o(i.RCC_APB1PeriphResetCmd) for RCC_APB1PeriphResetCmd
    stm32f30x_dac.o(i.DAC_DeInit) refers to stm32f30x_rcc.o(i.RCC_APB1PeriphResetCmd) for RCC_APB1PeriphResetCmd
    stm32f30x_flash.o(i.FLASH_EraseAllPages) refers to stm32f30x_flash.o(i.FLASH_WaitForLastOperation) for FLASH_WaitForLastOperation
    stm32f30x_flash.o(i.FLASH_ErasePage) refers to stm32f30x_flash.o(i.FLASH_WaitForLastOperation) for FLASH_WaitForLastOperation
    stm32f30x_flash.o(i.FLASH_OB_BOOTConfig) refers to stm32f30x_flash.o(i.FLASH_WaitForLastOperation) for FLASH_WaitForLastOperation
    stm32f30x_flash.o(i.FLASH_OB_EnableWRP) refers to stm32f30x_flash.o(i.FLASH_WaitForLastOperation) for FLASH_WaitForLastOperation
    stm32f30x_flash.o(i.FLASH_OB_Erase) refers to stm32f30x_flash.o(i.FLASH_WaitForLastOperation) for FLASH_WaitForLastOperation
    stm32f30x_flash.o(i.FLASH_OB_RDPConfig) refers to stm32f30x_flash.o(i.FLASH_WaitForLastOperation) for FLASH_WaitForLastOperation
    stm32f30x_flash.o(i.FLASH_OB_SRAMParityConfig) refers to stm32f30x_flash.o(i.FLASH_WaitForLastOperation) for FLASH_WaitForLastOperation
    stm32f30x_flash.o(i.FLASH_OB_UserConfig) refers to stm32f30x_flash.o(i.FLASH_WaitForLastOperation) for FLASH_WaitForLastOperation
    stm32f30x_flash.o(i.FLASH_OB_VDDAConfig) refers to stm32f30x_flash.o(i.FLASH_WaitForLastOperation) for FLASH_WaitForLastOperation
    stm32f30x_flash.o(i.FLASH_OB_WriteUser) refers to stm32f30x_flash.o(i.FLASH_WaitForLastOperation) for FLASH_WaitForLastOperation
    stm32f30x_flash.o(i.FLASH_ProgramHalfWord) refers to stm32f30x_flash.o(i.FLASH_WaitForLastOperation) for FLASH_WaitForLastOperation
    stm32f30x_flash.o(i.FLASH_ProgramOptionByteData) refers to stm32f30x_flash.o(i.FLASH_WaitForLastOperation) for FLASH_WaitForLastOperation
    stm32f30x_flash.o(i.FLASH_ProgramWord) refers to stm32f30x_flash.o(i.FLASH_WaitForLastOperation) for FLASH_WaitForLastOperation
    stm32f30x_gpio.o(i.GPIO_DeInit) refers to stm32f30x_rcc.o(i.RCC_AHBPeriphResetCmd) for RCC_AHBPeriphResetCmd
    stm32f30x_hrtim.o(i.HRTIM_DeInit) refers to stm32f30x_rcc.o(i.RCC_APB2PeriphResetCmd) for RCC_APB2PeriphResetCmd
    stm32f30x_hrtim.o(i.HRTIM_EventConfig) refers to stm32f30x_hrtim.o(i.HRTIM_ExternalEventConfig) for HRTIM_ExternalEventConfig
    stm32f30x_hrtim.o(i.HRTIM_SimpleBaseStart) refers to stm32f30x_hrtim.o(.data) for .data
    stm32f30x_hrtim.o(i.HRTIM_SimpleBaseStop) refers to stm32f30x_hrtim.o(.data) for .data
    stm32f30x_hrtim.o(i.HRTIM_SimpleBase_Init) refers to stm32f30x_hrtim.o(i.HRTIM_TimingUnitBase_Config) for HRTIM_TimingUnitBase_Config
    stm32f30x_hrtim.o(i.HRTIM_SimpleCaptureChannelConfig) refers to stm32f30x_hrtim.o(i.HRTIM_ExternalEventConfig) for HRTIM_ExternalEventConfig
    stm32f30x_hrtim.o(i.HRTIM_SimpleCaptureStart) refers to stm32f30x_hrtim.o(.data) for .data
    stm32f30x_hrtim.o(i.HRTIM_SimpleCaptureStop) refers to stm32f30x_hrtim.o(.data) for .data
    stm32f30x_hrtim.o(i.HRTIM_SimpleCapture_Init) refers to stm32f30x_hrtim.o(i.HRTIM_TimingUnitBase_Config) for HRTIM_TimingUnitBase_Config
    stm32f30x_hrtim.o(i.HRTIM_SimpleOCChannelConfig) refers to stm32f30x_hrtim.o(i.HRTIM_OutputConfig) for HRTIM_OutputConfig
    stm32f30x_hrtim.o(i.HRTIM_SimpleOCStart) refers to stm32f30x_hrtim.o(.data) for .data
    stm32f30x_hrtim.o(i.HRTIM_SimpleOCStop) refers to stm32f30x_hrtim.o(.data) for .data
    stm32f30x_hrtim.o(i.HRTIM_SimpleOC_Init) refers to stm32f30x_hrtim.o(i.HRTIM_TimingUnitBase_Config) for HRTIM_TimingUnitBase_Config
    stm32f30x_hrtim.o(i.HRTIM_SimpleOnePulseChannelConfig) refers to stm32f30x_hrtim.o(i.HRTIM_OutputConfig) for HRTIM_OutputConfig
    stm32f30x_hrtim.o(i.HRTIM_SimpleOnePulseChannelConfig) refers to stm32f30x_hrtim.o(i.HRTIM_ExternalEventConfig) for HRTIM_ExternalEventConfig
    stm32f30x_hrtim.o(i.HRTIM_SimpleOnePulseStart) refers to stm32f30x_hrtim.o(.data) for .data
    stm32f30x_hrtim.o(i.HRTIM_SimpleOnePulseStop) refers to stm32f30x_hrtim.o(.data) for .data
    stm32f30x_hrtim.o(i.HRTIM_SimpleOnePulse_Init) refers to stm32f30x_hrtim.o(i.HRTIM_TimingUnitBase_Config) for HRTIM_TimingUnitBase_Config
[...]
    Removing stm32f30x_tim.o(i.TIM_UpdateDisableConfig), (18 bytes).
    Removing stm32f30x_tim.o(i.TIM_UpdateRequestConfig), (18 bytes).
    Removing stm32f30x_usart.o(.rev16_text), (4 bytes).
    Removing stm32f30x_usart.o(.revsh_text), (4 bytes).
    Removing stm32f30x_usart.o(i.USART_AddressDetectionConfig), (16 bytes).
    Removing stm32f30x_usart.o(i.USART_AutoBaudRateCmd), (18 bytes).
    Removing stm32f30x_usart.o(i.USART_AutoBaudRateConfig), (16 bytes).
    Removing stm32f30x_usart.o(i.USART_ClearFlag), (4 bytes).
    Removing stm32f30x_usart.o(i.USART_ClearITPendingBit), (12 bytes).
    Removing stm32f30x_usart.o(i.USART_ClockInit), (30 bytes).
    Removing stm32f30x_usart.o(i.USART_ClockStructInit), (12 bytes).
    Removing stm32f30x_usart.o(i.USART_DECmd), (18 bytes).
    Removing stm32f30x_usart.o(i.USART_DEPolarityConfig), (16 bytes).
    Removing stm32f30x_usart.o(i.USART_DMAReceptionErrorConfig), (16 bytes).
    Removing stm32f30x_usart.o(i.USART_DataInvCmd), (18 bytes).
    Removing stm32f30x_usart.o(i.USART_DirectionModeCmd), (16 bytes).
    Removing stm32f30x_usart.o(i.USART_GetFlagStatus), (14 bytes).
    Removing stm32f30x_usart.o(i.USART_GetITStatus), (72 bytes).
    Removing stm32f30x_usart.o(i.USART_HalfDuplexCmd), (18 bytes).
    Removing stm32f30x_usart.o(i.USART_ITConfig), (42 bytes).
    Removing stm32f30x_usart.o(i.USART_InvPinCmd), (16 bytes).
    Removing stm32f30x_usart.o(i.USART_IrDACmd), (18 bytes).
    Removing stm32f30x_usart.o(i.USART_IrDAConfig), (16 bytes).
    Removing stm32f30x_usart.o(i.USART_LINBreakDetectLengthConfig), (16 bytes).
    Removing stm32f30x_usart.o(i.USART_LINCmd), (18 bytes).
    Removing stm32f30x_usart.o(i.USART_MSBFirstCmd), (18 bytes).
    Removing stm32f30x_usart.o(i.USART_MuteModeCmd), (18 bytes).
    Removing stm32f30x_usart.o(i.USART_MuteModeWakeUpConfig), (16 bytes).
    Removing stm32f30x_usart.o(i.USART_OneBitMethodCmd), (18 bytes).
    Removing stm32f30x_usart.o(i.USART_OverSampling8Cmd), (18 bytes).
    Removing stm32f30x_usart.o(i.USART_OverrunDetectionConfig), (16 bytes).
    Removing stm32f30x_usart.o(i.USART_ReceiveData), (8 bytes).
    Removing stm32f30x_usart.o(i.USART_ReceiverTimeOutCmd), (18 bytes).
    Removing stm32f30x_usart.o(i.USART_RequestCmd), (16 bytes).
    Removing stm32f30x_usart.o(i.USART_STOPModeCmd), (18 bytes).
    Removing stm32f30x_usart.o(i.USART_SWAPPinCmd), (18 bytes).
    Removing stm32f30x_usart.o(i.USART_SendData), (8 bytes).
    Removing stm32f30x_usart.o(i.USART_SetAddress), (18 bytes).
    Removing stm32f30x_usart.o(i.USART_SetAutoRetryCount), (18 bytes).
    Removing stm32f30x_usart.o(i.USART_SetBlockLength), (18 bytes).
    Removing stm32f30x_usart.o(i.USART_SetDEAssertionTime), (18 bytes).
    Removing stm32f30x_usart.o(i.USART_SetDEDeassertionTime), (18 bytes).
    Removing stm32f30x_usart.o(i.USART_SetGuardTime), (16 bytes).
    Removing stm32f30x_usart.o(i.USART_SetPrescaler), (16 bytes).
    Removing stm32f30x_usart.o(i.USART_SetReceiverTimeOut), (16 bytes).
    Removing stm32f30x_usart.o(i.USART_SmartCardCmd), (18 bytes).
    Removing stm32f30x_usart.o(i.USART_SmartCardNACKCmd), (18 bytes).
    Removing stm32f30x_usart.o(i.USART_StopModeWakeUpSourceConfig), (16 bytes).
    Removing stm32f30x_usart.o(i.USART_StructInit), (22 bytes).
    Removing stm32f30x_wwdg.o(.rev16_text), (4 bytes).
    Removing stm32f30x_wwdg.o(.revsh_text), (4 bytes).
    Removing stm32f30x_wwdg.o(i.WWDG_ClearFlag), (12 bytes).
    Removing stm32f30x_wwdg.o(i.WWDG_DeInit), (24 bytes).
    Removing stm32f30x_wwdg.o(i.WWDG_Enable), (16 bytes).
    Removing stm32f30x_wwdg.o(i.WWDG_EnableIT), (16 bytes).
    Removing stm32f30x_wwdg.o(i.WWDG_GetFlagStatus), (20 bytes).
    Removing stm32f30x_wwdg.o(i.WWDG_SetCounter), (16 bytes).
    Removing stm32f30x_wwdg.o(i.WWDG_SetPrescaler), (20 bytes).
    Removing stm32f30x_wwdg.o(i.WWDG_SetWindowValue), (28 bytes).
    Removing compare.o(.rev16_text), (4 bytes).
    Removing compare.o(.revsh_text), (4 bytes).
    Removing compare.o(i.FlopCompareInit), (14 bytes).
    Removing compare.o(i.FolpCompareCheck), (170 bytes).
    Removing filter.o(.rev16_text), (4 bytes).
    Removing filter.o(.revsh_text), (4 bytes).
    Removing fitting.o(.rev16_text), (4 bytes).
    Removing fitting.o(.revsh_text), (4 bytes).
    Removing fitting.o(i.LineFittingCala), (180 bytes).
    Removing ramp.o(.rev16_text), (4 bytes).
    Removing ramp.o(.revsh_text), (4 bytes).
    Removing math.o(.rev16_text), (4 bytes).
    Removing math.o(.revsh_text), (4 bytes).
    Removing pid.o(.rev16_text), (4 bytes).
    Removing pid.o(.revsh_text), (4 bytes).
    Removing pid.o(i.AdaptivePI), (178 bytes).
    Removing pid.o(i.AdaptivePR), (212 bytes).
    Removing pid.o(i.OrdinaryPR), (112 bytes).
    Removing pid.o(.data), (8 bytes).
    Removing eos.o(.rev16_text), (4 bytes).
    Removing eos.o(.revsh_text), (4 bytes).
    Removing sys_timer.o(.rev16_text), (4 bytes).
    Removing sys_timer.o(.revsh_text), (4 bytes).
    Removing sys_timer.o(i.DelayUs), (20 bytes).
    Removing system_stm32f30x.o(.rev16_text), (4 bytes).
    Removing system_stm32f30x.o(.revsh_text), (4 bytes).
    Removing system_stm32f30x.o(i.SystemCoreClockUpdate), (116 bytes).
    Removing system_stm32f30x.o(.data), (20 bytes).
    Removing adc.o(.rev16_text), (4 bytes).
    Removing adc.o(.revsh_text), (4 bytes).
    Removing comp.o(.rev16_text), (4 bytes).
    Removing comp.o(.revsh_text), (4 bytes).
    Removing dac.o(.rev16_text), (4 bytes).
    Removing dac.o(.revsh_text), (4 bytes).
    Removing exti.o(.rev16_text), (4 bytes).
    Removing exti.o(.revsh_text), (4 bytes).
    Removing exti.o(i.ExtiInitConfig), (44 bytes).
    Removing gpio.o(.rev16_text), (4 bytes).
    Removing gpio.o(.revsh_text), (4 bytes).
    Removing gpio.o(i.GpioInitConfig), (36 bytes).
    Removing hrtimer.o(.rev16_text), (4 bytes).
    Removing hrtimer.o(.revsh_text), (4 bytes).
    Removing iwdg.o(.rev16_text), (4 bytes).
    Removing iwdg.o(.revsh_text), (4 bytes).
    Removing nvic.o(.rev16_text), (4 bytes).
    Removing nvic.o(.revsh_text), (4 bytes).
    Removing timer.o(.rev16_text), (4 bytes).
    Removing timer.o(.revsh_text), (4 bytes).
    Removing uart.o(.rev16_text), (4 bytes).
    Removing uart.o(.revsh_text), (4 bytes).
    Removing buck.o(.rev16_text), (4 bytes).
    Removing buck.o(.revsh_text), (4 bytes).
    Removing buck.o(i.Burst), (60 bytes).
    Removing buck.o(.data), (4 bytes).
    Removing fsm.o(.rev16_text), (4 bytes).
    Removing fsm.o(.revsh_text), (4 bytes).
    Removing idle.o(.rev16_text), (4 bytes).
    Removing idle.o(.revsh_text), (4 bytes).
    Removing idle.o(i.CpuLoadCalcu), (76 bytes).
    Removing idle.o(.data), (4 bytes).
    Removing inverter.o(.rev16_text), (4 bytes).
    Removing inverter.o(.revsh_text), (4 bytes).
    Removing inverter.o(i.GridInvControlLoop), (236 bytes).
    Removing inverter.o(i.GridInvCurrLoop), (524 bytes).
    Removing inverter.o(i.GridInvLoopClear), (40 bytes).
    Removing inverter.o(i.GridInvLoopParamInit), (32 bytes).
    Removing inverter.o(i.InverterAcCurrLoop), (452 bytes).
    Removing inverter.o(i.InverterAcVoltLoop), (152 bytes).
    Removing inverter.o(i.InverterControlLoop), (352 bytes).
    Removing inverter.o(i.InverterLoopClear), (64 bytes).
    Removing inverter.o(i.InverterLoopParamInit), (48 bytes).
    Removing inverter.o(i.freqCrossZeroDetect), (104 bytes).
    Removing inverter.o(.bss), (64 bytes).
    Removing irq.o(.rev16_text), (4 bytes).
    Removing irq.o(.revsh_text), (4 bytes).
    Removing main.o(.rev16_text), (4 bytes).
    Removing main.o(.revsh_text), (4 bytes).
    Removing pll.o(.rev16_text), (4 bytes).
    Removing pll.o(.revsh_text), (4 bytes).
    Removing pll.o(i.InverterThetaGenreation), (84 bytes).
    Removing protect.o(.rev16_text), (4 bytes).
    Removing protect.o(.revsh_text), (4 bytes).
    Removing sample.o(.rev16_text), (4 bytes).
    Removing sample.o(.revsh_text), (4 bytes).
    Removing sample.o(i.SampleParamInit), (296 bytes).

704 unused section(s) (total 25814 bytes) removed from the image.

==============================================================================

Adding Veneers to the image

    Adding TT veneer (10 bytes, Long) for call to 'BuckLoopClear' from fsm.o(i.BuckFsmActionInit).
    Adding TT veneer (10 bytes, Long) for call to 'RectifierLoopClear' from fsm.o(i.RectifierFsmActionInit).
    Adding TT veneer (10 bytes, Long) for call to 'GPIO_ResetBits' from buck.o(ccmram).
    Adding TT veneer (10 bytes, Long) for call to 'GPIO_SetBits' from buck.o(ccmram).
    Adding TT veneer (10 bytes, Long) for call to 'TIM_ClearITPendingBit' from irq.o(ccmram).
    Adding TT veneer (10 bytes, Long) for call to 'ProtectPoll' from irq.o(ccmram).
    Adding TT veneer (10 bytes, Long) for call to 'BuckFsmPoll' from irq.o(ccmram).
    Adding TT veneer (10 bytes, Long) for call to 'RectifierFsmPoll' from irq.o(ccmram).
    Adding TT veneer (10 bytes, Long) for call to 'DMA_ClearITPendingBit' from irq.o(ccmram).

9 Veneer(s) (total 90 bytes) added to the image.

==============================================================================

Image Symbol Table

    Local Symbols

    Symbol Name                              Value     Ov Type        Size  Object(Section)

    ../clib/microlib/init/entry.s            0x00000000   Number         0  entry7a.o ABSOLUTE
    ../clib/microlib/init/entry.s            0x00000000   Number         0  entry5.o ABSOLUTE
    ../clib/microlib/init/entry.s            0x00000000   Number         0  entry2.o ABSOLUTE
    ../clib/microlib/init/entry.s            0x00000000   Number         0  entry10a.o ABSOLUTE
    ../clib/microlib/init/entry.s            0x00000000   Number         0  entry10b.o ABSOLUTE
    ../clib/microlib/init/entry.s            0x00000000   Number         0  entry9b.o ABSOLUTE
    ../clib/microlib/init/entry.s            0x00000000   Number         0  entry11a.o ABSOLUTE
    ../clib/microlib/init/entry.s            0x00000000   Number         0  entry11b.o ABSOLUTE
    ../clib/microlib/init/entry.s            0x00000000   Number         0  entry9a.o ABSOLUTE
    ../clib/microlib/init/entry.s            0x00000000   Number         0  entry.o ABSOLUTE
    ../clib/microlib/init/entry.s            0x00000000   Number         0  entry8b.o ABSOLUTE
    ../clib/microlib/init/entry.s            0x00000000   Number         0  entry8a.o ABSOLUTE
    ../clib/microlib/init/entry.s            0x00000000   Number         0  entry7b.o ABSOLUTE
    ..\Algorithm\PID.c                       0x00000000   Number         0  pid.o ABSOLUTE
    ..\Algorithm\math.c                      0x00000000   Number         0  math.o ABSOLUTE
    ..\Integration\compare.c                 0x00000000   Number         0  compare.o ABSOLUTE
    ..\Integration\filter.c                  0x00000000   Number         0  filter.o ABSOLUTE
    ..\Integration\fitting.c                 0x00000000   Number         0  fitting.o ABSOLUTE
    ..\Integration\ramp.c                    0x00000000   Number         0  ramp.o ABSOLUTE
    ..\Lib\STM32F30x_StdPeriph_Driver\src\stm32f30x_adc.c 0x00000000   Number         0  stm32f30x_adc.o ABSOLUTE
    ..\Lib\STM32F30x_StdPeriph_Driver\src\stm32f30x_can.c 0x00000000   Number         0  stm32f30x_can.o ABSOLUTE
    ..\Lib\STM32F30x_StdPeriph_Driver\src\stm32f30x_comp.c 0x00000000   Number         0  stm32f30x_comp.o ABSOLUTE
    ..\Lib\STM32F30x_StdPeriph_Driver\src\stm32f30x_crc.c 0x00000000   Number         0  stm32f30x_crc.o ABSOLUTE
    ..\Lib\STM32F30x_StdPeriph_Driver\src\stm32f30x_dac.c 0x00000000   Number         0  stm32f30x_dac.o ABSOLUTE
    ..\Lib\STM32F30x_StdPeriph_Driver\src\stm32f30x_dbgmcu.c 0x00000000   Number         0  stm32f30x_dbgmcu.o ABSOLUTE
    ..\Lib\STM32F30x_StdPeriph_Driver\src\stm32f30x_dma.c 0x00000000   Number         0  stm32f30x_dma.o ABSOLUTE
    ..\Lib\STM32F30x_StdPeriph_Driver\src\stm32f30x_exti.c 0x00000000   Number         0  stm32f30x_exti.o ABSOLUTE
    ..\Lib\STM32F30x_StdPeriph_Driver\src\stm32f30x_flash.c 0x00000000   Number         0  stm32f30x_flash.o ABSOLUTE
    ..\Lib\STM32F30x_StdPeriph_Driver\src\stm32f30x_gpio.c 0x00000000   Number         0  stm32f30x_gpio.o ABSOLUTE
    ..\Lib\STM32F30x_StdPeriph_Driver\src\stm32f30x_hrtim.c 0x00000000   Number         0  stm32f30x_hrtim.o ABSOLUTE
    ..\Lib\STM32F30x_StdPeriph_Driver\src\stm32f30x_i2c.c 0x00000000   Number         0  stm32f30x_i2c.o ABSOLUTE
    ..\Lib\STM32F30x_StdPeriph_Driver\src\stm32f30x_iwdg.c 0x00000000   Number         0  stm32f30x_iwdg.o ABSOLUTE
    ..\Lib\STM32F30x_StdPeriph_Driver\src\stm32f30x_misc.c 0x00000000   Number         0  stm32f30x_misc.o ABSOLUTE
    ..\Lib\STM32F30x_StdPeriph_Driver\src\stm32f30x_opamp.c 0x00000000   Number         0  stm32f30x_opamp.o ABSOLUTE
    ..\Lib\STM32F30x_StdPeriph_Driver\src\stm32f30x_pwr.c 0x00000000   Number         0  stm32f30x_pwr.o ABSOLUTE
    ..\Lib\STM32F30x_StdPeriph_Driver\src\stm32f30x_rcc.c 0x00000000   Number         0  stm32f30x_rcc.o ABSOLUTE
    ..\Lib\STM32F30x_StdPeriph_Driver\src\stm32f30x_rtc.c 0x00000000   Number         0  stm32f30x_rtc.o ABSOLUTE
    ..\Lib\STM32F30x_StdPeriph_Driver\src\stm32f30x_spi.c 0x00000000   Number         0  stm32f30x_spi.o ABSOLUTE
    ..\Lib\STM32F30x_StdPeriph_Driver\src\stm32f30x_syscfg.c 0x00000000   Number         0  stm32f30x_syscfg.o ABSOLUTE
    ..\Lib\STM32F30x_StdPeriph_Driver\src\stm32f30x_tim.c 0x00000000   Number         0  stm32f30x_tim.o ABSOLUTE
    ..\Lib\STM32F30x_StdPeriph_Driver\src\stm32f30x_usart.c 0x00000000   Number         0  stm32f30x_usart.o ABSOLUTE
    ..\Lib\STM32F30x_StdPeriph_Driver\src\stm32f30x_wwdg.c 0x00000000   Number         0  stm32f30x_wwdg.o ABSOLUTE
    ..\Sys_code\eos.c                        0x00000000   Number         0  eos.o ABSOLUTE
    ..\Sys_code\sys_timer.c                  0x00000000   Number         0  sys_timer.o ABSOLUTE
    ..\Sys_code\system_stm32f30x.c           0x00000000   Number         0  system_stm32f30x.o ABSOLUTE
    ..\User_code\App\buck.c                  0x00000000   Number         0  buck.o ABSOLUTE
    ..\User_code\App\fsm.c                   0x00000000   Number         0  fsm.o ABSOLUTE
    ..\User_code\App\idle.c                  0x00000000   Number         0  idle.o ABSOLUTE
    ..\User_code\App\inverter.c              0x00000000   Number         0  inverter.o ABSOLUTE
    ..\User_code\App\irq.c                   0x00000000   Number         0  irq.o ABSOLUTE
    ..\User_code\App\main.c                  0x00000000   Number         0  main.o ABSOLUTE
    ..\User_code\App\oled.c                  0x00000000   Number         0  oled.o ABSOLUTE
    ..\User_code\App\pll.c                   0x00000000   Number         0  pll.o ABSOLUTE
    ..\User_code\App\protect.c               0x00000000   Number         0  protect.o ABSOLUTE
    ..\User_code\App\sample.c                0x00000000   Number         0  sample.o ABSOLUTE
    ..\User_code\App\temperature.c           0x00000000   Number         0  temperature.o ABSOLUTE
    ..\User_code\Driver\adc.c                0x00000000   Number         0  adc.o ABSOLUTE
    ..\User_code\Driver\comp.c               0x00000000   Number         0  comp.o ABSOLUTE
    ..\User_code\Driver\dac.c                0x00000000   Number         0  dac.o ABSOLUTE
    ..\User_code\Driver\exti.c               0x00000000   Number         0  exti.o ABSOLUTE
    ..\User_code\Driver\gpio.c               0x00000000   Number         0  gpio.o ABSOLUTE
    ..\User_code\Driver\hrtimer.c            0x00000000   Number         0  hrtimer.o ABSOLUTE
    ..\User_code\Driver\iwdg.c               0x00000000   Number         0  iwdg.o ABSOLUTE
    ..\User_code\Driver\nvic.c               0x00000000   Number         0  nvic.o ABSOLUTE
    ..\User_code\Driver\timer.c              0x00000000   Number         0  timer.o ABSOLUTE
    ..\User_code\Driver\uart.c               0x00000000   Number         0  uart.o ABSOLUTE
    ..\\Algorithm\\PID.c                     0x00000000   Number         0  pid.o ABSOLUTE
    ..\\Algorithm\\math.c                    0x00000000   Number         0  math.o ABSOLUTE
    ..\\Integration\\compare.c               0x00000000   Number         0  compare.o ABSOLUTE
    ..\\Integration\\filter.c                0x00000000   Number         0  filter.o ABSOLUTE
    ..\\Integration\\fitting.c               0x00000000   Number         0  fitting.o ABSOLUTE
    ..\\Integration\\ramp.c                  0x00000000   Number         0  ramp.o ABSOLUTE
    ..\\Lib\\STM32F30x_StdPeriph_Driver\\src\\stm32f30x_adc.c 0x00000000   Number         0  stm32f30x_adc.o ABSOLUTE
    ..\\Lib\\STM32F30x_StdPeriph_Driver\\src\\stm32f30x_can.c 0x00000000   Number         0  stm32f30x_can.o ABSOLUTE
    ..\\Lib\\STM32F30x_StdPeriph_Driver\\src\\stm32f30x_comp.c 0x00000000   Number         0  stm32f30x_comp.o ABSOLUTE
    ..\\Lib\\STM32F30x_StdPeriph_Driver\\src\\stm32f30x_crc.c 0x00000000   Number         0  stm32f30x_crc.o ABSOLUTE
    ..\\Lib\\STM32F30x_StdPeriph_Driver\\src\\stm32f30x_dac.c 0x00000000   Number         0  stm32f30x_dac.o ABSOLUTE
    ..\\Lib\\STM32F30x_StdPeriph_Driver\\src\\stm32f30x_dbgmcu.c 0x00000000   Number         0  stm32f30x_dbgmcu.o ABSOLUTE
    ..\\Lib\\STM32F30x_StdPeriph_Driver\\src\\stm32f30x_dma.c 0x00000000   Number         0  stm32f30x_dma.o ABSOLUTE
    ..\\Lib\\STM32F30x_StdPeriph_Driver\\src\\stm32f30x_exti.c 0x00000000   Number         0  stm32f30x_exti.o ABSOLUTE
    ..\\Lib\\STM32F30x_StdPeriph_Driver\\src\\stm32f30x_flash.c 0x00000000   Number         0  stm32f30x_flash.o ABSOLUTE
    ..\\Lib\\STM32F30x_StdPeriph_Driver\\src\\stm32f30x_gpio.c 0x00000000   Number         0  stm32f30x_gpio.o ABSOLUTE
    ..\\Lib\\STM32F30x_StdPeriph_Driver\\src\\stm32f30x_hrtim.c 0x00000000   Number         0  stm32f30x_hrtim.o ABSOLUTE
    ..\\Lib\\STM32F30x_StdPeriph_Driver\\src\\stm32f30x_i2c.c 0x00000000   Number         0  stm32f30x_i2c.o ABSOLUTE
    ..\\Lib\\STM32F30x_StdPeriph_Driver\\src\\stm32f30x_iwdg.c 0x00000000   Number         0  stm32f30x_iwdg.o ABSOLUTE
    ..\\Lib\\STM32F30x_StdPeriph_Driver\\src\\stm32f30x_misc.c 0x00000000   Number         0  stm32f30x_misc.o ABSOLUTE
    ..\\Lib\\STM32F30x_StdPeriph_Driver\\src\\stm32f30x_opamp.c 0x00000000   Number         0  stm32f30x_opamp.o ABSOLUTE
    ..\\Lib\\STM32F30x_StdPeriph_Driver\\src\\stm32f30x_pwr.c 0x00000000   Number         0  stm32f30x_pwr.o ABSOLUTE
    ..\\Lib\\STM32F30x_StdPeriph_Driver\\src\\stm32f30x_rcc.c 0x00000000   Number         0  stm32f30x_rcc.o ABSOLUTE
    ..\\Lib\\STM32F30x_StdPeriph_Driver\\src\\stm32f30x_rtc.c 0x00000000   Number         0  stm32f30x_rtc.o ABSOLUTE
    ..\\Lib\\STM32F30x_StdPeriph_Driver\\src\\stm32f30x_spi.c 0x00000000   Number         0  stm32f30x_spi.o ABSOLUTE
    ..\\Lib\\STM32F30x_StdPeriph_Driver\\src\\stm32f30x_syscfg.c 0x00000000   Number         0  stm32f30x_syscfg.o ABSOLUTE
    ..\\Lib\\STM32F30x_StdPeriph_Driver\\src\\stm32f30x_tim.c 0x00000000   Number         0  stm32f30x_tim.o ABSOLUTE
    ..\\Lib\\STM32F30x_StdPeriph_Driver\\src\\stm32f30x_usart.c 0x00000000   Number         0  stm32f30x_usart.o ABSOLUTE
    ..\\Lib\\STM32F30x_StdPeriph_Driver\\src\\stm32f30x_wwdg.c 0x00000000   Number         0  stm32f30x_wwdg.o ABSOLUTE
    ..\\Sys_code\\eos.c                      0x00000000   Number         0  eos.o ABSOLUTE
    ..\\Sys_code\\sys_timer.c                0x00000000   Number         0  sys_timer.o ABSOLUTE
    ..\\Sys_code\\system_stm32f30x.c         0x00000000   Number         0  system_stm32f30x.o ABSOLUTE
    ..\\User_code\\App\\buck.c               0x00000000   Number         0  buck.o ABSOLUTE
    ..\\User_code\\App\\fsm.c                0x00000000   Number         0  fsm.o ABSOLUTE
    ..\\User_code\\App\\idle.c               0x00000000   Number         0  idle.o ABSOLUTE
    ..\\User_code\\App\\inverter.c           0x00000000   Number         0  inverter.o ABSOLUTE
    ..\\User_code\\App\\irq.c                0x00000000   Number         0  irq.o ABSOLUTE
    ..\\User_code\\App\\main.c               0x00000000   Number         0  main.o ABSOLUTE
    ..\\User_code\\App\\pll.c                0x00000000   Number         0  pll.o ABSOLUTE
    ..\\User_code\\App\\protect.c            0x00000000   Number         0  protect.o ABSOLUTE
    ..\\User_code\\App\\sample.c             0x00000000   Number         0  sample.o ABSOLUTE
    ..\\User_code\\Driver\\adc.c             0x00000000   Number         0  adc.o ABSOLUTE
    ..\\User_code\\Driver\\comp.c            0x00000000   Number         0  comp.o ABSOLUTE
    ..\\User_code\\Driver\\dac.c             0x00000000   Number         0  dac.o ABSOLUTE
    ..\\User_code\\Driver\\exti.c            0x00000000   Number         0  exti.o ABSOLUTE
    ..\\User_code\\Driver\\gpio.c            0x00000000   Number         0  gpio.o ABSOLUTE
    ..\\User_code\\Driver\\hrtimer.c         0x00000000   Number         0  hrtimer.o ABSOLUTE
    ..\\User_code\\Driver\\iwdg.c            0x00000000   Number         0  iwdg.o ABSOLUTE
    ..\\User_code\\Driver\\nvic.c            0x00000000   Number         0  nvic.o ABSOLUTE
    ..\\User_code\\Driver\\timer.c           0x00000000   Number         0  timer.o ABSOLUTE
    ..\\User_code\\Driver\\uart.c            0x00000000   Number         0  uart.o ABSOLUTE
    dc.s                                     0x00000000   Number         0  dc.o ABSOLUTE
    handlers.s                               0x00000000   Number         0  handlers.o ABSOLUTE
    init.s                                   0x00000000   Number         0  init.o ABSOLUTE
    startup_stm32f334x8.s                    0x00000000   Number         0  startup_stm32f334x8.o ABSOLUTE
    RESET                                    0x08000000   Section      392  startup_stm32f334x8.o(RESET)
    .ARM.Collect$$$$00000000                 0x08000188   Section        0  entry.o(.ARM.Collect$$$$00000000)
    .ARM.Collect$$$$00000001                 0x08000188   Section        4  entry2.o(.ARM.Collect$$$$00000001)
    .ARM.Collect$$$$00000004                 0x0800018c   Section        4  entry5.o(.ARM.Collect$$$$00000004)
    .ARM.Collect$$$$00000008                 0x08000190   Section        0  entry7b.o(.ARM.Collect$$$$00000008)
    .ARM.Collect$$$$0000000A                 0x08000190   Section        0  entry8b.o(.ARM.Collect$$$$0000000A)
    .ARM.Collect$$$$0000000B                 0x08000190   Section        8  entry9a.o(.ARM.Collect$$$$0000000B)
    .ARM.Collect$$$$0000000D                 0x08000198   Section        0  entry10a.o(.ARM.Collect$$$$0000000D)
    .ARM.Collect$$$$0000000F                 0x08000198   Section        0  entry11a.o(.ARM.Collect$$$$0000000F)
    .ARM.Collect$$$$00002712                 0x08000198   Section        4  entry2.o(.ARM.Collect$$$$00002712)
    __lit__00000000                          0x08000198   Data           4  entry2.o(.ARM.Collect$$$$00002712)
    .text                                    0x0800019c   Section       36  startup_stm32f334x8.o(.text)
    $v0                                      0x0800019c   Number         0  startup_stm32f334x8.o(.text)
    .text                                    0x080001c0   Section       36  init.o(.text)
    i.ADC_Cmd                                0x080001f8   Section        0  stm32f30x_adc.o(i.ADC_Cmd)
    i.ADC_CommonInit                         0x0800020c   Section        0  stm32f30x_adc.o(i.ADC_CommonInit)
    i.ADC_DMACmd                             0x08000260   Section        0  stm32f30x_adc.o(i.ADC_DMACmd)
    i.ADC_DMAConfig                          0x08000272   Section        0  stm32f30x_adc.o(i.ADC_DMAConfig)
    i.ADC_DeInit                             0x08000282   Section        0  stm32f30x_adc.o(i.ADC_DeInit)
    i.ADC_GetCalibrationStatus               0x080002d4   Section        0  stm32f30x_adc.o(i.ADC_GetCalibrationStatus)
    i.ADC_GetFlagStatus                      0x080002e4   Section        0  stm32f30x_adc.o(i.ADC_GetFlagStatus)
    i.ADC_Init                               0x080002f4   Section        0  stm32f30x_adc.o(i.ADC_Init)
    i.ADC_RegularChannelConfig               0x08000344   Section        0  stm32f30x_adc.o(i.ADC_RegularChannelConfig)
    i.ADC_SelectCalibrationMode              0x0800041e   Section        0  stm32f30x_adc.o(i.ADC_SelectCalibrationMode)
    i.ADC_StartCalibration                   0x0800042e   Section        0  stm32f30x_adc.o(i.ADC_StartCalibration)
    i.ADC_StartConversion                    0x08000438   Section        0  stm32f30x_adc.o(i.ADC_StartConversion)
    i.ADC_StructInit                         0x08000442   Section        0  stm32f30x_adc.o(i.ADC_StructInit)
    i.ADC_VoltageRegulatorCmd                0x08000458   Section        0  stm32f30x_adc.o(i.ADC_VoltageRegulatorCmd)
    i.AdcInit                                0x08000474   Section        0  adc.o(i.AdcInit)
    i.BaseOverCompareCheck                   0x08000768   Section        0  compare.o(i.BaseOverCompareCheck)
    i.BaseOverCompareInit                    0x080007c6   Section        0  compare.o(i.BaseOverCompareInit)
    i.BuckFsmActionFault                     0x080007d8   Section        0  fsm.o(i.BuckFsmActionFault)
    i.BuckFsmActionInit                      0x08000814   Section        0  fsm.o(i.BuckFsmActionInit)
    i.BuckFsmActionRamp                      0x08000874   Section        0  fsm.o(i.BuckFsmActionRamp)
    i.BuckFsmActionRun                       0x080008b8   Section        0  fsm.o(i.BuckFsmActionRun)
    i.BuckFsmActionStart                     0x08000938   Section        0  fsm.o(i.BuckFsmActionStart)
    i.BuckFsmEnterFault                      0x080009a8   Section        0  fsm.o(i.BuckFsmEnterFault)
    i.BuckFsmExitFault                       0x080009e4   Section        0  fsm.o(i.BuckFsmExitFault)
    i.BuckFsmInit                            0x08000a0c   Section        0  fsm.o(i.BuckFsmInit)
    i.BuckFsmPoll                            0x08000a40   Section        0  fsm.o(i.BuckFsmPoll)
    i.BuckLoopParamInit                      0x08000b00   Section        0  buck.o(i.BuckLoopParamInit)
    i.BuckProtectClear                       0x08000b20   Section        0  protect.o(i.BuckProtectClear)
    i.BuckPwmOff                             0x08000b30   Section        0  buck.o(i.BuckPwmOff)
    i.BuckPwmOn                              0x08000b5c   Section        0  buck.o(i.BuckPwmOn)
    i.COMP_Cmd                               0x08000b88   Section        0  stm32f30x_comp.o(i.COMP_Cmd)
    i.COMP_Init                              0x08000ba2   Section        0  stm32f30x_comp.o(i.COMP_Init)
    i.CntCompareCheck                        0x08000be4   Section        0  compare.o(i.CntCompareCheck)
    i.CntCompareInit                         0x08000c76   Section        0  compare.o(i.CntCompareInit)
    i.CompInit                               0x08000c8c   Section        0  comp.o(i.CompInit)
    i.DAC_Cmd                                0x08000cda   Section        0  stm32f30x_dac.o(i.DAC_Cmd)
    i.DAC_DeInit                             0x08000cf0   Section        0  stm32f30x_dac.o(i.DAC_DeInit)
    i.DAC_Init                               0x08000d2a   Section        0  stm32f30x_dac.o(i.DAC_Init)
    i.DAC_SetChannel1Data                    0x08000d58   Section        0  stm32f30x_dac.o(i.DAC_SetChannel1Data)
    i.DAC_SetChannel2Data                    0x08000d66   Section        0  stm32f30x_dac.o(i.DAC_SetChannel2Data)
    i.DMA_ClearFlag                          0x08000d74   Section        0  stm32f30x_dma.o(i.DMA_ClearFlag)
    i.DMA_ClearITPendingBit                  0x08000d8c   Section        0  stm32f30x_dma.o(i.DMA_ClearITPendingBit)
    i.DMA_Cmd                                0x08000da4   Section        0  stm32f30x_dma.o(i.DMA_Cmd)
    i.DMA_DeInit                             0x08000db8   Section        0  stm32f30x_dma.o(i.DMA_DeInit)
    i.DMA_GetCurrDataCounter                 0x08000ebc   Section        0  stm32f30x_dma.o(i.DMA_GetCurrDataCounter)
    i.DMA_GetFlagStatus                      0x08000ec4   Section        0  stm32f30x_dma.o(i.DMA_GetFlagStatus)
    i.DMA_ITConfig                           0x08000ee4   Section        0  stm32f30x_dma.o(i.DMA_ITConfig)
    i.DMA_Init                               0x08000ef4   Section        0  stm32f30x_dma.o(i.DMA_Init)
    i.DMA_SetCurrDataCounter                 0x08000f46   Section        0  stm32f30x_dma.o(i.DMA_SetCurrDataCounter)
    i.DacInit                                0x08000f4c   Section        0  dac.o(i.DacInit)
    i.DelayMs                                0x08000fb4   Section        0  sys_timer.o(i.DelayMs)
    i.EosIdleTask                            0x08000fdc   Section        0  eos.o(i.EosIdleTask)
    i.EosInit                                0x08000fe0   Section        0  eos.o(i.EosInit)
    i.EosRuning                              0x080010b0   Section        0  eos.o(i.EosRuning)
    i.GPIO_Init                              0x08001134   Section        0  stm32f30x_gpio.o(i.GPIO_Init)
    i.GPIO_PinAFConfig                       0x080011ae   Section        0  stm32f30x_gpio.o(i.GPIO_PinAFConfig)
    i.GPIO_ReadOutputDataBit                 0x080011d0   Section        0  stm32f30x_gpio.o(i.GPIO_ReadOutputDataBit)
    i.GPIO_ResetBits                         0x080011de   Section        0  stm32f30x_gpio.o(i.GPIO_ResetBits)
    i.GPIO_SetBits                           0x080011e2   Section        0  stm32f30x_gpio.o(i.GPIO_SetBits)
    i.GpioInit                               0x080011e8   Section        0  gpio.o(i.GpioInit)
    i.GpioOutputToggle                       0x080018a2   Section        0  gpio.o(i.GpioOutputToggle)
    i.HRTIM_ADCTriggerConfig                 0x080018c6   Section        0  stm32f30x_hrtim.o(i.HRTIM_ADCTriggerConfig)
    i.HRTIM_DLLCalibrationStart              0x08001924   Section        0  stm32f30x_hrtim.o(i.HRTIM_DLLCalibrationStart)
    i.HRTIM_EventConfig                      0x08001948   Section        0  stm32f30x_hrtim.o(i.HRTIM_EventConfig)
    i.HRTIM_ExternalEventConfig              0x0800194c   Section        0  stm32f30x_hrtim.o(i.HRTIM_ExternalEventConfig)
    HRTIM_ExternalEventConfig                0x0800194d   Thumb Code   466  stm32f30x_hrtim.o(i.HRTIM_ExternalEventConfig)
    i.HRTIM_GetCommonFlagStatus              0x08001b1e   Section        0  stm32f30x_hrtim.o(i.HRTIM_GetCommonFlagStatus)
    i.HRTIM_OutputConfig                     0x08001b2e   Section        0  stm32f30x_hrtim.o(i.HRTIM_OutputConfig)
    HRTIM_OutputConfig                       0x08001b2f   Thumb Code   158  stm32f30x_hrtim.o(i.HRTIM_OutputConfig)
    i.HRTIM_TimingUnitBase_Config            0x08001bcc   Section        0  stm32f30x_hrtim.o(i.HRTIM_TimingUnitBase_Config)
    HRTIM_TimingUnitBase_Config              0x08001bcd   Thumb Code    66  stm32f30x_hrtim.o(i.HRTIM_TimingUnitBase_Config)
    i.HRTIM_WaveformCounterStart             0x08001c0e   Section        0  stm32f30x_hrtim.o(i.HRTIM_WaveformCounterStart)
    i.HRTIM_WaveformOutputConfig             0x08001c16   Section        0  stm32f30x_hrtim.o(i.HRTIM_WaveformOutputConfig)
    i.HRTIM_WaveformOutputStart              0x08001c1a   Section        0  stm32f30x_hrtim.o(i.HRTIM_WaveformOutputStart)
    i.HRTIM_WaveformOutputStop               0x08001c20   Section        0  stm32f30x_hrtim.o(i.HRTIM_WaveformOutputStop)
    i.HRTIM_WaveformTimerConfig              0x08001c26   Section        0  stm32f30x_hrtim.o(i.HRTIM_WaveformTimerConfig)
    i.HRTIM_Waveform_Init                    0x08001c94   Section        0  stm32f30x_hrtim.o(i.HRTIM_Waveform_Init)
    i.HRTimInit                              0x08001db8   Section        0  hrtimer.o(i.HRTimInit)
    i.IWDG_Enable                            0x08002090   Section        0  stm32f30x_iwdg.o(i.IWDG_Enable)
    i.IWDG_ReloadCounter                     0x080020a0   Section        0  stm32f30x_iwdg.o(i.IWDG_ReloadCounter)
    i.IWDG_SetPrescaler                      0x080020b0   Section        0  stm32f30x_iwdg.o(i.IWDG_SetPrescaler)
    i.IWDG_SetReload                         0x080020bc   Section        0  stm32f30x_iwdg.o(i.IWDG_SetReload)
    i.IWDG_WriteAccessCmd                    0x080020c8   Section        0  stm32f30x_iwdg.o(i.IWDG_WriteAccessCmd)
    i.InvProtectClear                        0x080020d4   Section        0  protect.o(i.InvProtectClear)
    i.InverterPwmOff                         0x080020e4   Section        0  inverter.o(i.InverterPwmOff)
    i.InverterPwmOn                          0x08002120   Section        0  inverter.o(i.InverterPwmOn)
    i.IwdgInit                               0x0800215c   Section        0  iwdg.o(i.IwdgInit)
    i.LedBlink                               0x08002180   Section        0  idle.o(i.LedBlink)
    i.NVIC_Init                              0x08002190   Section        0  stm32f30x_misc.o(i.NVIC_Init)
    i.NVIC_PriorityGroupConfig               0x08002204   Section        0  stm32f30x_misc.o(i.NVIC_PriorityGroupConfig)
    i.NvicIrqSet                             0x08002218   Section        0  nvic.o(i.NvicIrqSet)
    i.PllLoopParamInit                       0x08002248   Section        0  pll.o(i.PllLoopParamInit)
    i.ProtectInit                            0x08002264   Section        0  protect.o(i.ProtectInit)
    i.ProtectPoll                            0x080024ac   Section        0  protect.o(i.ProtectPoll)
    i.RCC_ADCCLKConfig                       0x080027dc   Section        0  stm32f30x_rcc.o(i.RCC_ADCCLKConfig)
    i.RCC_AHBPeriphClockCmd                  0x080027fc   Section        0  stm32f30x_rcc.o(i.RCC_AHBPeriphClockCmd)
    i.RCC_AHBPeriphResetCmd                  0x08002814   Section        0  stm32f30x_rcc.o(i.RCC_AHBPeriphResetCmd)
    i.RCC_APB1PeriphClockCmd                 0x0800282c   Section        0  stm32f30x_rcc.o(i.RCC_APB1PeriphClockCmd)
    i.RCC_APB1PeriphResetCmd                 0x08002844   Section        0  stm32f30x_rcc.o(i.RCC_APB1PeriphResetCmd)
    i.RCC_APB2PeriphClockCmd                 0x0800285c   Section        0  stm32f30x_rcc.o(i.RCC_APB2PeriphClockCmd)
    i.RCC_APB2PeriphResetCmd                 0x08002874   Section        0  stm32f30x_rcc.o(i.RCC_APB2PeriphResetCmd)
    i.RCC_GetClocksFreq                      0x0800288c   Section        0  stm32f30x_rcc.o(i.RCC_GetClocksFreq)
    i.RCC_HRTIM1CLKConfig                    0x08002b74   Section        0  stm32f30x_rcc.o(i.RCC_HRTIM1CLKConfig)
    i.RampInit                               0x08002b8c   Section        0  ramp.o(i.RampInit)
    i.RampIsFinish                           0x08002b9e   Section        0  ramp.o(i.RampIsFinish)
    i.RampMove                               0x08002ba2   Section        0  ramp.o(i.RampMove)
    i.RampSetReal                            0x08002c0a   Section        0  ramp.o(i.RampSetReal)
    i.RampSetStep                            0x08002c14   Section        0  ramp.o(i.RampSetStep)
    i.RampSetTarget                          0x08002c1a   Section        0  ramp.o(i.RampSetTarget)
    i.ReceiveDataFromPC                      0x08002c24   Section        0  idle.o(i.ReceiveDataFromPC)
    i.RectifierFsmActionFault                0x08002c64   Section        0  fsm.o(i.RectifierFsmActionFault)
    i.RectifierFsmActionInit                 0x08002ca0   Section        0  fsm.o(i.RectifierFsmActionInit)
    i.RectifierFsmActionRamp                 0x08002d04   Section        0  fsm.o(i.RectifierFsmActionRamp)
    i.RectifierFsmActionRun                  0x08002d48   Section        0  fsm.o(i.RectifierFsmActionRun)
    i.RectifierFsmActionStart                0x08002dc8   Section        0  fsm.o(i.RectifierFsmActionStart)
    i.RectifierFsmEnterFault                 0x08002e38   Section        0  fsm.o(i.RectifierFsmEnterFault)
    i.RectifierFsmExitFault                  0x08002e74   Section        0  fsm.o(i.RectifierFsmExitFault)
    i.RectifierFsmInit                       0x08002e9c   Section        0  fsm.o(i.RectifierFsmInit)
    i.RectifierFsmPoll                       0x08002ed4   Section        0  fsm.o(i.RectifierFsmPoll)
    i.RectifierLoopParamInit                 0x08002ff4   Section        0  inverter.o(i.RectifierLoopParamInit)
    i.SYSCFG_DMAChannelRemapConfig           0x0800301c   Section        0  stm32f30x_syscfg.o(i.SYSCFG_DMAChannelRemapConfig)
    i.SendDataToPc                           0x08003048   Section        0  idle.o(i.SendDataToPc)
    i.SysTimInit                             0x08003158   Section        0  sys_timer.o(i.SysTimInit)
    i.SystemInit                             0x080031e4   Section        0  system_stm32f30x.o(i.SystemInit)
    i.TIM_ClearITPendingBit                  0x080032dc   Section        0  stm32f30x_tim.o(i.TIM_ClearITPendingBit)
    i.TIM_Cmd                                0x080032e4   Section        0  stm32f30x_tim.o(i.TIM_Cmd)
    i.TIM_CtrlPWMOutputs                     0x080032f6   Section        0  stm32f30x_tim.o(i.TIM_CtrlPWMOutputs)
    i.TIM_ITConfig                           0x08003308   Section        0  stm32f30x_tim.o(i.TIM_ITConfig)
    i.TIM_OC3Init                            0x0800331a   Section        0  stm32f30x_tim.o(i.TIM_OC3Init)
    i.TIM_TimeBaseInit                       0x08003390   Section        0  stm32f30x_tim.o(i.TIM_TimeBaseInit)
    i.Tim2Init                               0x08003420   Section        0  timer.o(i.Tim2Init)
    i.USART_Cmd                              0x0800349c   Section        0  stm32f30x_usart.o(i.USART_Cmd)
    i.USART_DMACmd                           0x080034ae   Section        0  stm32f30x_usart.o(i.USART_DMACmd)
    i.USART_DeInit                           0x080034be   Section        0  stm32f30x_usart.o(i.USART_DeInit)
    i.USART_Init                             0x08003552   Section        0  stm32f30x_usart.o(i.USART_Init)
    i.UartInit                               0x0800361c   Section        0  uart.o(i.UartInit)
    i.__scatterload_copy                     0x080036f0   Section       14  handlers.o(i.__scatterload_copy)
    i.__scatterload_null                     0x080036fe   Section        2  handlers.o(i.__scatterload_null)
    i.__scatterload_zeroinit                 0x08003700   Section       14  handlers.o(i.__scatterload_zeroinit)
    i.main                                   0x08003710   Section        0  main.o(i.main)
    .constdata                               0x08003780   Section     1032  math.o(.constdata)
    g_mathSinTable                           0x08003780   Data        1032  math.o(.constdata)
    ccmram                                   0x10000048   Section        0  filter.o(ccmram)
    ccmram                                   0x10000080   Section        0  math.o(ccmram)
    ccmram                                   0x1000047c   Section        0  pid.o(ccmram)
    ccmram                                   0x100004d0   Section        0  buck.o(ccmram)
    ccmram                                   0x10000794   Section        0  inverter.o(ccmram)
    ccmram                                   0x10000bdc   Section        0  irq.o(ccmram)
    ccmram                                   0x10000c30   Section        0  pll.o(ccmram)
    ccmram                                   0x10000cb0   Section        0  sample.o(ccmram)
    .data                                    0x20000000   Section       48  stm32f30x_rcc.o(.data)
    APBAHBPrescTable                         0x20000000   Data          16  stm32f30x_rcc.o(.data)
    ADCPrescTable                            0x20000010   Data          32  stm32f30x_rcc.o(.data)
    .data                                    0x20000030   Section       16  eos.o(.data)
    .data                                    0x20000040   Section        4  sys_timer.o(.data)
    .data                                    0x20000044   Section       88  fsm.o(.data)
    .data                                    0x2000009c   Section        1  irq.o(.data)
    i                                        0x2000009c   Data           1  irq.o(.data)
    .data                                    0x200000a0   Section       48  main.o(.data)
    .data                                    0x200000d0   Section        4  protect.o(.data)
    .bss                                     0x200000d4   Section       32  adc.o(.bss)
    .bss                                     0x200000f4   Section       20  uart.o(.bss)
    .bss                                     0x20000108   Section       60  uart.o(.bss)
    .bss                                     0x20000144   Section      224  buck.o(.bss)
    .bss                                     0x20000224   Section       48  fsm.o(.bss)
    .bss                                     0x20000254   Section      616  inverter.o(.bss)
    .bss                                     0x200004bc   Section      100  pll.o(.bss)
    .bss                                     0x20000520   Section      308  sample.o(.bss)
    STACK                                    0x20000658   Section     1024  startup_stm32f334x8.o(STACK)

    Global Symbols

    Symbol Name                              Value     Ov Type        Size  Object(Section)

    BuildAttributes$$THM_ISAv4$E$P$D$K$B$S$7EM$VFPi3$EXTD16$VFPS$VFMA$PE$A:L22UL41UL21$X:L11$S22US41US21$IEEE1$IW$USESV6$~STKCKD$USESV7$~SHL$OTIME$EBA8$MICROLIB$REQ8$PRES8$EABIv2 0x00000000   Number         0  anon$$obj.o ABSOLUTE
    __ARM_use_no_argv                        0x00000000   Number         0  main.o ABSOLUTE
    __cpp_initialize__aeabi_                  - Undefined Weak Reference
    __cxa_finalize                            - Undefined Weak Reference
    __decompress                              - Undefined Weak Reference
    _clock_init                               - Undefined Weak Reference
    _microlib_exit                            - Undefined Weak Reference
    __Vectors_Size                           0x00000188   Number         0  startup_stm32f334x8.o ABSOLUTE
    __Vectors                                0x08000000   Data           4  startup_stm32f334x8.o(RESET)
    __Vectors_End                            0x08000188   Data           0  startup_stm32f334x8.o(RESET)
    __main                                   0x08000189   Thumb Code     0  entry.o(.ARM.Collect$$$$00000000)
    _main_stk                                0x08000189   Thumb Code     0  entry2.o(.ARM.Collect$$$$00000001)
    _main_scatterload                        0x0800018d   Thumb Code     0  entry5.o(.ARM.Collect$$$$00000004)
    __main_after_scatterload                 0x08000191   Thumb Code     0  entry5.o(.ARM.Collect$$$$00000004)
    _main_clock                              0x08000191   Thumb Code     0  entry7b.o(.ARM.Collect$$$$00000008)
    _main_cpp_init                           0x08000191   Thumb Code     0  entry8b.o(.ARM.Collect$$$$0000000A)
    _main_init                               0x08000191   Thumb Code     0  entry9a.o(.ARM.Collect$$$$0000000B)
    __rt_final_cpp                           0x08000199   Thumb Code     0  entry10a.o(.ARM.Collect$$$$0000000D)
    __rt_final_exit                          0x08000199   Thumb Code     0  entry11a.o(.ARM.Collect$$$$0000000F)
    Reset_Handler                            0x0800019d   Thumb Code     8  startup_stm32f334x8.o(.text)
    NMI_Handler                              0x080001a5   Thumb Code     2  startup_stm32f334x8.o(.text)
    HardFault_Handler                        0x080001a7   Thumb Code     2  startup_stm32f334x8.o(.text)
    MemManage_Handler                        0x080001a9   Thumb Code     2  startup_stm32f334x8.o(.text)
    BusFault_Handler                         0x080001ab   Thumb Code     2  startup_stm32f334x8.o(.text)
    UsageFault_Handler                       0x080001ad   Thumb Code     2  startup_stm32f334x8.o(.text)
    SVC_Handler                              0x080001af   Thumb Code     2  startup_stm32f334x8.o(.text)
    DebugMon_Handler                         0x080001b1   Thumb Code     2  startup_stm32f334x8.o(.text)
    PendSV_Handler                           0x080001b3   Thumb Code     2  startup_stm32f334x8.o(.text)
    SysTick_Handler                          0x080001b5   Thumb Code     2  startup_stm32f334x8.o(.text)
    ADC1_2_IRQHandler                        0x080001b7   Thumb Code     0  startup_stm32f334x8.o(.text)
    CAN1_RX0_IRQHandler                      0x080001b7   Thumb Code     0  startup_stm32f334x8.o(.text)
    CAN1_RX1_IRQHandler                      0x080001b7   Thumb Code     0  startup_stm32f334x8.o(.text)
    CAN1_SCE_IRQHandler                      0x080001b7   Thumb Code     0  startup_stm32f334x8.o(.text)
    CAN1_TX_IRQHandler                       0x080001b7   Thumb Code     0  startup_stm32f334x8.o(.text)
    COMP2_IRQHandler                         0x080001b7   Thumb Code     0  startup_stm32f334x8.o(.text)
    COMP4_6_IRQHandler                       0x080001b7   Thumb Code     0  startup_stm32f334x8.o(.text)
    DMA1_Channel2_IRQHandler                 0x080001b7   Thumb Code     0  startup_stm32f334x8.o(.text)
    DMA1_Channel3_IRQHandler                 0x080001b7   Thumb Code     0  startup_stm32f334x8.o(.text)
    DMA1_Channel4_IRQHandler                 0x080001b7   Thumb Code     0  startup_stm32f334x8.o(.text)
    DMA1_Channel5_IRQHandler                 0x080001b7   Thumb Code     0  startup_stm32f334x8.o(.text)
    DMA1_Channel6_IRQHandler                 0x080001b7   Thumb Code     0  startup_stm32f334x8.o(.text)
    DMA1_Channel7_IRQHandler                 0x080001b7   Thumb Code     0  startup_stm32f334x8.o(.text)
    EXTI0_IRQHandler                         0x080001b7   Thumb Code     0  startup_stm32f334x8.o(.text)
    EXTI15_10_IRQHandler                     0x080001b7   Thumb Code     0  startup_stm32f334x8.o(.text)
    EXTI1_IRQHandler                         0x080001b7   Thumb Code     0  startup_stm32f334x8.o(.text)
    EXTI2_TS_IRQHandler                      0x080001b7   Thumb Code     0  startup_stm32f334x8.o(.text)
    EXTI3_IRQHandler                         0x080001b7   Thumb Code     0  startup_stm32f334x8.o(.text)
    EXTI4_IRQHandler                         0x080001b7   Thumb Code     0  startup_stm32f334x8.o(.text)
    EXTI9_5_IRQHandler                       0x080001b7   Thumb Code     0  startup_stm32f334x8.o(.text)
    FLASH_IRQHandler                         0x080001b7   Thumb Code     0  startup_stm32f334x8.o(.text)
    FPU_IRQHandler                           0x080001b7   Thumb Code     0  startup_stm32f334x8.o(.text)
    HRTIM1_FLT_IRQHandler                    0x080001b7   Thumb Code     0  startup_stm32f334x8.o(.text)
    HRTIM1_Master_IRQHandler                 0x080001b7   Thumb Code     0  startup_stm32f334x8.o(.text)
    HRTIM1_TIMA_IRQHandler                   0x080001b7   Thumb Code     0  startup_stm32f334x8.o(.text)
    HRTIM1_TIMB_IRQHandler                   0x080001b7   Thumb Code     0  startup_stm32f334x8.o(.text)
    HRTIM1_TIMC_IRQHandler                   0x080001b7   Thumb Code     0  startup_stm32f334x8.o(.text)
    HRTIM1_TIMD_IRQHandler                   0x080001b7   Thumb Code     0  startup_stm32f334x8.o(.text)
    HRTIM1_TIME_IRQHandler                   0x080001b7   Thumb Code     0  startup_stm32f334x8.o(.text)
    I2C1_ER_IRQHandler                       0x080001b7   Thumb Code     0  startup_stm32f334x8.o(.text)
    I2C1_EV_IRQHandler                       0x080001b7   Thumb Code     0  startup_stm32f334x8.o(.text)
    PVD_IRQHandler                           0x080001b7   Thumb Code     0  startup_stm32f334x8.o(.text)
    RCC_IRQHandler                           0x080001b7   Thumb Code     0  startup_stm32f334x8.o(.text)
    RTC_Alarm_IRQHandler                     0x080001b7   Thumb Code     0  startup_stm32f334x8.o(.text)
    RTC_WKUP_IRQHandler                      0x080001b7   Thumb Code     0  startup_stm32f334x8.o(.text)
    SPI1_IRQHandler                          0x080001b7   Thumb Code     0  startup_stm32f334x8.o(.text)
    TAMPER_STAMP_IRQHandler                  0x080001b7   Thumb Code     0  startup_stm32f334x8.o(.text)
    TIM1_BRK_TIM15_IRQHandler                0x080001b7   Thumb Code     0  startup_stm32f334x8.o(.text)
    TIM1_CC_IRQHandler                       0x080001b7   Thumb Code     0  startup_stm32f334x8.o(.text)
    TIM1_TRG_COM_TIM17_IRQHandler            0x080001b7   Thumb Code     0  startup_stm32f334x8.o(.text)
    TIM1_UP_TIM16_IRQHandler                 0x080001b7   Thumb Code     0  startup_stm32f334x8.o(.text)
    TIM2_IRQHandler                          0x080001b7   Thumb Code     0  startup_stm32f334x8.o(.text)
    TIM3_IRQHandler                          0x080001b7   Thumb Code     0  startup_stm32f334x8.o(.text)
    TIM7_DAC2_IRQHandler                     0x080001b7   Thumb Code     0  startup_stm32f334x8.o(.text)
    USART1_IRQHandler                        0x080001b7   Thumb Code     0  startup_stm32f334x8.o(.text)
    USART2_IRQHandler                        0x080001b7   Thumb Code     0  startup_stm32f334x8.o(.text)
    USART3_IRQHandler                        0x080001b7   Thumb Code     0  startup_stm32f334x8.o(.text)
    WWDG_IRQHandler                          0x080001b7   Thumb Code     0  startup_stm32f334x8.o(.text)
    __scatterload                            0x080001c1   Thumb Code    28  init.o(.text)
    __scatterload_rt2                        0x080001c1   Thumb Code     0  init.o(.text)
    Long Thumb to Thumb Veneer to BuckLoopClear 0x080001e5   Thumb Code    10  anon$$obj.o(Veneer$$Code)
    Long Thumb to Thumb Veneer to RectifierLoopClear 0x080001ef   Thumb Code    10  anon$$obj.o(Veneer$$Code)
    ADC_Cmd                                  0x080001f9   Thumb Code    18  stm32f30x_adc.o(i.ADC_Cmd)
    ADC_CommonInit                           0x0800020d   Thumb Code    70  stm32f30x_adc.o(i.ADC_CommonInit)
    ADC_DMACmd                               0x08000261   Thumb Code    18  stm32f30x_adc.o(i.ADC_DMACmd)
    ADC_DMAConfig                            0x08000273   Thumb Code    16  stm32f30x_adc.o(i.ADC_DMAConfig)
    ADC_DeInit                               0x08000283   Thumb Code    82  stm32f30x_adc.o(i.ADC_DeInit)
    ADC_GetCalibrationStatus                 0x080002d5   Thumb Code    16  stm32f30x_adc.o(i.ADC_GetCalibrationStatus)
    ADC_GetFlagStatus                        0x080002e5   Thumb Code    14  stm32f30x_adc.o(i.ADC_GetFlagStatus)
    ADC_Init                                 0x080002f5   Thumb Code    74  stm32f30x_adc.o(i.ADC_Init)
    ADC_RegularChannelConfig                 0x08000345   Thumb Code   218  stm32f30x_adc.o(i.ADC_RegularChannelConfig)
    ADC_SelectCalibrationMode                0x0800041f   Thumb Code    16  stm32f30x_adc.o(i.ADC_SelectCalibrationMode)
    ADC_StartCalibration                     0x0800042f   Thumb Code    10  stm32f30x_adc.o(i.ADC_StartCalibration)
    ADC_StartConversion                      0x08000439   Thumb Code    10  stm32f30x_adc.o(i.ADC_StartConversion)
    ADC_StructInit                           0x08000443   Thumb Code    22  stm32f30x_adc.o(i.ADC_StructInit)
    ADC_VoltageRegulatorCmd                  0x08000459   Thumb Code    26  stm32f30x_adc.o(i.ADC_VoltageRegulatorCmd)
    AdcInit                                  0x08000475   Thumb Code   724  adc.o(i.AdcInit)
    BaseOverCompareCheck                     0x08000769   Thumb Code    94  compare.o(i.BaseOverCompareCheck)
    BaseOverCompareInit                      0x080007c7   Thumb Code    16  compare.o(i.BaseOverCompareInit)
    BuckFsmActionFault                       0x080007d9   Thumb Code    46  fsm.o(i.BuckFsmActionFault)
    BuckFsmActionInit                        0x08000815   Thumb Code    76  fsm.o(i.BuckFsmActionInit)
    BuckFsmActionRamp                        0x08000875   Thumb Code    54  fsm.o(i.BuckFsmActionRamp)
    BuckFsmActionRun                         0x080008b9   Thumb Code   112  fsm.o(i.BuckFsmActionRun)
    BuckFsmActionStart                       0x08000939   Thumb Code    92  fsm.o(i.BuckFsmActionStart)
    BuckFsmEnterFault                        0x080009a9   Thumb Code    42  fsm.o(i.BuckFsmEnterFault)
    BuckFsmExitFault                         0x080009e5   Thumb Code    30  fsm.o(i.BuckFsmExitFault)
    BuckFsmInit                              0x08000a0d   Thumb Code    42  fsm.o(i.BuckFsmInit)
    BuckFsmPoll                              0x08000a41   Thumb Code   174  fsm.o(i.BuckFsmPoll)
    BuckLoopParamInit                        0x08000b01   Thumb Code    24  buck.o(i.BuckLoopParamInit)
    BuckProtectClear                         0x08000b21   Thumb Code    10  protect.o(i.BuckProtectClear)
    BuckPwmOff                               0x08000b31   Thumb Code    40  buck.o(i.BuckPwmOff)
    BuckPwmOn                                0x08000b5d   Thumb Code    40  buck.o(i.BuckPwmOn)
    COMP_Cmd                                 0x08000b89   Thumb Code    26  stm32f30x_comp.o(i.COMP_Cmd)
    COMP_Init                                0x08000ba3   Thumb Code    66  stm32f30x_comp.o(i.COMP_Init)
    CntCompareCheck                          0x08000be5   Thumb Code   146  compare.o(i.CntCompareCheck)
    CntCompareInit                           0x08000c77   Thumb Code    22  compare.o(i.CntCompareInit)
    CompInit                                 0x08000c8d   Thumb Code    78  comp.o(i.CompInit)
    DAC_Cmd                                  0x08000cdb   Thumb Code    22  stm32f30x_dac.o(i.DAC_Cmd)
    DAC_DeInit                               0x08000cf1   Thumb Code    58  stm32f30x_dac.o(i.DAC_DeInit)
    DAC_Init                                 0x08000d2b   Thumb Code    46  stm32f30x_dac.o(i.DAC_Init)
    DAC_SetChannel1Data                      0x08000d59   Thumb Code    14  stm32f30x_dac.o(i.DAC_SetChannel1Data)
    DAC_SetChannel2Data                      0x08000d67   Thumb Code    14  stm32f30x_dac.o(i.DAC_SetChannel2Data)
    DMA_ClearFlag                            0x08000d75   Thumb Code    16  stm32f30x_dma.o(i.DMA_ClearFlag)
    DMA_ClearITPendingBit                    0x08000d8d   Thumb Code    16  stm32f30x_dma.o(i.DMA_ClearITPendingBit)
    DMA_Cmd                                  0x08000da5   Thumb Code    20  stm32f30x_dma.o(i.DMA_Cmd)
    DMA_DeInit                               0x08000db9   Thumb Code   206  stm32f30x_dma.o(i.DMA_DeInit)
    DMA_GetCurrDataCounter                   0x08000ebd   Thumb Code     6  stm32f30x_dma.o(i.DMA_GetCurrDataCounter)
    DMA_GetFlagStatus                        0x08000ec5   Thumb Code    24  stm32f30x_dma.o(i.DMA_GetFlagStatus)
    DMA_ITConfig                             0x08000ee5   Thumb Code    16  stm32f30x_dma.o(i.DMA_ITConfig)
    DMA_Init                                 0x08000ef5   Thumb Code    82  stm32f30x_dma.o(i.DMA_Init)
    DMA_SetCurrDataCounter                   0x08000f47   Thumb Code     4  stm32f30x_dma.o(i.DMA_SetCurrDataCounter)
    DacInit                                  0x08000f4d   Thumb Code   100  dac.o(i.DacInit)
    DelayMs                                  0x08000fb5   Thumb Code    36  sys_timer.o(i.DelayMs)
    EosIdleTask                              0x08000fdd   Thumb Code     4  eos.o(i.EosIdleTask)
    EosInit                                  0x08000fe1   Thumb Code   204  eos.o(i.EosInit)
    EosRuning                                0x080010b1   Thumb Code   124  eos.o(i.EosRuning)
    GPIO_Init                                0x08001135   Thumb Code   122  stm32f30x_gpio.o(i.GPIO_Init)
    GPIO_PinAFConfig                         0x080011af   Thumb Code    34  stm32f30x_gpio.o(i.GPIO_PinAFConfig)
    GPIO_ReadOutputDataBit                   0x080011d1   Thumb Code    14  stm32f30x_gpio.o(i.GPIO_ReadOutputDataBit)
    GPIO_ResetBits                           0x080011df   Thumb Code     4  stm32f30x_gpio.o(i.GPIO_ResetBits)
    GPIO_SetBits                             0x080011e3   Thumb Code     4  stm32f30x_gpio.o(i.GPIO_SetBits)
    GpioInit                                 0x080011e9   Thumb Code  1722  gpio.o(i.GpioInit)
    GpioOutputToggle                         0x080018a3   Thumb Code    36  gpio.o(i.GpioOutputToggle)
    HRTIM_ADCTriggerConfig                   0x080018c7   Thumb Code    94  stm32f30x_hrtim.o(i.HRTIM_ADCTriggerConfig)
    HRTIM_DLLCalibrationStart                0x08001925   Thumb Code    36  stm32f30x_hrtim.o(i.HRTIM_DLLCalibrationStart)
    HRTIM_EventConfig                        0x08001949   Thumb Code     4  stm32f30x_hrtim.o(i.HRTIM_EventConfig)
    HRTIM_GetCommonFlagStatus                0x08001b1f   Thumb Code    16  stm32f30x_hrtim.o(i.HRTIM_GetCommonFlagStatus)
    HRTIM_WaveformCounterStart               0x08001c0f   Thumb Code     8  stm32f30x_hrtim.o(i.HRTIM_WaveformCounterStart)
    HRTIM_WaveformOutputConfig               0x08001c17   Thumb Code     4  stm32f30x_hrtim.o(i.HRTIM_WaveformOutputConfig)
    HRTIM_WaveformOutputStart                0x08001c1b   Thumb Code     6  stm32f30x_hrtim.o(i.HRTIM_WaveformOutputStart)
    HRTIM_WaveformOutputStop                 0x08001c21   Thumb Code     6  stm32f30x_hrtim.o(i.HRTIM_WaveformOutputStop)
    HRTIM_WaveformTimerConfig                0x08001c27   Thumb Code   110  stm32f30x_hrtim.o(i.HRTIM_WaveformTimerConfig)
    HRTIM_Waveform_Init                      0x08001c95   Thumb Code   290  stm32f30x_hrtim.o(i.HRTIM_Waveform_Init)
    HRTimInit                                0x08001db9   Thumb Code   672  hrtimer.o(i.HRTimInit)
    IWDG_Enable                              0x08002091   Thumb Code    10  stm32f30x_iwdg.o(i.IWDG_Enable)
    IWDG_ReloadCounter                       0x080020a1   Thumb Code    10  stm32f30x_iwdg.o(i.IWDG_ReloadCounter)
    IWDG_SetPrescaler                        0x080020b1   Thumb Code     6  stm32f30x_iwdg.o(i.IWDG_SetPrescaler)
    IWDG_SetReload                           0x080020bd   Thumb Code     6  stm32f30x_iwdg.o(i.IWDG_SetReload)
    IWDG_WriteAccessCmd                      0x080020c9   Thumb Code     6  stm32f30x_iwdg.o(i.IWDG_WriteAccessCmd)
    InvProtectClear                          0x080020d5   Thumb Code    10  protect.o(i.InvProtectClear)
    InverterPwmOff                           0x080020e5   Thumb Code    56  inverter.o(i.InverterPwmOff)
    InverterPwmOn                            0x08002121   Thumb Code    56  inverter.o(i.InverterPwmOn)
    IwdgInit                                 0x0800215d   Thumb Code    36  iwdg.o(i.IwdgInit)
    LedBlink                                 0x08002181   Thumb Code    10  idle.o(i.LedBlink)
    NVIC_Init                                0x08002191   Thumb Code   112  stm32f30x_misc.o(i.NVIC_Init)
    NVIC_PriorityGroupConfig                 0x08002205   Thumb Code    14  stm32f30x_misc.o(i.NVIC_PriorityGroupConfig)
    NvicIrqSet                               0x08002219   Thumb Code    48  nvic.o(i.NvicIrqSet)
    PllLoopParamInit                         0x08002249   Thumb Code    20  pll.o(i.PllLoopParamInit)
    ProtectInit                              0x08002265   Thumb Code   502  protect.o(i.ProtectInit)
    ProtectPoll                              0x080024ad   Thumb Code   756  protect.o(i.ProtectPoll)
    RCC_ADCCLKConfig                         0x080027dd   Thumb Code    26  stm32f30x_rcc.o(i.RCC_ADCCLKConfig)
    RCC_AHBPeriphClockCmd                    0x080027fd   Thumb Code    18  stm32f30x_rcc.o(i.RCC_AHBPeriphClockCmd)
    RCC_AHBPeriphResetCmd                    0x08002815   Thumb Code    18  stm32f30x_rcc.o(i.RCC_AHBPeriphResetCmd)
    RCC_APB1PeriphClockCmd                   0x0800282d   Thumb Code    18  stm32f30x_rcc.o(i.RCC_APB1PeriphClockCmd)
    RCC_APB1PeriphResetCmd                   0x08002845   Thumb Code    18  stm32f30x_rcc.o(i.RCC_APB1PeriphResetCmd)
    RCC_APB2PeriphClockCmd                   0x0800285d   Thumb Code    18  stm32f30x_rcc.o(i.RCC_APB2PeriphClockCmd)
    RCC_APB2PeriphResetCmd                   0x08002875   Thumb Code    18  stm32f30x_rcc.o(i.RCC_APB2PeriphResetCmd)
    RCC_GetClocksFreq                        0x0800288d   Thumb Code   724  stm32f30x_rcc.o(i.RCC_GetClocksFreq)
    RCC_HRTIM1CLKConfig                      0x08002b75   Thumb Code    18  stm32f30x_rcc.o(i.RCC_HRTIM1CLKConfig)
    RampInit                                 0x08002b8d   Thumb Code    18  ramp.o(i.RampInit)
    RampIsFinish                             0x08002b9f   Thumb Code     4  ramp.o(i.RampIsFinish)
    RampMove                                 0x08002ba3   Thumb Code   104  ramp.o(i.RampMove)
    RampSetReal                              0x08002c0b   Thumb Code    10  ramp.o(i.RampSetReal)
    RampSetStep                              0x08002c15   Thumb Code     6  ramp.o(i.RampSetStep)
    RampSetTarget                            0x08002c1b   Thumb Code    10  ramp.o(i.RampSetTarget)
    ReceiveDataFromPC                        0x08002c25   Thumb Code    52  idle.o(i.ReceiveDataFromPC)
    RectifierFsmActionFault                  0x08002c65   Thumb Code    46  fsm.o(i.RectifierFsmActionFault)
    RectifierFsmActionInit                   0x08002ca1   Thumb Code    76  fsm.o(i.RectifierFsmActionInit)
    RectifierFsmActionRamp                   0x08002d05   Thumb Code    54  fsm.o(i.RectifierFsmActionRamp)
    RectifierFsmActionRun                    0x08002d49   Thumb Code   112  fsm.o(i.RectifierFsmActionRun)
    RectifierFsmActionStart                  0x08002dc9   Thumb Code    92  fsm.o(i.RectifierFsmActionStart)
    RectifierFsmEnterFault                   0x08002e39   Thumb Code    42  fsm.o(i.RectifierFsmEnterFault)
    RectifierFsmExitFault                    0x08002e75   Thumb Code    30  fsm.o(i.RectifierFsmExitFault)
    RectifierFsmInit                         0x08002e9d   Thumb Code    42  fsm.o(i.RectifierFsmInit)
    RectifierFsmPoll                         0x08002ed5   Thumb Code   272  fsm.o(i.RectifierFsmPoll)
    RectifierLoopParamInit                   0x08002ff5   Thumb Code    32  inverter.o(i.RectifierLoopParamInit)
    SYSCFG_DMAChannelRemapConfig             0x0800301d   Thumb Code    40  stm32f30x_syscfg.o(i.SYSCFG_DMAChannelRemapConfig)
    SendDataToPc                             0x08003049   Thumb Code   248  idle.o(i.SendDataToPc)
    SysTimInit                               0x08003159   Thumb Code   128  sys_timer.o(i.SysTimInit)
    SystemInit                               0x080031e5   Thumb Code   222  system_stm32f30x.o(i.SystemInit)
    TIM_ClearITPendingBit                    0x080032dd   Thumb Code     8  stm32f30x_tim.o(i.TIM_ClearITPendingBit)
    TIM_Cmd                                  0x080032e5   Thumb Code    18  stm32f30x_tim.o(i.TIM_Cmd)
    TIM_CtrlPWMOutputs                       0x080032f7   Thumb Code    18  stm32f30x_tim.o(i.TIM_CtrlPWMOutputs)
    TIM_ITConfig                             0x08003309   Thumb Code    18  stm32f30x_tim.o(i.TIM_ITConfig)
    TIM_OC3Init                              0x0800331b   Thumb Code   116  stm32f30x_tim.o(i.TIM_OC3Init)
    TIM_TimeBaseInit                         0x08003391   Thumb Code   136  stm32f30x_tim.o(i.TIM_TimeBaseInit)
    Tim2Init                                 0x08003421   Thumb Code   118  timer.o(i.Tim2Init)
    USART_Cmd                                0x0800349d   Thumb Code    18  stm32f30x_usart.o(i.USART_Cmd)
    USART_DMACmd                             0x080034af   Thumb Code    16  stm32f30x_usart.o(i.USART_DMACmd)
    USART_DeInit                             0x080034bf   Thumb Code   148  stm32f30x_usart.o(i.USART_DeInit)
    USART_Init                               0x08003553   Thumb Code   202  stm32f30x_usart.o(i.USART_Init)
    UartInit                                 0x0800361d   Thumb Code   184  uart.o(i.UartInit)
    __scatterload_copy                       0x080036f1   Thumb Code    14  handlers.o(i.__scatterload_copy)
    __scatterload_null                       0x080036ff   Thumb Code     2  handlers.o(i.__scatterload_null)
    __scatterload_zeroinit                   0x08003701   Thumb Code    14  handlers.o(i.__scatterload_zeroinit)
    main                                     0x08003711   Thumb Code    96  main.o(i.main)
    Region$$Table$$Base                      0x08003b88   Number         0  anon$$obj.o(Region$$Table)
    Region$$Table$$Limit                     0x08003bb8   Number         0  anon$$obj.o(Region$$Table)
    Long Thumb to Thumb Veneer to GPIO_ResetBits 0x10000001   Thumb Code    10  anon$$obj.o(Veneer$$Code)
    Long Thumb to Thumb Veneer to GPIO_SetBits 0x1000000b   Thumb Code    10  anon$$obj.o(Veneer$$Code)
    Long Thumb to Thumb Veneer to TIM_ClearITPendingBit 0x10000015   Thumb Code    10  anon$$obj.o(Veneer$$Code)
    Long Thumb to Thumb Veneer to ProtectPoll 0x1000001f   Thumb Code    10  anon$$obj.o(Veneer$$Code)
    Long Thumb to Thumb Veneer to BuckFsmPoll 0x10000029   Thumb Code    10  anon$$obj.o(Veneer$$Code)
    Long Thumb to Thumb Veneer to RectifierFsmPoll 0x10000033   Thumb Code    10  anon$$obj.o(Veneer$$Code)
    Long Thumb to Thumb Veneer to DMA_ClearITPendingBit 0x1000003d   Thumb Code    10  anon$$obj.o(Veneer$$Code)
    FolpFilterInit                           0x10000049   Thumb Code    26  filter.o(ccmram)
    FolpFilterHandler                        0x10000063   Thumb Code    26  filter.o(ccmram)
    Sin                                      0x10000081   Thumb Code   130  math.o(ccmram)
    Cos                                      0x10000103   Thumb Code    10  math.o(ccmram)
    Tan                                      0x1000010d   Thumb Code    36  math.o(ccmram)
    Cot                                      0x10000131   Thumb Code    56  math.o(ccmram)
    AbcToAlphaBeta                           0x10000169   Thumb Code    70  math.o(ccmram)
    AlphaBetaToAbc                           0x100001af   Thumb Code    70  math.o(ccmram)
    DqToAlphaBeta                            0x100001f5   Thumb Code    90  math.o(ccmram)
    AlphaBetaToDq                            0x1000024f   Thumb Code    90  math.o(ccmram)
    AbcToDq                                  0x100002a9   Thumb Code   222  math.o(ccmram)
    DqToAbc                                  0x10000387   Thumb Code   214  math.o(ccmram)
    OrdinaryPI                               0x1000047d   Thumb Code    84  pid.o(ccmram)
    BuckLoopClear                            0x100004d1   Thumb Code    32  buck.o(ccmram)
    BuckVoltLoop                             0x100004f1   Thumb Code    44  buck.o(ccmram)
    BuckCurrLoop                             0x1000051d   Thumb Code   304  buck.o(ccmram)
    OutputOfBuckPwm                          0x1000064d   Thumb Code    90  buck.o(ccmram)
    BuckControlLoop                          0x100006a7   Thumb Code   152  buck.o(ccmram)
    RectifierLoopClear                       0x10000795   Thumb Code    44  inverter.o(ccmram)
    ThirdHarmonCalca                         0x100007c1   Thumb Code    98  inverter.o(ccmram)
    RectifierDcVoltLoop                      0x10000823   Thumb Code    40  inverter.o(ccmram)
    RectifierAcCurrLoop                      0x1000084b   Thumb Code   460  inverter.o(ccmram)
    OutputOfInvPwm                           0x10000a17   Thumb Code   176  inverter.o(ccmram)
    RectifierControlLoop                     0x10000ac7   Thumb Code   278  inverter.o(ccmram)
    TIM6_DAC1_IRQHandler                     0x10000bdd   Thumb Code    52  irq.o(ccmram)
    DMA1_Channel1_IRQHandler                 0x10000c11   Thumb Code    20  irq.o(ccmram)
    RectifierPllCalculate                    0x10000c31   Thumb Code   100  pll.o(ccmram)
    BuckSampleCalculate                      0x10000cb1   Thumb Code   118  sample.o(ccmram)
    InverterSampleCalculate                  0x10000d27   Thumb Code   298  sample.o(ccmram)
    g_eosRuningStatus                        0x20000030   Data           1  eos.o(.data)
    g_eosTaskTableLen                        0x20000032   Data           2  eos.o(.data)
    g_eosLastTime                            0x20000034   Data           4  eos.o(.data)
    g_eosIdleTask                            0x20000038   Data           4  eos.o(.data)
    g_eosHandleTaskTable                     0x2000003c   Data           4  eos.o(.data)
    g_systemTimeBaseMs                       0x20000040   Data           4  sys_timer.o(.data)
    g_buckVoltRef                            0x20000044   Data           4  fsm.o(.data)
    g_rectifierVoltRef                       0x20000048   Data           4  fsm.o(.data)
    buckFsmTable                             0x2000004c   Data          40  fsm.o(.data)
    InvFsmTable                              0x20000074   Data          40  fsm.o(.data)
    EosHandleTaskTable                       0x200000a0   Data          48  main.o(.data)
    g_ProtectEnParam                         0x200000d0   Data           4  protect.o(.data)
    g_adc1Result                             0x200000d4   Data          16  adc.o(.bss)
    g_adc2Result                             0x200000e4   Data          16  adc.o(.bss)
    g_cmdFromPC                              0x200000f4   Data          20  uart.o(.bss)
    g_cmdFromPCTemp                          0x20000108   Data          20  uart.o(.bss)
    g_sendToPC                               0x2000011c   Data          40  uart.o(.bss)
    g_buckLoop                               0x20000144   Data         224  buck.o(.bss)
    g_buckFsm                                0x20000224   Data          24  fsm.o(.bss)
    g_rectifierFsm                           0x2000023c   Data          24  fsm.o(.bss)
    g_inverterLoop                           0x20000254   Data         544  inverter.o(.bss)
    g_vacReal                                0x20000474   Data          36  inverter.o(.bss)
    g_iacReal                                0x20000498   Data          36  inverter.o(.bss)
    g_pllCalcuParam                          0x200004bc   Data         100  pll.o(.bss)
    g_invVacA                                0x20000520   Data          28  sample.o(.bss)
    g_invVacB                                0x2000053c   Data          28  sample.o(.bss)
    g_invVacC                                0x20000558   Data          28  sample.o(.bss)
    g_invIacA                                0x20000574   Data          28  sample.o(.bss)
    g_invIacB                                0x20000590   Data          28  sample.o(.bss)
    g_invIacC                                0x200005ac   Data          28  sample.o(.bss)
    g_invVdc                                 0x200005c8   Data          28  sample.o(.bss)
    g_invIdc                                 0x200005e4   Data          28  sample.o(.bss)
    g_buckVin                                0x20000600   Data          28  sample.o(.bss)
    g_buckVo                                 0x2000061c   Data          28  sample.o(.bss)
    g_buckIo                                 0x20000638   Data          28  sample.o(.bss)
    __initial_sp                             0x20000a58   Data           0  startup_stm32f334x8.o(STACK)



==============================================================================

Memory Map of the image

  Image Entry point : 0x08000189

  Load Region LR_IROM1 (Base: 0x08000000, Size: 0x00004b10, Max: 0x00010000, ABSOLUTE)

    Execution Region ER_IROM1 (Base: 0x08000000, Size: 0x00003bb8, Max: 0x00010000, ABSOLUTE)

    Base Addr    Size         Type   Attr      Idx    E Section Name        Object

    0x08000000   0x00000188   Data   RO            3    RESET               startup_stm32f334x8.o
    0x08000188   0x00000000   Code   RO         5425  * .ARM.Collect$$$$00000000  mc_w.l(entry.o)
    0x08000188   0x00000004   Code   RO         5428    .ARM.Collect$$$$00000001  mc_w.l(entry2.o)
    0x0800018c   0x00000004   Code   RO         5431    .ARM.Collect$$$$00000004  mc_w.l(entry5.o)
    0x08000190   0x00000000   Code   RO         5433    .ARM.Collect$$$$00000008  mc_w.l(entry7b.o)
    0x08000190   0x00000000   Code   RO         5435    .ARM.Collect$$$$0000000A  mc_w.l(entry8b.o)
    0x08000190   0x00000008   Code   RO         5436    .ARM.Collect$$$$0000000B  mc_w.l(entry9a.o)
    0x08000198   0x00000000   Code   RO         5438    .ARM.Collect$$$$0000000D  mc_w.l(entry10a.o)
    0x08000198   0x00000000   Code   RO         5440    .ARM.Collect$$$$0000000F  mc_w.l(entry11a.o)
    0x08000198   0x00000004   Code   RO         5429    .ARM.Collect$$$$00002712  mc_w.l(entry2.o)
    0x0800019c   0x00000024   Code   RO            4    .text               startup_stm32f334x8.o
    0x080001c0   0x00000024   Code   RO         5442    .text               mc_w.l(init.o)
    0x080001e4   0x0000000a   Ven    RO         5452    Veneer$$Code        anon$$obj.o
    0x080001ee   0x0000000a   Ven    RO         5453    Veneer$$Code        anon$$obj.o
    0x080001f8   0x00000012   Code   RO           28    i.ADC_Cmd           stm32f30x_adc.o
    0x0800020a   0x00000002   PAD
    0x0800020c   0x00000054   Code   RO           29    i.ADC_CommonInit    stm32f30x_adc.o
    0x08000260   0x00000012   Code   RO           31    i.ADC_DMACmd        stm32f30x_adc.o
    0x08000272   0x00000010   Code   RO           32    i.ADC_DMAConfig     stm32f30x_adc.o
    0x08000282   0x00000052   Code   RO           33    i.ADC_DeInit        stm32f30x_adc.o
    0x080002d4   0x00000010   Code   RO           38    i.ADC_GetCalibrationStatus  stm32f30x_adc.o
    0x080002e4   0x0000000e   Code   RO           44    i.ADC_GetFlagStatus  stm32f30x_adc.o
    0x080002f2   0x00000002   PAD
    0x080002f4   0x00000050   Code   RO           50    i.ADC_Init          stm32f30x_adc.o
    0x08000344   0x000000da   Code   RO           55    i.ADC_RegularChannelConfig  stm32f30x_adc.o
    0x0800041e   0x00000010   Code   RO           57    i.ADC_SelectCalibrationMode  stm32f30x_adc.o
    0x0800042e   0x0000000a   Code   RO           65    i.ADC_StartCalibration  stm32f30x_adc.o
    0x08000438   0x0000000a   Code   RO           66    i.ADC_StartConversion  stm32f30x_adc.o
    0x08000442   0x00000016   Code   RO           70    i.ADC_StructInit    stm32f30x_adc.o
    0x08000458   0x0000001a   Code   RO           73    i.ADC_VoltageRegulatorCmd  stm32f30x_adc.o
    0x08000472   0x00000002   PAD
    0x08000474   0x000002f4   Code   RO         4682    i.AdcInit           adc.o
    0x08000768   0x0000005e   Code   RO         4298    i.BaseOverCompareCheck  compare.o
    0x080007c6   0x00000010   Code   RO         4299    i.BaseOverCompareInit  compare.o
    0x080007d6   0x00000002   PAD
    0x080007d8   0x0000003c   Code   RO         4990    i.BuckFsmActionFault  fsm.o
    0x08000814   0x00000060   Code   RO         4991    i.BuckFsmActionInit  fsm.o
    0x08000874   0x00000044   Code   RO         4992    i.BuckFsmActionRamp  fsm.o
    0x080008b8   0x00000080   Code   RO         4993    i.BuckFsmActionRun  fsm.o
    0x08000938   0x00000070   Code   RO         4994    i.BuckFsmActionStart  fsm.o
    0x080009a8   0x0000003c   Code   RO         4995    i.BuckFsmEnterFault  fsm.o
    0x080009e4   0x00000028   Code   RO         4996    i.BuckFsmExitFault  fsm.o
    0x08000a0c   0x00000034   Code   RO         4997    i.BuckFsmInit       fsm.o
    0x08000a40   0x000000c0   Code   RO         4998    i.BuckFsmPoll       fsm.o
    0x08000b00   0x00000020   Code   RO         4939    i.BuckLoopParamInit  buck.o
    0x08000b20   0x00000010   Code   RO         5351    i.BuckProtectClear  protect.o
    0x08000b30   0x0000002c   Code   RO         4940    i.BuckPwmOff        buck.o
    0x08000b5c   0x0000002c   Code   RO         4941    i.BuckPwmOn         buck.o
    0x08000b88   0x0000001a   Code   RO          658    i.COMP_Cmd          stm32f30x_comp.o
    0x08000ba2   0x00000042   Code   RO          661    i.COMP_Init         stm32f30x_comp.o
    0x08000be4   0x00000092   Code   RO         4300    i.CntCompareCheck   compare.o
    0x08000c76   0x00000016   Code   RO         4301    i.CntCompareInit    compare.o
    0x08000c8c   0x0000004e   Code   RO         4708    i.CompInit          comp.o
    0x08000cda   0x00000016   Code   RO          820    i.DAC_Cmd           stm32f30x_dac.o
    0x08000cf0   0x0000003a   Code   RO          822    i.DAC_DeInit        stm32f30x_dac.o
    0x08000d2a   0x0000002e   Code   RO          828    i.DAC_Init          stm32f30x_dac.o
    0x08000d58   0x0000000e   Code   RO          829    i.DAC_SetChannel1Data  stm32f30x_dac.o
    0x08000d66   0x0000000e   Code   RO          830    i.DAC_SetChannel2Data  stm32f30x_dac.o
    0x08000d74   0x00000018   Code   RO          978    i.DMA_ClearFlag     stm32f30x_dma.o
    0x08000d8c   0x00000018   Code   RO          979    i.DMA_ClearITPendingBit  stm32f30x_dma.o
    0x08000da4   0x00000014   Code   RO          980    i.DMA_Cmd           stm32f30x_dma.o
    0x08000db8   0x00000104   Code   RO          981    i.DMA_DeInit        stm32f30x_dma.o
    0x08000ebc   0x00000006   Code   RO          982    i.DMA_GetCurrDataCounter  stm32f30x_dma.o
    0x08000ec2   0x00000002   PAD
    0x08000ec4   0x00000020   Code   RO          983    i.DMA_GetFlagStatus  stm32f30x_dma.o
    0x08000ee4   0x00000010   Code   RO          985    i.DMA_ITConfig      stm32f30x_dma.o
    0x08000ef4   0x00000052   Code   RO          986    i.DMA_Init          stm32f30x_dma.o
    0x08000f46   0x00000004   Code   RO          987    i.DMA_SetCurrDataCounter  stm32f30x_dma.o
    0x08000f4a   0x00000002   PAD
    0x08000f4c   0x00000068   Code   RO         4731    i.DacInit           dac.o
    0x08000fb4   0x00000028   Code   RO         4612    i.DelayMs           sys_timer.o
    0x08000fdc   0x00000004   Code   RO         4521    i.EosIdleTask       eos.o
    0x08000fe0   0x000000d0   Code   RO         4522    i.EosInit           eos.o
    0x080010b0   0x00000084   Code   RO         4523    i.EosRuning         eos.o
    0x08001134   0x0000007a   Code   RO         1308    i.GPIO_Init         stm32f30x_gpio.o
    0x080011ae   0x00000022   Code   RO         1309    i.GPIO_PinAFConfig  stm32f30x_gpio.o
    0x080011d0   0x0000000e   Code   RO         1314    i.GPIO_ReadOutputDataBit  stm32f30x_gpio.o
    0x080011de   0x00000004   Code   RO         1315    i.GPIO_ResetBits    stm32f30x_gpio.o
    0x080011e2   0x00000004   Code   RO         1316    i.GPIO_SetBits      stm32f30x_gpio.o
    0x080011e6   0x00000002   PAD
    0x080011e8   0x000006ba   Code   RO         4777    i.GpioInit          gpio.o
    0x080018a2   0x00000024   Code   RO         4779    i.GpioOutputToggle  gpio.o
    0x080018c6   0x0000005e   Code   RO         1399    i.HRTIM_ADCTriggerConfig  stm32f30x_hrtim.o
    0x08001924   0x00000024   Code   RO         1408    i.HRTIM_DLLCalibrationStart  stm32f30x_hrtim.o
    0x08001948   0x00000004   Code   RO         1412    i.HRTIM_EventConfig  stm32f30x_hrtim.o
    0x0800194c   0x000001d2   Code   RO         1414    i.HRTIM_ExternalEventConfig  stm32f30x_hrtim.o
    0x08001b1e   0x00000010   Code   RO         1420    i.HRTIM_GetCommonFlagStatus  stm32f30x_hrtim.o
    0x08001b2e   0x0000009e   Code   RO         1430    i.HRTIM_OutputConfig  stm32f30x_hrtim.o
    0x08001bcc   0x00000042   Code   RO         1456    i.HRTIM_TimingUnitBase_Config  stm32f30x_hrtim.o
    0x08001c0e   0x00000008   Code   RO         1459    i.HRTIM_WaveformCounterStart  stm32f30x_hrtim.o
    0x08001c16   0x00000004   Code   RO         1463    i.HRTIM_WaveformOutputConfig  stm32f30x_hrtim.o
    0x08001c1a   0x00000006   Code   RO         1464    i.HRTIM_WaveformOutputStart  stm32f30x_hrtim.o
    0x08001c20   0x00000006   Code   RO         1465    i.HRTIM_WaveformOutputStop  stm32f30x_hrtim.o
    0x08001c26   0x0000006e   Code   RO         1467    i.HRTIM_WaveformTimerConfig  stm32f30x_hrtim.o
    0x08001c94   0x00000122   Code   RO         1468    i.HRTIM_Waveform_Init  stm32f30x_hrtim.o
    0x08001db6   0x00000002   PAD
    0x08001db8   0x000002d8   Code   RO         4809    i.HRTimInit         hrtimer.o
    0x08002090   0x00000010   Code   RO         2098    i.IWDG_Enable       stm32f30x_iwdg.o
    0x080020a0   0x00000010   Code   RO         2100    i.IWDG_ReloadCounter  stm32f30x_iwdg.o
    0x080020b0   0x0000000c   Code   RO         2101    i.IWDG_SetPrescaler  stm32f30x_iwdg.o
    0x080020bc   0x0000000c   Code   RO         2102    i.IWDG_SetReload    stm32f30x_iwdg.o
    0x080020c8   0x0000000c   Code   RO         2104    i.IWDG_WriteAccessCmd  stm32f30x_iwdg.o
    0x080020d4   0x00000010   Code   RO         5352    i.InvProtectClear   protect.o
    0x080020e4   0x0000003c   Code   RO         5171    i.InverterPwmOff    inverter.o
    0x08002120   0x0000003c   Code   RO         5172    i.InverterPwmOn     inverter.o
    0x0800215c   0x00000024   Code   RO         4829    i.IwdgInit          iwdg.o
    0x08002180   0x00000010   Code   RO         5120    i.LedBlink          idle.o
    0x08002190   0x00000074   Code   RO         2154    i.NVIC_Init         stm32f30x_misc.o
    0x08002204   0x00000014   Code   RO         2155    i.NVIC_PriorityGroupConfig  stm32f30x_misc.o
    0x08002218   0x00000030   Code   RO         4852    i.NvicIrqSet        nvic.o
    0x08002248   0x0000001c   Code   RO         5315    i.PllLoopParamInit  pll.o
    0x08002264   0x00000248   Code   RO         5353    i.ProtectInit       protect.o
    0x080024ac   0x00000330   Code   RO         5354    i.ProtectPoll       protect.o
    0x080027dc   0x00000020   Code   RO         2376    i.RCC_ADCCLKConfig  stm32f30x_rcc.o
    0x080027fc   0x00000018   Code   RO         2377    i.RCC_AHBPeriphClockCmd  stm32f30x_rcc.o
    0x08002814   0x00000018   Code   RO         2378    i.RCC_AHBPeriphResetCmd  stm32f30x_rcc.o
    0x0800282c   0x00000018   Code   RO         2379    i.RCC_APB1PeriphClockCmd  stm32f30x_rcc.o
    0x08002844   0x00000018   Code   RO         2380    i.RCC_APB1PeriphResetCmd  stm32f30x_rcc.o
    0x0800285c   0x00000018   Code   RO         2381    i.RCC_APB2PeriphClockCmd  stm32f30x_rcc.o
    0x08002874   0x00000018   Code   RO         2382    i.RCC_APB2PeriphResetCmd  stm32f30x_rcc.o
    0x0800288c   0x000002e8   Code   RO         2389    i.RCC_GetClocksFreq  stm32f30x_rcc.o
    0x08002b74   0x00000018   Code   RO         2394    i.RCC_HRTIM1CLKConfig  stm32f30x_rcc.o
    0x08002b8c   0x00000012   Code   RO         4400    i.RampInit          ramp.o
    0x08002b9e   0x00000004   Code   RO         4401    i.RampIsFinish      ramp.o
    0x08002ba2   0x00000068   Code   RO         4402    i.RampMove          ramp.o
    0x08002c0a   0x0000000a   Code   RO         4403    i.RampSetReal       ramp.o
    0x08002c14   0x00000006   Code   RO         4404    i.RampSetStep       ramp.o
    0x08002c1a   0x0000000a   Code   RO         4405    i.RampSetTarget     ramp.o
    0x08002c24   0x00000040   Code   RO         5121    i.ReceiveDataFromPC  idle.o
    0x08002c64   0x0000003c   Code   RO         4999    i.RectifierFsmActionFault  fsm.o
    0x08002ca0   0x00000064   Code   RO         5000    i.RectifierFsmActionInit  fsm.o
    0x08002d04   0x00000044   Code   RO         5001    i.RectifierFsmActionRamp  fsm.o
    0x08002d48   0x00000080   Code   RO         5002    i.RectifierFsmActionRun  fsm.o
    0x08002dc8   0x00000070   Code   RO         5003    i.RectifierFsmActionStart  fsm.o
    0x08002e38   0x0000003c   Code   RO         5004    i.RectifierFsmEnterFault  fsm.o
    0x08002e74   0x00000028   Code   RO         5005    i.RectifierFsmExitFault  fsm.o
    0x08002e9c   0x00000038   Code   RO         5006    i.RectifierFsmInit  fsm.o
    0x08002ed4   0x00000120   Code   RO         5007    i.RectifierFsmPoll  fsm.o
    0x08002ff4   0x00000028   Code   RO         5173    i.RectifierLoopParamInit  inverter.o
    0x0800301c   0x0000002c   Code   RO         3164    i.SYSCFG_DMAChannelRemapConfig  stm32f30x_syscfg.o
    0x08003048   0x00000110   Code   RO         5122    i.SendDataToPc      idle.o
    0x08003158   0x0000008c   Code   RO         4614    i.SysTimInit        sys_timer.o
    0x080031e4   0x000000f8   Code   RO         4651    i.SystemInit        system_stm32f30x.o
    0x080032dc   0x00000008   Code   RO         3270    i.TIM_ClearITPendingBit  stm32f30x_tim.o
    0x080032e4   0x00000012   Code   RO         3277    i.TIM_Cmd           stm32f30x_tim.o
    0x080032f6   0x00000012   Code   RO         3279    i.TIM_CtrlPWMOutputs  stm32f30x_tim.o
    0x08003308   0x00000012   Code   RO         3304    i.TIM_ITConfig      stm32f30x_tim.o
    0x0800331a   0x00000074   Code   RO         3318    i.TIM_OC3Init       stm32f30x_tim.o
    0x0800338e   0x00000002   PAD
    0x08003390   0x00000090   Code   RO         3364    i.TIM_TimeBaseInit  stm32f30x_tim.o
    0x08003420   0x0000007c   Code   RO         4872    i.Tim2Init          timer.o
    0x0800349c   0x00000012   Code   RO         3935    i.USART_Cmd         stm32f30x_usart.o
    0x080034ae   0x00000010   Code   RO         3938    i.USART_DMACmd      stm32f30x_usart.o
    0x080034be   0x00000094   Code   RO         3941    i.USART_DeInit      stm32f30x_usart.o
    0x08003552   0x000000ca   Code   RO         3947    i.USART_Init        stm32f30x_usart.o
    0x0800361c   0x000000d4   Code   RO         4892    i.UartInit          uart.o
    0x080036f0   0x0000000e   Code   RO         5446    i.__scatterload_copy  mc_w.l(handlers.o)
    0x080036fe   0x00000002   Code   RO         5447    i.__scatterload_null  mc_w.l(handlers.o)
    0x08003700   0x0000000e   Code   RO         5448    i.__scatterload_zeroinit  mc_w.l(handlers.o)
    0x0800370e   0x00000002   PAD
    0x08003710   0x00000070   Code   RO         5287    i.main              main.o
    0x08003780   0x00000408   Data   RO         4454    .constdata          math.o
    0x08003b88   0x00000030   Data   RO         5444    Region$$Table       anon$$obj.o


    Execution Region ER (Base: 0x10000000, Size: 0x00000e84, Max: 0x00001000, ABSOLUTE)

    Base Addr    Size         Type   Attr      Idx    E Section Name        Object

    0x10000000   0x0000000a   Ven    RO         5454    Veneer$$Code        anon$$obj.o
    0x1000000a   0x0000000a   Ven    RO         5455    Veneer$$Code        anon$$obj.o
    0x10000014   0x0000000a   Ven    RO         5456    Veneer$$Code        anon$$obj.o
    0x1000001e   0x0000000a   Ven    RO         5457    Veneer$$Code        anon$$obj.o
    0x10000028   0x0000000a   Ven    RO         5458    Veneer$$Code        anon$$obj.o
    0x10000032   0x0000000a   Ven    RO         5459    Veneer$$Code        anon$$obj.o
    0x1000003c   0x0000000a   Ven    RO         5460    Veneer$$Code        anon$$obj.o
    0x10000046   0x00000002   PAD
    0x10000048   0x00000038   Code   RO         4354    ccmram              filter.o
    0x10000080   0x000003fc   Code   RO         4453    ccmram              math.o
    0x1000047c   0x00000054   Code   RO         4479    ccmram              pid.o
    0x100004d0   0x000002c4   Code   RO         4938    ccmram              buck.o
    0x10000794   0x00000448   Code   RO         5161    ccmram              inverter.o
    0x10000bdc   0x00000054   Code   RO         5266    ccmram              irq.o
    0x10000c30   0x00000080   Code   RO         5313    ccmram              pll.o
    0x10000cb0   0x000001d4   Code   RO         5392    ccmram              sample.o


    Execution Region RW_IRAM1 (Base: 0x20000000, Size: 0x00000a58, Max: 0x00004000, ABSOLUTE)

    Base Addr    Size         Type   Attr      Idx    E Section Name        Object

    0x20000000   0x00000030   Data   RW         2416    .data               stm32f30x_rcc.o
    0x20000030   0x00000010   Data   RW         4524    .data               eos.o
    0x20000040   0x00000004   Data   RW         4615    .data               sys_timer.o
    0x20000044   0x00000058   Data   RW         5009    .data               fsm.o
    0x2000009c   0x00000001   Data   RW         5267    .data               irq.o
    0x2000009d   0x00000003   PAD
    0x200000a0   0x00000030   Data   RW         5288    .data               main.o
    0x200000d0   0x00000004   Data   RW         5355    .data               protect.o
    0x200000d4   0x00000020   Zero   RW         4683    .bss                adc.o
    0x200000f4   0x00000014   Zero   RW         4893    .bss                uart.o
    0x20000108   0x0000003c   Zero   RW         4894    .bss                uart.o
    0x20000144   0x000000e0   Zero   RW         4943    .bss                buck.o
    0x20000224   0x00000030   Zero   RW         5008    .bss                fsm.o
    0x20000254   0x00000268   Zero   RW         5176    .bss                inverter.o
    0x200004bc   0x00000064   Zero   RW         5316    .bss                pll.o
    0x20000520   0x00000134   Zero   RW         5394    .bss                sample.o
    0x20000654   0x00000004   PAD
    0x20000658   0x00000400   Zero   RW            1    STACK               startup_stm32f334x8.o


==============================================================================

Image component sizes


      Code (inc. data)   RO Data    RW Data    ZI Data      Debug   Object Name

       756         32          0          0         32       1766   adc.o
       828        102          0          0        224       5182   buck.o
        78          0          0          0          0        615   comp.o
       278          0          0          0          0       4408   compare.o
       104          4          0          0          0        622   dac.o
       344         12          0         16          0       5923   eos.o
        56          4          0          0          0       1619   filter.o
      1720        286          0         88         48      12602   fsm.o
      1758         12          0          0          0       5871   gpio.o
       728         56          0          0          0       1124   hrtimer.o
       352         42          0          0          0       1638   idle.o
      1256        118          0          0        616       6956   inverter.o
        84         12          0          1          0        748   irq.o
        36          0          0          0          0        551   iwdg.o
       112         16          0         48          0       1544   main.o
      1020         32       1032          0          0       4714   math.o
        48          0          0          0          0        657   nvic.o
        84          0          0          0          0       1837   pid.o
       156         36          0          0        100       1997   pll.o
      1432        154          0          4          0       2756   protect.o
       152          0          0          0          0       4053   ramp.o
       468         52          0          0        308       3170   sample.o
        36          8        392          0       1024        872   startup_stm32f334x8.o
       630         20          0          0          0     422494   stm32f30x_adc.o
        92          0          0          0          0       1735   stm32f30x_comp.o
       154          0          0          0          0       4038   stm32f30x_dac.o
       468         78          0          0          0       7479   stm32f30x_dma.o
       178          0          0          0          0       3720   stm32f30x_gpio.o
      1264          6          0          0          0      11408   stm32f30x_hrtim.o
        68         30          0          0          0       2902   stm32f30x_iwdg.o
       136         10          0          0          0       1831   stm32f30x_misc.o
       944         68          0         48          0       8749   stm32f30x_rcc.o
        44          4          0          0          0        683   stm32f30x_syscfg.o
       322          8          0          0          0       5750   stm32f30x_tim.o
       384          0          0          0          0       3719   stm32f30x_usart.o
       180         16          0          4          0       1942   sys_timer.o
       248         26          0          0          0       1253   system_stm32f30x.o
       124          6          0          0          0        691   timer.o
       212         28          0          0         80       3200   uart.o

    ----------------------------------------------------------------------
     17444       1278       1472        212       2436     552819   Object Totals
        90          0         48          0          0          0   (incl. Generated)
        20          0          0          3          4          0   (incl. Padding)

    ----------------------------------------------------------------------

      Code (inc. data)   RO Data    RW Data    ZI Data      Debug   Library Member Name

         0          0          0          0          0          0   entry.o
         0          0          0          0          0          0   entry10a.o
         0          0          0          0          0          0   entry11a.o
         8          4          0          0          0          0   entry2.o
         4          0          0          0          0          0   entry5.o
         0          0          0          0          0          0   entry7b.o
         0          0          0          0          0          0   entry8b.o
         8          4          0          0          0          0   entry9a.o
        30          0          0          0          0          0   handlers.o
        36          8          0          0          0         68   init.o

    ----------------------------------------------------------------------
        88         16          0          0          0         68   Library Totals
         2          0          0          0          0          0   (incl. Padding)

    ----------------------------------------------------------------------

      Code (inc. data)   RO Data    RW Data    ZI Data      Debug   Library Name

        86         16          0          0          0         68   mc_w.l

    ----------------------------------------------------------------------
        88         16          0          0          0         68   Library Totals

    ----------------------------------------------------------------------

==============================================================================


      Code (inc. data)   RO Data    RW Data    ZI Data      Debug   

     17532       1294       1472        212       2436     539591   Grand Totals
     17532       1294       1472        212       2436     539591   ELF Image Totals
     17532       1294       1472        212          0          0   ROM Totals

==============================================================================

    Total RO  Size (Code + RO Data)                19004 (  18.56kB)
    Total RW  Size (RW Data + ZI Data)              2648 (   2.59kB)
    Total ROM Size (Code + RO Data + RW Data)      19216 (  18.77kB)

==============================================================================

